Component: ARM Compiler 5.06 update 5 (build 528) Tool: armlink [4d35e2]

==============================================================================

Section Cross References

    bloque.o(.text) refers (Special) to use_no_semi.o(.text) for __use_no_semihosting_swi
    bloque.o(.text) refers to glcd.o(.text) for glcd_punto
    bloque.o(.text) refers to bloque.o(.constdata) for definicion_bloque
    bloque.o(.constdata) refers (Special) to use_no_semi.o(.text) for __use_no_semihosting_swi
    cuveta.o(.text) refers (Special) to use_no_semi.o(.text) for __use_no_semihosting_swi
    cuveta.o(.text) refers to error.o(.text) for parar_con_error
    cuveta.o(.text) refers to pieza.o(.text) for pieza_pintar
    cuveta.o(.text) refers to bloque.o(.text) for bloque_pintar
    cuveta.o(.text) refers to cuveta.o(.constdata) for __FUNCTION__
    cuveta.o(.constdata) refers (Special) to use_no_semi.o(.text) for __use_no_semihosting_swi
    glcd.o(.rev16_text) refers (Special) to use_no_semi.o(.text) for __use_no_semihosting_swi
    glcd.o(.revsh_text) refers (Special) to use_no_semi.o(.text) for __use_no_semihosting_swi
    glcd.o(.rrx_text) refers (Special) to use_no_semi.o(.text) for __use_no_semihosting_swi
    glcd.o(.text) refers (Special) to use_no_semi.o(.text) for __use_no_semihosting_swi
    glcd.o(.text) refers to sdram.o(.text) for sdram_inicializar
    glcd.o(.text) refers to system_lpc407x_8x_177x_8x.o(.data) for PeripheralClock
    glcd.o(.text) refers to c89vprintf.o(.text) for __c89vprintf
    glcd.o(.text) refers to error.o(.text) for parar_con_error
    glcd.o(.text) refers to rt_memmove_v6.o(.text) for __aeabi_memmove
    glcd.o(.text) refers to glcd.o(.constdata) for __FUNCTION__
    glcd.o(.text) refers to glcd.o(.data) for tabla_fonts
    glcd.o(.constdata) refers (Special) to use_no_semi.o(.text) for __use_no_semihosting_swi
    glcd.o(.data) refers (Special) to use_no_semi.o(.text) for __use_no_semihosting_swi
    glcd.o(.data) refers to font_8x16.o(.constdata) for font_8x16
    glcd.o(.data) refers to font_12x24.o(.constdata) for font_12x24
    glcd.o(.data) refers to font_16x32.o(.constdata) for font_16x32
    juego.o(.text) refers (Special) to use_no_semi.o(.text) for __use_no_semihosting_swi
    juego.o(.text) refers to glcd.o(.text) for glcd_borrar
    juego.o(.text) refers to rand.o(.text) for srand
    juego.o(.text) refers to cuveta.o(.text) for cuveta_inicializar
    juego.o(.text) refers to marcador.o(.text) for marcador_pintar
    juego.o(.text) refers to rand.o(.emb_text) for rand
    juego.o(.text) refers to pieza.o(.text) for pieza_inicializar
    juego.o(.text) refers to rt_memcpy_w.o(.text) for __aeabi_memcpy4
    juego.o(.text) refers to timer1.o(.text) for leer_pulsacion
    juego.o(.text) refers to timer0.o(.data) for contador_ms
    juego.o(.text) refers to juego.o(.bss) for cuveta
    juego.o(.text) refers to juego.o(.data) for x_pieza_actual
    juego.o(.bss) refers (Special) to use_no_semi.o(.text) for __use_no_semihosting_swi
    juego.o(.data) refers (Special) to use_no_semi.o(.text) for __use_no_semihosting_swi
    main.o(.rev16_text) refers (Special) to use_no_semi.o(.text) for __use_no_semihosting_swi
    main.o(.revsh_text) refers (Special) to use_no_semi.o(.text) for __use_no_semihosting_swi
    main.o(.rrx_text) refers (Special) to use_no_semi.o(.text) for __use_no_semihosting_swi
    main.o(.text) refers (Special) to use_no_semi.o(.text) for __use_no_semihosting_swi
    main.o(.text) refers to glcd.o(.text) for glcd_inicializar
    main.o(.text) refers to timer0.o(.text) for timer0_inicializar
    main.o(.text) refers to timer1.o(.text) for timer1_inicializar
    main.o(.text) refers to leds.o(.text) for leds_inicializar
    main.o(.text) refers to menu.o(.text) for menu
    main.o(.text) refers to juego.o(.text) for juego
    main.o(.constdata) refers (Special) to use_no_semi.o(.text) for __use_no_semihosting_swi
    marcador.o(.text) refers (Special) to use_no_semi.o(.text) for __use_no_semihosting_swi
    marcador.o(.text) refers to bloque.o(.text) for bloque_pintar
    marcador.o(.text) refers to glcd.o(.text) for glcd_texto
    marcador.o(.text) refers to pieza.o(.text) for pieza_pintar
    menu.o(.text) refers (Special) to use_no_semi.o(.text) for __use_no_semihosting_swi
    menu.o(.text) refers to bloque.o(.text) for bloque_pintar
    menu.o(.text) refers to glcd.o(.text) for glcd_texto
    menu.o(.text) refers to timer1.o(.text) for leer_pulsacion
    menu.o(.text) refers to menu.o(.data) for rotulo
    menu.o(.data) refers (Special) to use_no_semi.o(.text) for __use_no_semihosting_swi
    pieza.o(.text) refers (Special) to use_no_semi.o(.text) for __use_no_semihosting_swi
    pieza.o(.text) refers to error.o(.text) for parar_con_error
    pieza.o(.text) refers to rt_memcpy_w.o(.text) for __aeabi_memcpy4
    pieza.o(.text) refers to bloque.o(.text) for bloque_pintar
[...]
    RTE\\Device\\LPC4088FET208\\system_LPC407x_8x_177x_8x.c 0x00000000   Number         0  system_lpc407x_8x_177x_8x.o ABSOLUTE
    bloque.c                                 0x00000000   Number         0  bloque.o ABSOLUTE
    cuveta.c                                 0x00000000   Number         0  cuveta.o ABSOLUTE
    dc.s                                     0x00000000   Number         0  dc.o ABSOLUTE
    error.c                                  0x00000000   Number         0  error.o ABSOLUTE
    error.c                                  0x00000000   Number         0  error.o ABSOLUTE
    font_12x24.c                             0x00000000   Number         0  font_12x24.o ABSOLUTE
    font_16x32.c                             0x00000000   Number         0  font_16x32.o ABSOLUTE
    font_8x16.c                              0x00000000   Number         0  font_8x16.o ABSOLUTE
    glcd.c                                   0x00000000   Number         0  glcd.o ABSOLUTE
    glcd.c                                   0x00000000   Number         0  glcd.o ABSOLUTE
    gpio_lpc40xx.c                           0x00000000   Number         0  gpio_lpc40xx.o ABSOLUTE
    gpio_lpc40xx.c                           0x00000000   Number         0  gpio_lpc40xx.o ABSOLUTE
    joystick.c                               0x00000000   Number         0  joystick.o ABSOLUTE
    joystick.c                               0x00000000   Number         0  joystick.o ABSOLUTE
    juego.c                                  0x00000000   Number         0  juego.o ABSOLUTE
    leds.c                                   0x00000000   Number         0  leds.o ABSOLUTE
    leds.c                                   0x00000000   Number         0  leds.o ABSOLUTE
    main.c                                   0x00000000   Number         0  main.o ABSOLUTE
    main.c                                   0x00000000   Number         0  main.o ABSOLUTE
    marcador.c                               0x00000000   Number         0  marcador.o ABSOLUTE
    menu.c                                   0x00000000   Number         0  menu.o ABSOLUTE
    pieza.c                                  0x00000000   Number         0  pieza.o ABSOLUTE
    sdram.c                                  0x00000000   Number         0  sdram.o ABSOLUTE
    sdram.c                                  0x00000000   Number         0  sdram.o ABSOLUTE
    tablero.c                                0x00000000   Number         0  tablero.o ABSOLUTE
    timer0.c                                 0x00000000   Number         0  timer0.o ABSOLUTE
    timer0.c                                 0x00000000   Number         0  timer0.o ABSOLUTE
    timer1.c                                 0x00000000   Number         0  timer1.o ABSOLUTE
    timer1.c                                 0x00000000   Number         0  timer1.o ABSOLUTE
    !!!main                                  0x000000e4   Section        8  __main.o(!!!main)
    !!!scatter                               0x000000ec   Section       52  __scatter.o(!!!scatter)
    !!dczerorl2                              0x00000120   Section       90  __dczerorl2.o(!!dczerorl2)
    !!handler_zi                             0x0000017c   Section       28  __scatter_zi.o(!!handler_zi)
    .ARM.Collect$$_printf_percent$$00000000  0x00000198   Section        0  _printf_percent.o(.ARM.Collect$$_printf_percent$$00000000)
    .ARM.Collect$$_printf_percent$$00000001  0x00000198   Section        6  _printf_n.o(.ARM.Collect$$_printf_percent$$00000001)
    .ARM.Collect$$_printf_percent$$00000002  0x0000019e   Section        6  _printf_p.o(.ARM.Collect$$_printf_percent$$00000002)
    .ARM.Collect$$_printf_percent$$00000003  0x000001a4   Section        6  _printf_f.o(.ARM.Collect$$_printf_percent$$00000003)
    .ARM.Collect$$_printf_percent$$00000004  0x000001aa   Section        6  _printf_e.o(.ARM.Collect$$_printf_percent$$00000004)
    .ARM.Collect$$_printf_percent$$00000005  0x000001b0   Section        6  _printf_g.o(.ARM.Collect$$_printf_percent$$00000005)
    .ARM.Collect$$_printf_percent$$00000006  0x000001b6   Section        6  _printf_a.o(.ARM.Collect$$_printf_percent$$00000006)
    .ARM.Collect$$_printf_percent$$00000007  0x000001bc   Section       10  _printf_ll.o(.ARM.Collect$$_printf_percent$$00000007)
    .ARM.Collect$$_printf_percent$$00000008  0x000001c6   Section        6  _printf_i.o(.ARM.Collect$$_printf_percent$$00000008)
    .ARM.Collect$$_printf_percent$$00000009  0x000001cc   Section        6  _printf_d.o(.ARM.Collect$$_printf_percent$$00000009)
    .ARM.Collect$$_printf_percent$$0000000A  0x000001d2   Section        6  _printf_u.o(.ARM.Collect$$_printf_percent$$0000000A)
    .ARM.Collect$$_printf_percent$$0000000B  0x000001d8   Section        6  _printf_o.o(.ARM.Collect$$_printf_percent$$0000000B)
    .ARM.Collect$$_printf_percent$$0000000C  0x000001de   Section        6  _printf_x.o(.ARM.Collect$$_printf_percent$$0000000C)
    .ARM.Collect$$_printf_percent$$0000000D  0x000001e4   Section        6  _printf_lli.o(.ARM.Collect$$_printf_percent$$0000000D)
    .ARM.Collect$$_printf_percent$$0000000E  0x000001ea   Section        6  _printf_lld.o(.ARM.Collect$$_printf_percent$$0000000E)
    .ARM.Collect$$_printf_percent$$0000000F  0x000001f0   Section        6  _printf_llu.o(.ARM.Collect$$_printf_percent$$0000000F)
    .ARM.Collect$$_printf_percent$$00000010  0x000001f6   Section        6  _printf_llo.o(.ARM.Collect$$_printf_percent$$00000010)
    .ARM.Collect$$_printf_percent$$00000011  0x000001fc   Section        6  _printf_llx.o(.ARM.Collect$$_printf_percent$$00000011)
    .ARM.Collect$$_printf_percent$$00000012  0x00000202   Section       10  _printf_l.o(.ARM.Collect$$_printf_percent$$00000012)
    .ARM.Collect$$_printf_percent$$00000013  0x0000020c   Section        6  _printf_c.o(.ARM.Collect$$_printf_percent$$00000013)
    .ARM.Collect$$_printf_percent$$00000014  0x00000212   Section        6  _printf_s.o(.ARM.Collect$$_printf_percent$$00000014)
    .ARM.Collect$$_printf_percent$$00000015  0x00000218   Section        6  _printf_lc.o(.ARM.Collect$$_printf_percent$$00000015)
    .ARM.Collect$$_printf_percent$$00000016  0x0000021e   Section        6  _printf_ls.o(.ARM.Collect$$_printf_percent$$00000016)
    .ARM.Collect$$_printf_percent$$00000017  0x00000224   Section        4  _printf_percent_end.o(.ARM.Collect$$_printf_percent$$00000017)
    .ARM.Collect$$libinit$$00000000          0x00000228   Section        2  libinit.o(.ARM.Collect$$libinit$$00000000)
    .ARM.Collect$$libinit$$00000001          0x0000022a   Section        4  libinit2.o(.ARM.Collect$$libinit$$00000001)
    .ARM.Collect$$libinit$$00000004          0x0000022e   Section        0  libinit2.o(.ARM.Collect$$libinit$$00000004)
    .ARM.Collect$$libinit$$0000000A          0x0000022e   Section        0  libinit2.o(.ARM.Collect$$libinit$$0000000A)
    .ARM.Collect$$libinit$$0000000C          0x0000022e   Section        0  libinit2.o(.ARM.Collect$$libinit$$0000000C)
    .ARM.Collect$$libinit$$0000000D          0x0000022e   Section        4  libinit2.o(.ARM.Collect$$libinit$$0000000D)
    .ARM.Collect$$libinit$$0000000E          0x00000232   Section        0  libinit2.o(.ARM.Collect$$libinit$$0000000E)
    .ARM.Collect$$libinit$$0000000F          0x00000232   Section        6  libinit2.o(.ARM.Collect$$libinit$$0000000F)
    .ARM.Collect$$libinit$$00000011          0x00000238   Section        0  libinit2.o(.ARM.Collect$$libinit$$00000011)
    .ARM.Collect$$libinit$$00000012          0x00000238   Section       12  libinit2.o(.ARM.Collect$$libinit$$00000012)
    .ARM.Collect$$libinit$$00000013          0x00000244   Section        0  libinit2.o(.ARM.Collect$$libinit$$00000013)
    .ARM.Collect$$libinit$$00000015          0x00000244   Section        0  libinit2.o(.ARM.Collect$$libinit$$00000015)
    .ARM.Collect$$libinit$$00000016          0x00000244   Section       10  libinit2.o(.ARM.Collect$$libinit$$00000016)
    .ARM.Collect$$libinit$$00000017          0x0000024e   Section        0  libinit2.o(.ARM.Collect$$libinit$$00000017)
    .ARM.Collect$$libinit$$00000019          0x0000024e   Section        0  libinit2.o(.ARM.Collect$$libinit$$00000019)
    .ARM.Collect$$libinit$$0000001B          0x0000024e   Section        0  libinit2.o(.ARM.Collect$$libinit$$0000001B)
    .ARM.Collect$$libinit$$0000001D          0x0000024e   Section        0  libinit2.o(.ARM.Collect$$libinit$$0000001D)
    .ARM.Collect$$libinit$$0000001F          0x0000024e   Section        0  libinit2.o(.ARM.Collect$$libinit$$0000001F)
    .ARM.Collect$$libinit$$00000021          0x0000024e   Section        0  libinit2.o(.ARM.Collect$$libinit$$00000021)
    .ARM.Collect$$libinit$$00000023          0x0000024e   Section        0  libinit2.o(.ARM.Collect$$libinit$$00000023)
    .ARM.Collect$$libinit$$00000025          0x0000024e   Section        0  libinit2.o(.ARM.Collect$$libinit$$00000025)
    .ARM.Collect$$libinit$$0000002C          0x0000024e   Section        0  libinit2.o(.ARM.Collect$$libinit$$0000002C)
    .ARM.Collect$$libinit$$0000002E          0x0000024e   Section        0  libinit2.o(.ARM.Collect$$libinit$$0000002E)
    .ARM.Collect$$libinit$$00000030          0x0000024e   Section        0  libinit2.o(.ARM.Collect$$libinit$$00000030)
    .ARM.Collect$$libinit$$00000032          0x0000024e   Section        0  libinit2.o(.ARM.Collect$$libinit$$00000032)
    .ARM.Collect$$libinit$$00000033          0x0000024e   Section        2  libinit2.o(.ARM.Collect$$libinit$$00000033)
    .ARM.Collect$$libshutdown$$00000000      0x00000250   Section        2  libshutdown.o(.ARM.Collect$$libshutdown$$00000000)
    .ARM.Collect$$libshutdown$$00000002      0x00000252   Section        0  libshutdown2.o(.ARM.Collect$$libshutdown$$00000002)
    .ARM.Collect$$libshutdown$$00000004      0x00000252   Section        0  libshutdown2.o(.ARM.Collect$$libshutdown$$00000004)
    .ARM.Collect$$libshutdown$$00000007      0x00000252   Section        0  libshutdown2.o(.ARM.Collect$$libshutdown$$00000007)
    .ARM.Collect$$libshutdown$$0000000A      0x00000252   Section        0  libshutdown2.o(.ARM.Collect$$libshutdown$$0000000A)
    .ARM.Collect$$libshutdown$$0000000C      0x00000252   Section        0  libshutdown2.o(.ARM.Collect$$libshutdown$$0000000C)
    .ARM.Collect$$libshutdown$$0000000F      0x00000252   Section        0  libshutdown2.o(.ARM.Collect$$libshutdown$$0000000F)
    .ARM.Collect$$libshutdown$$00000010      0x00000252   Section        2  libshutdown2.o(.ARM.Collect$$libshutdown$$00000010)
    .ARM.Collect$$rtentry$$00000000          0x00000254   Section        0  __rtentry.o(.ARM.Collect$$rtentry$$00000000)
    .ARM.Collect$$rtentry$$00000002          0x00000254   Section        0  __rtentry2.o(.ARM.Collect$$rtentry$$00000002)
    .ARM.Collect$$rtentry$$00000004          0x00000254   Section        6  __rtentry4.o(.ARM.Collect$$rtentry$$00000004)
    .ARM.Collect$$rtentry$$00000009          0x0000025a   Section        0  __rtentry2.o(.ARM.Collect$$rtentry$$00000009)
    .ARM.Collect$$rtentry$$0000000A          0x0000025a   Section        4  __rtentry2.o(.ARM.Collect$$rtentry$$0000000A)
    .ARM.Collect$$rtentry$$0000000C          0x0000025e   Section        0  __rtentry2.o(.ARM.Collect$$rtentry$$0000000C)
    .ARM.Collect$$rtentry$$0000000D          0x0000025e   Section        8  __rtentry2.o(.ARM.Collect$$rtentry$$0000000D)
    .ARM.Collect$$rtexit$$00000000           0x00000266   Section        2  rtexit.o(.ARM.Collect$$rtexit$$00000000)
    .ARM.Collect$$rtexit$$00000002           0x00000268   Section        0  rtexit2.o(.ARM.Collect$$rtexit$$00000002)
    .ARM.Collect$$rtexit$$00000003           0x00000268   Section        4  rtexit2.o(.ARM.Collect$$rtexit$$00000003)
    .ARM.Collect$$rtexit$$00000004           0x0000026c   Section        6  rtexit2.o(.ARM.Collect$$rtexit$$00000004)
    .emb_text                                0x00000274   Section       52  rand.o(.emb_text)
    .text                                    0x000002a8   Section        0  bloque.o(.text)
    .text                                    0x000002ec   Section        0  leds.o(.text)
    .text                                    0x000002f6   Section        2  use_no_semi.o(.text)
    x$fpl$printf1                            0x000002f8   Section        4  printf1.o(x$fpl$printf1)
    $v0                                      0x000002f8   Number         0  printf1.o(x$fpl$printf1)
    .ARM.__at_0x02FC                         0x000002fc   Section        4  startup_lpc407x_8x_177x_8x.o(.ARM.__at_0x02FC)
    .text                                    0x00000300   Section        0  cuveta.o(.text)
    .text                                    0x00000800   Section        0  glcd.o(.text)
    glcd_timer0_retardo_ms                   0x00000801   Thumb Code    80  glcd.o(.text)
    glcd_i2c0_inicializar                    0x00000851   Thumb Code    56  glcd.o(.text)
    glcd_i2c0_start                          0x00000889   Thumb Code    48  glcd.o(.text)
    glcd_i2c0_stop                           0x000008b9   Thumb Code    26  glcd.o(.text)
    glcd_i2c0_transmitir_byte                0x000008d3   Thumb Code    32  glcd.o(.text)
    glcd_i2c0_transmitir_buffer              0x000008f3   Thumb Code    50  glcd.o(.text)
    .text                                    0x00001420   Section        0  joystick.o(.text)
    .text                                    0x00001470   Section        0  juego.o(.text)
    .text                                    0x00001838   Section        0  main.o(.text)
    .text                                    0x0000185c   Section        0  marcador.o(.text)
    .text                                    0x00001a5c   Section        0  menu.o(.text)
    .text                                    0x00001ae8   Section        0  pieza.o(.text)
    .text                                    0x00001d2c   Section        0  sdram.o(.text)
    pinConfig                                0x00001d2d   Thumb Code  1034  sdram.o(.text)
    sdram_test                               0x00002137   Thumb Code    92  sdram.o(.text)
    find_cmddly                              0x00002193   Thumb Code   124  sdram.o(.text)
    find_fbclkdly                            0x0000220f   Thumb Code   124  sdram.o(.text)
    calibration                              0x0000228b   Thumb Code    68  sdram.o(.text)
    TIM_Waitms                               0x0000231b   Thumb Code    60  sdram.o(.text)
    .text                                    0x00002438   Section        0  timer0.o(.text)
    .text                                    0x00002494   Section        0  timer1.o(.text)
    .text                                    0x00002544   Section        0  error.o(.text)
    .text                                    0x00002610   Section       60  startup_lpc407x_8x_177x_8x.o(.text)
    $v0                                      0x00002610   Number         0  startup_lpc407x_8x_177x_8x.o(.text)
    .text                                    0x0000264c   Section        0  system_lpc407x_8x_177x_8x.o(.text)
    .text                                    0x00002a54   Section        0  c89vprintf.o(.text)
    .text                                    0x00002a60   Section        0  __2snprintf.o(.text)
    .text                                    0x00002a98   Section        0  _printf_str.o(.text)
    .text                                    0x00002aec   Section        0  _printf_dec.o(.text)
    .text                                    0x00002b64   Section        0  __printf_flags_ss_wp.o(.text)
    .text                                    0x00002cec   Section        0  rand.o(.text)
    .text                                    0x00002d28   Section      132  rt_memmove_v6.o(.text)
    .text                                    0x00002dac   Section      100  rt_memcpy_w.o(.text)
    .text                                    0x00002e10   Section        0  heapauxi.o(.text)
    .text                                    0x00002e16   Section        0  _printf_pad.o(.text)
    .text                                    0x00002e64   Section        0  _printf_truncate.o(.text)
    .text                                    0x00002e88   Section        0  _printf_intcommon.o(.text)
    .text                                    0x00002f3a   Section        0  _printf_charcount.o(.text)
    .text                                    0x00002f64   Section        0  _printf_char_common.o(.text)
    _printf_input_char                       0x00002f65   Thumb Code    10  _printf_char_common.o(.text)
    .text                                    0x00002f94   Section        0  _sputc.o(.text)
    .text                                    0x00002f9e   Section        0  _snputc.o(.text)
    .text                                    0x00002fae   Section        0  _printf_char.o(.text)
    .text                                    0x00002fdc   Section        0  _printf_char_file.o(.text)
    .text                                    0x00003000   Section        0  _printf_wctomb.o(.text)
    .text                                    0x000030bc   Section        0  _printf_longlong_dec.o(.text)
    .text                                    0x00003138   Section        0  _printf_oct_int_ll.o(.text)
    _printf_longlong_oct_internal            0x00003139   Thumb Code     0  _printf_oct_int_ll.o(.text)
    .text                                    0x000031a8   Section        0  _printf_hex_int_ll_ptr.o(.text)
    _printf_hex_common                       0x000031a9   Thumb Code     0  _printf_hex_int_ll_ptr.o(.text)
    .text                                    0x0000323c   Section      138  rt_memcpy_v6.o(.text)
    .text                                    0x000032c6   Section      122  rt_memmove_w.o(.text)
    .text                                    0x00003340   Section      138  lludiv10.o(.text)
    .text                                    0x000033ca   Section        0  _printf_fp_dec.o(.text)
    _fp_digits                               0x000033cd   Thumb Code   432  _printf_fp_dec.o(.text)
    .text                                    0x000037e8   Section        0  _printf_wchar.o(.text)
    .text                                    0x00003814   Section        0  _wcrtomb.o(.text)
    .text                                    0x00003854   Section       74  sys_stackheap_outer.o(.text)
    .text                                    0x000038a0   Section       16  rt_ctype_table.o(.text)
    .text                                    0x000038b0   Section        8  rt_locale_intlibspace.o(.text)
    .text                                    0x000038b8   Section        0  _printf_fp_infnan.o(.text)
    .text                                    0x00003938   Section        0  bigflt0.o(.text)
    .text                                    0x00003a1c   Section        0  exit.o(.text)
    .text                                    0x00003a30   Section        8  libspace.o(.text)
    .text                                    0x00003a38   Section      128  strcmpv7m.o(.text)
    CL$$btod_d2e                             0x00003ab8   Section       62  btod.o(CL$$btod_d2e)
    CL$$btod_d2e_denorm_low                  0x00003af6   Section       70  btod.o(CL$$btod_d2e_denorm_low)
    CL$$btod_d2e_norm_op1                    0x00003b3c   Section       96  btod.o(CL$$btod_d2e_norm_op1)
    CL$$btod_div_common                      0x00003b9c   Section      824  btod.o(CL$$btod_div_common)
    CL$$btod_e2e                             0x00003ed4   Section      220  btod.o(CL$$btod_e2e)
    CL$$btod_ediv                            0x00003fb0   Section       42  btod.o(CL$$btod_ediv)
    CL$$btod_emul                            0x00003fda   Section       42  btod.o(CL$$btod_emul)
    CL$$btod_mult_common                     0x00004004   Section      580  btod.o(CL$$btod_mult_common)
    i.__ARM_fpclassify                       0x00004248   Section        0  fpclassify.o(i.__ARM_fpclassify)
    i._is_digit                              0x00004278   Section        0  __printf_wp.o(i._is_digit)
    locale$$code                             0x00004288   Section       44  lc_numeric_c.o(locale$$code)
    locale$$code                             0x000042b4   Section       44  lc_ctype_c.o(locale$$code)
    x$fpl$fpinit                             0x000042e0   Section       10  fpinit.o(x$fpl$fpinit)
    $v0                                      0x000042e0   Number         0  fpinit.o(x$fpl$fpinit)
    .constdata                               0x000042ea   Section      450  bloque.o(.constdata)
    x$fpl$usenofp                            0x000042ea   Section        0  usenofp.o(x$fpl$usenofp)
    definicion_bloque                        0x000042ea   Data         450  bloque.o(.constdata)
    .constdata                               0x000044ac   Section      184  cuveta.o(.constdata)
    __FUNCTION__                             0x000044ac   Data          19  cuveta.o(.constdata)
    __FUNCTION__                             0x000044bf   Data          21  cuveta.o(.constdata)
    __FUNCTION__                             0x000044d4   Data          21  cuveta.o(.constdata)
    __FUNCTION__                             0x000044e9   Data          26  cuveta.o(.constdata)
    __FUNCTION__                             0x00004503   Data          20  cuveta.o(.constdata)
    __FUNCTION__                             0x00004517   Data          20  cuveta.o(.constdata)
    __FUNCTION__                             0x0000452b   Data          19  cuveta.o(.constdata)
    __FUNCTION__                             0x0000453e   Data          24  cuveta.o(.constdata)
    __FUNCTION__                             0x00004556   Data          14  cuveta.o(.constdata)
    .constdata                               0x00004564   Section     3604  font_8x16.o(.constdata)
    .constdata                               0x00005378   Section    10772  font_12x24.o(.constdata)
    .constdata                               0x00007d8c   Section    14356  font_16x32.o(.constdata)
    .constdata                               0x0000b5a0   Section       47  glcd.o(.constdata)
    __FUNCTION__                             0x0000b5a0   Data          22  glcd.o(.constdata)
    __FUNCTION__                             0x0000b5b6   Data          14  glcd.o(.constdata)
    __FUNCTION__                             0x0000b5c4   Data          11  glcd.o(.constdata)
    .constdata                               0x0000b5cf   Section       56  pieza.o(.constdata)
    __FUNCTION__                             0x0000b5cf   Data          18  pieza.o(.constdata)
    __FUNCTION__                             0x0000b5e1   Data          12  pieza.o(.constdata)
    __FUNCTION__                             0x0000b5ed   Data          13  pieza.o(.constdata)
    __FUNCTION__                             0x0000b5fa   Data          13  pieza.o(.constdata)
    .constdata                               0x0000b607   Section       17  __printf_flags_ss_wp.o(.constdata)
    maptable                                 0x0000b607   Data          17  __printf_flags_ss_wp.o(.constdata)
    .constdata                               0x0000b618   Section        8  _printf_wctomb.o(.constdata)
    initial_mbstate                          0x0000b618   Data           8  _printf_wctomb.o(.constdata)
    .constdata                               0x0000b620   Section       40  _printf_hex_int_ll_ptr.o(.constdata)
    uc_hextab                                0x0000b620   Data          20  _printf_hex_int_ll_ptr.o(.constdata)
    lc_hextab                                0x0000b634   Data          20  _printf_hex_int_ll_ptr.o(.constdata)
    .constdata                               0x0000b648   Section      148  bigflt0.o(.constdata)
    tenpwrs_x                                0x0000b648   Data          60  bigflt0.o(.constdata)
    tenpwrs_i                                0x0000b684   Data          64  bigflt0.o(.constdata)
    locale$$data                             0x0000b6fc   Section       28  lc_numeric_c.o(locale$$data)
    __lcnum_c_name                           0x0000b700   Data           2  lc_numeric_c.o(locale$$data)
    __lcnum_c_start                          0x0000b708   Data           0  lc_numeric_c.o(locale$$data)
    __lcnum_c_point                          0x0000b714   Data           0  lc_numeric_c.o(locale$$data)
    __lcnum_c_thousands                      0x0000b716   Data           0  lc_numeric_c.o(locale$$data)
    __lcnum_c_grouping                       0x0000b717   Data           0  lc_numeric_c.o(locale$$data)
    locale$$data                             0x0000b718   Section      272  lc_ctype_c.o(locale$$data)
    __lcnum_c_end                            0x0000b718   Data           0  lc_numeric_c.o(locale$$data)
    __lcctype_c_name                         0x0000b71c   Data           2  lc_ctype_c.o(locale$$data)
    __lcctype_c_start                        0x0000b724   Data           0  lc_ctype_c.o(locale$$data)
    __lcctype_c_end                          0x0000b828   Data           0  lc_ctype_c.o(locale$$data)
    .data                                    0x10000000   Section       44  glcd.o(.data)
    tabla_fonts                              0x10000000   Data          12  glcd.o(.data)
    color_texto_actual                       0x1000000c   Data           2  glcd.o(.data)
    color_fondo_texto_actual                 0x1000000e   Data           2  glcd.o(.data)
    font_actual                              0x10000010   Data           4  glcd.o(.data)
    x_texto_actual                           0x10000014   Data           4  glcd.o(.data)
    y_texto_actual                           0x10000018   Data           4  glcd.o(.data)
    desplazamiento_activado                  0x1000001c   Data           1  glcd.o(.data)
    .data                                    0x1000002c   Section        8  juego.o(.data)
    x_pieza_actual                           0x1000002c   Data           4  juego.o(.data)
    y_pieza_actual                           0x10000030   Data           4  juego.o(.data)
    .data                                    0x10000034   Section      220  menu.o(.data)
    rotulo                                   0x10000034   Data         220  menu.o(.data)
    .data                                    0x10000110   Section      196  pieza.o(.data)
    .data                                    0x100001d4   Section        8  sdram.o(.data)
    ringosccount                             0x100001d4   Data           8  sdram.o(.data)
    .data                                    0x100001dc   Section        4  timer0.o(.data)
    .data                                    0x100001e0   Section        8  timer1.o(.data)
    hay_nueva_pulsacion                      0x100001e0   Data           1  timer1.o(.data)
    nueva_pulsacion                          0x100001e1   Data           1  timer1.o(.data)
    pulsacion_anterior                       0x100001e4   Data           4  timer1.o(.data)
    .data                                    0x100001e8   Section       16  system_lpc407x_8x_177x_8x.o(.data)
    .bss                                     0x100001f8   Section      744  juego.o(.bss)
    pieza_actual                             0x100001f8   Data          28  juego.o(.bss)
    pieza_siguiente                          0x10000214   Data          28  juego.o(.bss)
    cuveta                                   0x10000230   Data         688  juego.o(.bss)
    .bss                                     0x100004e0   Section      228  rand.o(.bss)
    .bss                                     0x100005c4   Section       96  libspace.o(.bss)
    HEAP                                     0x10000628   Section        0  startup_lpc407x_8x_177x_8x.o(HEAP)
    STACK                                    0x10000628   Section     1024  startup_lpc407x_8x_177x_8x.o(STACK)
    Heap_Mem                                 0x10000628   Data           0  startup_lpc407x_8x_177x_8x.o(HEAP)
    Stack_Mem                                0x10000628   Data        1024  startup_lpc407x_8x_177x_8x.o(STACK)
    __initial_sp                             0x10000a28   Data           0  startup_lpc407x_8x_177x_8x.o(STACK)

    Global Symbols

    Symbol Name                              Value     Ov Type        Size  Object(Section)

    BuildAttributes$$THM_ISAv4$E$P$D$K$B$S$7EM$VFPi3$EXTD16$VFPS$VFMA$PE$A:L22UL41UL21$X:L11$S22US41US21$IEEE1$IW$USESV6$~STKCKD$USESV7$~SHL$OTIME$ROPI$IEEEJ$EBA8$UX$STANDARDLIB$REQ8$PRES8$EABIv2 0x00000000   Number         0  anon$$obj.o ABSOLUTE
    __ARM_use_no_argv                        0x00000000   Number         0  main.o ABSOLUTE
    __Vectors                                0x00000000   Data           4  startup_lpc407x_8x_177x_8x.o(RESET)
    _printf_flags                            0x00000000   Number         0  printf_stubs.o ABSOLUTE
    _printf_return_value                     0x00000000   Number         0  printf_stubs.o ABSOLUTE
    _printf_sizespec                         0x00000000   Number         0  printf_stubs.o ABSOLUTE
    _printf_widthprec                        0x00000000   Number         0  printf_stubs.o ABSOLUTE
    __ARM_exceptions_init                     - Undefined Weak Reference
    __alloca_initialize                       - Undefined Weak Reference
    __arm_preinit_                            - Undefined Weak Reference
    __cpp_initialize__aeabi_                  - Undefined Weak Reference
    __cxa_finalize                            - Undefined Weak Reference
    __sigvec_lookup                           - Undefined Weak Reference
    _atexit_init                              - Undefined Weak Reference
    _call_atexit_fns                          - Undefined Weak Reference
    _clock_init                               - Undefined Weak Reference
    _fp_trap_init                             - Undefined Weak Reference
    _fp_trap_shutdown                         - Undefined Weak Reference
    _get_lc_collate                           - Undefined Weak Reference
    _get_lc_monetary                          - Undefined Weak Reference
    _get_lc_time                              - Undefined Weak Reference
    _getenv_init                              - Undefined Weak Reference
    _handle_redirection                       - Undefined Weak Reference
    _init_alloc                               - Undefined Weak Reference
    _init_user_alloc                          - Undefined Weak Reference
    _initio                                   - Undefined Weak Reference
    _printf_fp_hex                            - Undefined Weak Reference
    _printf_mbtowc                            - Undefined Weak Reference
    _printf_wc                                - Undefined Weak Reference
    _signal_finish                            - Undefined Weak Reference
    _signal_init                              - Undefined Weak Reference
    _terminate_alloc                          - Undefined Weak Reference
    _terminate_user_alloc                     - Undefined Weak Reference
    _terminateio                              - Undefined Weak Reference
    __main                                   0x000000e5   Thumb Code     8  __main.o(!!!main)
    __scatterload                            0x000000ed   Thumb Code     0  __scatter.o(!!!scatter)
    __scatterload_rt2                        0x000000ed   Thumb Code    44  __scatter.o(!!!scatter)
    __scatterload_rt2_thumb_only             0x000000ed   Thumb Code     0  __scatter.o(!!!scatter)
    __scatterload_null                       0x000000fb   Thumb Code     0  __scatter.o(!!!scatter)
    __decompress                             0x00000121   Thumb Code    90  __dczerorl2.o(!!dczerorl2)
    __decompress1                            0x00000121   Thumb Code     0  __dczerorl2.o(!!dczerorl2)
    __scatterload_zeroinit                   0x0000017d   Thumb Code    28  __scatter_zi.o(!!handler_zi)
    _printf_n                                0x00000199   Thumb Code     0  _printf_n.o(.ARM.Collect$$_printf_percent$$00000001)
    _printf_percent                          0x00000199   Thumb Code     0  _printf_percent.o(.ARM.Collect$$_printf_percent$$00000000)
    _printf_p                                0x0000019f   Thumb Code     0  _printf_p.o(.ARM.Collect$$_printf_percent$$00000002)
    _printf_f                                0x000001a5   Thumb Code     0  _printf_f.o(.ARM.Collect$$_printf_percent$$00000003)
    _printf_e                                0x000001ab   Thumb Code     0  _printf_e.o(.ARM.Collect$$_printf_percent$$00000004)
    _printf_g                                0x000001b1   Thumb Code     0  _printf_g.o(.ARM.Collect$$_printf_percent$$00000005)
    _printf_a                                0x000001b7   Thumb Code     0  _printf_a.o(.ARM.Collect$$_printf_percent$$00000006)
    _printf_ll                               0x000001bd   Thumb Code     0  _printf_ll.o(.ARM.Collect$$_printf_percent$$00000007)
    _printf_i                                0x000001c7   Thumb Code     0  _printf_i.o(.ARM.Collect$$_printf_percent$$00000008)
    _printf_d                                0x000001cd   Thumb Code     0  _printf_d.o(.ARM.Collect$$_printf_percent$$00000009)
    _printf_u                                0x000001d3   Thumb Code     0  _printf_u.o(.ARM.Collect$$_printf_percent$$0000000A)
    _printf_o                                0x000001d9   Thumb Code     0  _printf_o.o(.ARM.Collect$$_printf_percent$$0000000B)
    _printf_x                                0x000001df   Thumb Code     0  _printf_x.o(.ARM.Collect$$_printf_percent$$0000000C)
    _printf_lli                              0x000001e5   Thumb Code     0  _printf_lli.o(.ARM.Collect$$_printf_percent$$0000000D)
    _printf_lld                              0x000001eb   Thumb Code     0  _printf_lld.o(.ARM.Collect$$_printf_percent$$0000000E)
    _printf_llu                              0x000001f1   Thumb Code     0  _printf_llu.o(.ARM.Collect$$_printf_percent$$0000000F)
    _printf_llo                              0x000001f7   Thumb Code     0  _printf_llo.o(.ARM.Collect$$_printf_percent$$00000010)
    _printf_llx                              0x000001fd   Thumb Code     0  _printf_llx.o(.ARM.Collect$$_printf_percent$$00000011)
    _printf_l                                0x00000203   Thumb Code     0  _printf_l.o(.ARM.Collect$$_printf_percent$$00000012)
    _printf_c                                0x0000020d   Thumb Code     0  _printf_c.o(.ARM.Collect$$_printf_percent$$00000013)
    _printf_s                                0x00000213   Thumb Code     0  _printf_s.o(.ARM.Collect$$_printf_percent$$00000014)
    _printf_lc                               0x00000219   Thumb Code     0  _printf_lc.o(.ARM.Collect$$_printf_percent$$00000015)
    _printf_ls                               0x0000021f   Thumb Code     0  _printf_ls.o(.ARM.Collect$$_printf_percent$$00000016)
    _printf_percent_end                      0x00000225   Thumb Code     0  _printf_percent_end.o(.ARM.Collect$$_printf_percent$$00000017)
    __rt_lib_init                            0x00000229   Thumb Code     0  libinit.o(.ARM.Collect$$libinit$$00000000)
    __rt_lib_init_fp_1                       0x0000022b   Thumb Code     0  libinit2.o(.ARM.Collect$$libinit$$00000001)
    __rt_lib_init_heap_1                     0x0000022f   Thumb Code     0  libinit2.o(.ARM.Collect$$libinit$$0000000A)
    __rt_lib_init_preinit_1                  0x0000022f   Thumb Code     0  libinit2.o(.ARM.Collect$$libinit$$00000004)
    __rt_lib_init_rand_2                     0x0000022f   Thumb Code     0  libinit2.o(.ARM.Collect$$libinit$$0000000D)
    __rt_lib_init_user_alloc_1               0x0000022f   Thumb Code     0  libinit2.o(.ARM.Collect$$libinit$$0000000C)
    __rt_lib_init_lc_common                  0x00000233   Thumb Code     0  libinit2.o(.ARM.Collect$$libinit$$0000000F)
    __rt_lib_init_rand_1                     0x00000233   Thumb Code     0  libinit2.o(.ARM.Collect$$libinit$$0000000E)
    __rt_lib_init_lc_collate_1               0x00000239   Thumb Code     0  libinit2.o(.ARM.Collect$$libinit$$00000011)
    __rt_lib_init_lc_ctype_2                 0x00000239   Thumb Code     0  libinit2.o(.ARM.Collect$$libinit$$00000012)
    __rt_lib_init_lc_ctype_1                 0x00000245   Thumb Code     0  libinit2.o(.ARM.Collect$$libinit$$00000013)
    __rt_lib_init_lc_monetary_1              0x00000245   Thumb Code     0  libinit2.o(.ARM.Collect$$libinit$$00000015)
    __rt_lib_init_lc_numeric_2               0x00000245   Thumb Code     0  libinit2.o(.ARM.Collect$$libinit$$00000016)
    __rt_lib_init_alloca_1                   0x0000024f   Thumb Code     0  libinit2.o(.ARM.Collect$$libinit$$0000002E)
    __rt_lib_init_argv_1                     0x0000024f   Thumb Code     0  libinit2.o(.ARM.Collect$$libinit$$0000002C)
    __rt_lib_init_atexit_1                   0x0000024f   Thumb Code     0  libinit2.o(.ARM.Collect$$libinit$$0000001B)
    __rt_lib_init_clock_1                    0x0000024f   Thumb Code     0  libinit2.o(.ARM.Collect$$libinit$$00000021)
    __rt_lib_init_cpp_1                      0x0000024f   Thumb Code     0  libinit2.o(.ARM.Collect$$libinit$$00000032)
    __rt_lib_init_exceptions_1               0x0000024f   Thumb Code     0  libinit2.o(.ARM.Collect$$libinit$$00000030)
    __rt_lib_init_fp_trap_1                  0x0000024f   Thumb Code     0  libinit2.o(.ARM.Collect$$libinit$$0000001F)
    __rt_lib_init_getenv_1                   0x0000024f   Thumb Code     0  libinit2.o(.ARM.Collect$$libinit$$00000023)
    __rt_lib_init_lc_numeric_1               0x0000024f   Thumb Code     0  libinit2.o(.ARM.Collect$$libinit$$00000017)
    __rt_lib_init_lc_time_1                  0x0000024f   Thumb Code     0  libinit2.o(.ARM.Collect$$libinit$$00000019)
    __rt_lib_init_return                     0x0000024f   Thumb Code     0  libinit2.o(.ARM.Collect$$libinit$$00000033)
    __rt_lib_init_signal_1                   0x0000024f   Thumb Code     0  libinit2.o(.ARM.Collect$$libinit$$0000001D)
    __rt_lib_init_stdio_1                    0x0000024f   Thumb Code     0  libinit2.o(.ARM.Collect$$libinit$$00000025)
    __rt_lib_shutdown                        0x00000251   Thumb Code     0  libshutdown.o(.ARM.Collect$$libshutdown$$00000000)
    __rt_lib_shutdown_cpp_1                  0x00000253   Thumb Code     0  libshutdown2.o(.ARM.Collect$$libshutdown$$00000002)
    __rt_lib_shutdown_fp_trap_1              0x00000253   Thumb Code     0  libshutdown2.o(.ARM.Collect$$libshutdown$$00000007)
    __rt_lib_shutdown_heap_1                 0x00000253   Thumb Code     0  libshutdown2.o(.ARM.Collect$$libshutdown$$0000000F)
    __rt_lib_shutdown_return                 0x00000253   Thumb Code     0  libshutdown2.o(.ARM.Collect$$libshutdown$$00000010)
    __rt_lib_shutdown_signal_1               0x00000253   Thumb Code     0  libshutdown2.o(.ARM.Collect$$libshutdown$$0000000A)
    __rt_lib_shutdown_stdio_1                0x00000253   Thumb Code     0  libshutdown2.o(.ARM.Collect$$libshutdown$$00000004)
    __rt_lib_shutdown_user_alloc_1           0x00000253   Thumb Code     0  libshutdown2.o(.ARM.Collect$$libshutdown$$0000000C)
    __rt_entry                               0x00000255   Thumb Code     0  __rtentry.o(.ARM.Collect$$rtentry$$00000000)
    __rt_entry_presh_1                       0x00000255   Thumb Code     0  __rtentry2.o(.ARM.Collect$$rtentry$$00000002)
    __rt_entry_sh                            0x00000255   Thumb Code     0  __rtentry4.o(.ARM.Collect$$rtentry$$00000004)
    __rt_entry_li                            0x0000025b   Thumb Code     0  __rtentry2.o(.ARM.Collect$$rtentry$$0000000A)
    __rt_entry_postsh_1                      0x0000025b   Thumb Code     0  __rtentry2.o(.ARM.Collect$$rtentry$$00000009)
    __rt_entry_main                          0x0000025f   Thumb Code     0  __rtentry2.o(.ARM.Collect$$rtentry$$0000000D)
    __rt_entry_postli_1                      0x0000025f   Thumb Code     0  __rtentry2.o(.ARM.Collect$$rtentry$$0000000C)
    __rt_exit                                0x00000267   Thumb Code     0  rtexit.o(.ARM.Collect$$rtexit$$00000000)
    __rt_exit_ls                             0x00000269   Thumb Code     0  rtexit2.o(.ARM.Collect$$rtexit$$00000003)
    __rt_exit_prels_1                        0x00000269   Thumb Code     0  rtexit2.o(.ARM.Collect$$rtexit$$00000002)
    __rt_exit_exit                           0x0000026d   Thumb Code     0  rtexit2.o(.ARM.Collect$$rtexit$$00000004)
    rand                                     0x00000275   Thumb Code    48  rand.o(.emb_text)
    bloque_pintar                            0x000002a9   Thumb Code    62  bloque.o(.text)
    leds_inicializar                         0x000002ed   Thumb Code     2  leds.o(.text)
    led_encender                             0x000002ef   Thumb Code     2  leds.o(.text)
    led_apagar                               0x000002f1   Thumb Code     2  leds.o(.text)
    led_invertir                             0x000002f3   Thumb Code     2  leds.o(.text)
    led_ajustar                              0x000002f5   Thumb Code     2  leds.o(.text)
    __I$use$semihosting                      0x000002f7   Thumb Code     0  use_no_semi.o(.text)
    __use_no_semihosting_swi                 0x000002f7   Thumb Code     2  use_no_semi.o(.text)
    _printf_fp_dec                           0x000002f9   Thumb Code     4  printf1.o(x$fpl$printf1)
    cuveta_inicializar                       0x00000301   Thumb Code    66  cuveta.o(.text)
    cuveta_eliminar_fila                     0x00000343   Thumb Code   108  cuveta.o(.text)
    cuveta_revisar_filas                     0x000003af   Thumb Code   102  cuveta.o(.text)
    cuveta_hay_desbordamiento                0x00000415   Thumb Code   120  cuveta.o(.text)
    cuveta_pintar_pieza                      0x0000048d   Thumb Code    70  cuveta.o(.text)
    cuveta_borrar_pieza                      0x000004d3   Thumb Code    70  cuveta.o(.text)
    cuveta_fijar_pieza                       0x00000519   Thumb Code   134  cuveta.o(.text)
    cuveta_hay_interseccion                  0x0000059f   Thumb Code   198  cuveta.o(.text)
    cuveta_pintar                            0x00000665   Thumb Code   410  cuveta.o(.text)
    glcd_borrar                              0x00000925   Thumb Code    20  glcd.o(.text)
    glcd_inicializar                         0x00000939   Thumb Code   926  glcd.o(.text)
    glcd_printf                              0x00000cd7   Thumb Code    30  glcd.o(.text)
    glcd_caracter                            0x00000cf5   Thumb Code   242  glcd.o(.text)
    glcd_desplazar                           0x00000de7   Thumb Code    78  glcd.o(.text)
    fputc                                    0x00000e35   Thumb Code   334  glcd.o(.text)
    fgetc                                    0x00000f83   Thumb Code     8  glcd.o(.text)
    ferror                                   0x00000f8b   Thumb Code    16  glcd.o(.text)
    _sys_exit                                0x00000f9b   Thumb Code     4  glcd.o(.text)
    glcd_color_texto                         0x00000f9f   Thumb Code     6  glcd.o(.text)
    glcd_fondo_texto                         0x00000fa5   Thumb Code     6  glcd.o(.text)
    glcd_xy_texto                            0x00000fab   Thumb Code    34  glcd.o(.text)
    glcd_activar_desplazamiento              0x00000fcd   Thumb Code     6  glcd.o(.text)
    glcd_seleccionar_font                    0x00000fd3   Thumb Code    28  glcd.o(.text)
    glcd_xprintf                             0x00000fef   Thumb Code   206  glcd.o(.text)
    glcd_texto                               0x000010bd   Thumb Code   144  glcd.o(.text)
    glcd_punto                               0x0000114d   Thumb Code    42  glcd.o(.text)
    glcd_linea                               0x00001177   Thumb Code   176  glcd.o(.text)
    glcd_rectangulo                          0x00001227   Thumb Code    74  glcd.o(.text)
    glcd_rectangulo_relleno                  0x00001271   Thumb Code   110  glcd.o(.text)
    glcd_circunferencia                      0x000012df   Thumb Code   138  glcd.o(.text)
    glcd_circulo                             0x00001369   Thumb Code   122  glcd.o(.text)
    leer_joystick                            0x00001421   Thumb Code    74  joystick.o(.text)
    juego                                    0x00001471   Thumb Code   922  juego.o(.text)
    main                                     0x00001839   Thumb Code    34  main.o(.text)
    marcador_pintar                          0x0000185d   Thumb Code   302  marcador.o(.text)
    marcador_lineas                          0x0000198b   Thumb Code    32  marcador.o(.text)
    marcador_puntos                          0x000019ab   Thumb Code    32  marcador.o(.text)
    marcador_nivel                           0x000019cb   Thumb Code    32  marcador.o(.text)
    marcador_siguiente                       0x000019eb   Thumb Code    72  marcador.o(.text)
    menu                                     0x00001a5d   Thumb Code   104  menu.o(.text)
    pieza_inicializar                        0x00001ae9   Thumb Code   138  pieza.o(.text)
    pieza_rotar                              0x00001b73   Thumb Code   168  pieza.o(.text)
    pieza_pintar                             0x00001c1b   Thumb Code    86  pieza.o(.text)
    pieza_borrar                             0x00001c71   Thumb Code    84  pieza.o(.text)
    adjust_timing                            0x000022cf   Thumb Code    76  sdram.o(.text)
    sdram_inicializar                        0x00002357   Thumb Code   198  sdram.o(.text)
    timer0_inicializar                       0x00002439   Thumb Code    66  timer0.o(.text)
    TIMER0_IRQHandler                        0x0000247b   Thumb Code    20  timer0.o(.text)
    timer1_inicializar                       0x00002495   Thumb Code    62  timer1.o(.text)
    TIMER1_IRQHandler                        0x000024d3   Thumb Code    76  timer1.o(.text)
    leer_pulsacion                           0x0000251f   Thumb Code    22  timer1.o(.text)
    parar_con_error                          0x00002545   Thumb Code   150  error.o(.text)
    Reset_Handler                            0x00002611   Thumb Code     8  startup_lpc407x_8x_177x_8x.o(.text)
    NMI_Handler                              0x00002619   Thumb Code     2  startup_lpc407x_8x_177x_8x.o(.text)
    HardFault_Handler                        0x0000261b   Thumb Code     2  startup_lpc407x_8x_177x_8x.o(.text)
    MemManage_Handler                        0x0000261d   Thumb Code     2  startup_lpc407x_8x_177x_8x.o(.text)
    BusFault_Handler                         0x0000261f   Thumb Code     2  startup_lpc407x_8x_177x_8x.o(.text)
    UsageFault_Handler                       0x00002621   Thumb Code     2  startup_lpc407x_8x_177x_8x.o(.text)
    SVC_Handler                              0x00002623   Thumb Code     2  startup_lpc407x_8x_177x_8x.o(.text)
    DebugMon_Handler                         0x00002625   Thumb Code     2  startup_lpc407x_8x_177x_8x.o(.text)
    PendSV_Handler                           0x00002627   Thumb Code     2  startup_lpc407x_8x_177x_8x.o(.text)
    SysTick_Handler                          0x00002629   Thumb Code     2  startup_lpc407x_8x_177x_8x.o(.text)
    ADC_IRQHandler                           0x0000262b   Thumb Code     0  startup_lpc407x_8x_177x_8x.o(.text)
    BOD_IRQHandler                           0x0000262b   Thumb Code     0  startup_lpc407x_8x_177x_8x.o(.text)
    CANActivity_IRQHandler                   0x0000262b   Thumb Code     0  startup_lpc407x_8x_177x_8x.o(.text)
    CAN_IRQHandler                           0x0000262b   Thumb Code     0  startup_lpc407x_8x_177x_8x.o(.text)
    DMA_IRQHandler                           0x0000262b   Thumb Code     0  startup_lpc407x_8x_177x_8x.o(.text)
    EEPROM_IRQHandler                        0x0000262b   Thumb Code     0  startup_lpc407x_8x_177x_8x.o(.text)
    EINT0_IRQHandler                         0x0000262b   Thumb Code     0  startup_lpc407x_8x_177x_8x.o(.text)
    EINT1_IRQHandler                         0x0000262b   Thumb Code     0  startup_lpc407x_8x_177x_8x.o(.text)
    EINT2_IRQHandler                         0x0000262b   Thumb Code     0  startup_lpc407x_8x_177x_8x.o(.text)
    EINT3_IRQHandler                         0x0000262b   Thumb Code     0  startup_lpc407x_8x_177x_8x.o(.text)
    ENET_IRQHandler                          0x0000262b   Thumb Code     0  startup_lpc407x_8x_177x_8x.o(.text)
    GPIO_IRQHandler                          0x0000262b   Thumb Code     0  startup_lpc407x_8x_177x_8x.o(.text)
    I2C0_IRQHandler                          0x0000262b   Thumb Code     0  startup_lpc407x_8x_177x_8x.o(.text)
    I2C1_IRQHandler                          0x0000262b   Thumb Code     0  startup_lpc407x_8x_177x_8x.o(.text)
    I2C2_IRQHandler                          0x0000262b   Thumb Code     0  startup_lpc407x_8x_177x_8x.o(.text)
    I2S_IRQHandler                           0x0000262b   Thumb Code     0  startup_lpc407x_8x_177x_8x.o(.text)
    LCD_IRQHandler                           0x0000262b   Thumb Code     0  startup_lpc407x_8x_177x_8x.o(.text)
    MCI_IRQHandler                           0x0000262b   Thumb Code     0  startup_lpc407x_8x_177x_8x.o(.text)
    MCPWM_IRQHandler                         0x0000262b   Thumb Code     0  startup_lpc407x_8x_177x_8x.o(.text)
    PLL0_IRQHandler                          0x0000262b   Thumb Code     0  startup_lpc407x_8x_177x_8x.o(.text)
    PLL1_IRQHandler                          0x0000262b   Thumb Code     0  startup_lpc407x_8x_177x_8x.o(.text)
    PWM0_IRQHandler                          0x0000262b   Thumb Code     0  startup_lpc407x_8x_177x_8x.o(.text)
    PWM1_IRQHandler                          0x0000262b   Thumb Code     0  startup_lpc407x_8x_177x_8x.o(.text)
    QEI_IRQHandler                           0x0000262b   Thumb Code     0  startup_lpc407x_8x_177x_8x.o(.text)
    RTC_IRQHandler                           0x0000262b   Thumb Code     0  startup_lpc407x_8x_177x_8x.o(.text)
    SSP0_IRQHandler                          0x0000262b   Thumb Code     0  startup_lpc407x_8x_177x_8x.o(.text)
    SSP1_IRQHandler                          0x0000262b   Thumb Code     0  startup_lpc407x_8x_177x_8x.o(.text)
    SSP2_IRQHandler                          0x0000262b   Thumb Code     0  startup_lpc407x_8x_177x_8x.o(.text)
    TIMER2_IRQHandler                        0x0000262b   Thumb Code     0  startup_lpc407x_8x_177x_8x.o(.text)
    TIMER3_IRQHandler                        0x0000262b   Thumb Code     0  startup_lpc407x_8x_177x_8x.o(.text)
    UART0_IRQHandler                         0x0000262b   Thumb Code     0  startup_lpc407x_8x_177x_8x.o(.text)
    UART1_IRQHandler                         0x0000262b   Thumb Code     0  startup_lpc407x_8x_177x_8x.o(.text)
    UART2_IRQHandler                         0x0000262b   Thumb Code     0  startup_lpc407x_8x_177x_8x.o(.text)
    UART3_IRQHandler                         0x0000262b   Thumb Code     0  startup_lpc407x_8x_177x_8x.o(.text)
    UART4_IRQHandler                         0x0000262b   Thumb Code     0  startup_lpc407x_8x_177x_8x.o(.text)
    USBActivity_IRQHandler                   0x0000262b   Thumb Code     0  startup_lpc407x_8x_177x_8x.o(.text)
    USB_IRQHandler                           0x0000262b   Thumb Code     0  startup_lpc407x_8x_177x_8x.o(.text)
    WDT_IRQHandler                           0x0000262b   Thumb Code     0  startup_lpc407x_8x_177x_8x.o(.text)
    __user_initial_stackheap                 0x0000262d   Thumb Code     0  startup_lpc407x_8x_177x_8x.o(.text)
    SystemCoreClockUpdate                    0x0000264d   Thumb Code   696  system_lpc407x_8x_177x_8x.o(.text)
    fpu_init                                 0x00002905   Thumb Code    62  system_lpc407x_8x_177x_8x.o(.text)
    SystemInit                               0x00002943   Thumb Code   224  system_lpc407x_8x_177x_8x.o(.text)
    __c89vprintf                             0x00002a55   Thumb Code     8  c89vprintf.o(.text)
    __2snprintf                              0x00002a61   Thumb Code    50  __2snprintf.o(.text)
    _printf_str                              0x00002a99   Thumb Code    82  _printf_str.o(.text)
    _printf_int_dec                          0x00002aed   Thumb Code   104  _printf_dec.o(.text)
    __printf                                 0x00002b65   Thumb Code   388  __printf_flags_ss_wp.o(.text)
    srand                                    0x00002ced   Thumb Code    42  rand.o(.text)
    _rand_init                               0x00002d17   Thumb Code     4  rand.o(.text)
    __aeabi_memmove                          0x00002d29   Thumb Code     0  rt_memmove_v6.o(.text)
    __rt_memmove                             0x00002d29   Thumb Code   132  rt_memmove_v6.o(.text)
    __memmove_lastfew                        0x00002d89   Thumb Code     0  rt_memmove_v6.o(.text)
    __aeabi_memcpy4                          0x00002dad   Thumb Code     0  rt_memcpy_w.o(.text)
    __aeabi_memcpy8                          0x00002dad   Thumb Code     0  rt_memcpy_w.o(.text)
    __rt_memcpy_w                            0x00002dad   Thumb Code   100  rt_memcpy_w.o(.text)
    _memcpy_lastbytes_aligned                0x00002df5   Thumb Code     0  rt_memcpy_w.o(.text)
    __use_two_region_memory                  0x00002e11   Thumb Code     2  heapauxi.o(.text)
    __rt_heap_escrow$2region                 0x00002e13   Thumb Code     2  heapauxi.o(.text)
    __rt_heap_expand$2region                 0x00002e15   Thumb Code     2  heapauxi.o(.text)
    _printf_pre_padding                      0x00002e17   Thumb Code    44  _printf_pad.o(.text)
    _printf_post_padding                     0x00002e43   Thumb Code    34  _printf_pad.o(.text)
    _printf_truncate_signed                  0x00002e65   Thumb Code    18  _printf_truncate.o(.text)
    _printf_truncate_unsigned                0x00002e77   Thumb Code    18  _printf_truncate.o(.text)
    _printf_int_common                       0x00002e89   Thumb Code   178  _printf_intcommon.o(.text)
    _printf_charcount                        0x00002f3b   Thumb Code    40  _printf_charcount.o(.text)
    _printf_char_common                      0x00002f6f   Thumb Code    32  _printf_char_common.o(.text)
    _sputc                                   0x00002f95   Thumb Code    10  _sputc.o(.text)
    _snputc                                  0x00002f9f   Thumb Code    16  _snputc.o(.text)
    _printf_cs_common                        0x00002faf   Thumb Code    20  _printf_char.o(.text)
    _printf_char                             0x00002fc3   Thumb Code    16  _printf_char.o(.text)
    _printf_string                           0x00002fd3   Thumb Code     8  _printf_char.o(.text)
    _printf_char_file                        0x00002fdd   Thumb Code    32  _printf_char_file.o(.text)
    _printf_wctomb                           0x00003001   Thumb Code   182  _printf_wctomb.o(.text)
    _printf_longlong_dec                     0x000030bd   Thumb Code   108  _printf_longlong_dec.o(.text)
    _printf_longlong_oct                     0x00003139   Thumb Code    66  _printf_oct_int_ll.o(.text)
    _printf_int_oct                          0x0000317b   Thumb Code    24  _printf_oct_int_ll.o(.text)
    _printf_ll_oct                           0x00003193   Thumb Code    12  _printf_oct_int_ll.o(.text)
    _printf_longlong_hex                     0x000031a9   Thumb Code    86  _printf_hex_int_ll_ptr.o(.text)
    _printf_int_hex                          0x000031ff   Thumb Code    28  _printf_hex_int_ll_ptr.o(.text)
    _printf_ll_hex                           0x0000321b   Thumb Code    12  _printf_hex_int_ll_ptr.o(.text)
    _printf_hex_ptr                          0x00003227   Thumb Code    18  _printf_hex_int_ll_ptr.o(.text)
    __aeabi_memcpy                           0x0000323d   Thumb Code     0  rt_memcpy_v6.o(.text)
    __rt_memcpy                              0x0000323d   Thumb Code   138  rt_memcpy_v6.o(.text)
    _memcpy_lastbytes                        0x000032a3   Thumb Code     0  rt_memcpy_v6.o(.text)
    __aeabi_memmove4                         0x000032c7   Thumb Code     0  rt_memmove_w.o(.text)
    __aeabi_memmove8                         0x000032c7   Thumb Code     0  rt_memmove_w.o(.text)
    __rt_memmove_w                           0x000032c7   Thumb Code   122  rt_memmove_w.o(.text)
    __memmove_aligned                        0x000032ed   Thumb Code     0  rt_memmove_w.o(.text)
    __memmove_lastfew_aligned                0x00003325   Thumb Code     0  rt_memmove_w.o(.text)
    _ll_udiv10                               0x00003341   Thumb Code   138  lludiv10.o(.text)
    __lib_sel_fp_printf                      0x000033cb   Thumb Code     2  _printf_fp_dec.o(.text)
    _printf_fp_dec_real                      0x0000357d   Thumb Code   620  _printf_fp_dec.o(.text)
    _printf_lcs_common                       0x000037e9   Thumb Code    20  _printf_wchar.o(.text)
    _printf_wchar                            0x000037fd   Thumb Code    16  _printf_wchar.o(.text)
    _printf_wstring                          0x0000380d   Thumb Code     8  _printf_wchar.o(.text)
    _wcrtomb                                 0x00003815   Thumb Code    64  _wcrtomb.o(.text)
    __user_setup_stackheap                   0x00003855   Thumb Code    74  sys_stackheap_outer.o(.text)
    __rt_ctype_table                         0x000038a1   Thumb Code    16  rt_ctype_table.o(.text)
    __rt_locale                              0x000038b1   Thumb Code     8  rt_locale_intlibspace.o(.text)
    _printf_fp_infnan                        0x000038b9   Thumb Code   112  _printf_fp_infnan.o(.text)
    _btod_etento                             0x00003939   Thumb Code   224  bigflt0.o(.text)
    exit                                     0x00003a1d   Thumb Code    18  exit.o(.text)
    __user_libspace                          0x00003a31   Thumb Code     8  libspace.o(.text)
    __user_perproc_libspace                  0x00003a31   Thumb Code     0  libspace.o(.text)
    __user_perthread_libspace                0x00003a31   Thumb Code     0  libspace.o(.text)
    strcmp                                   0x00003a39   Thumb Code   128  strcmpv7m.o(.text)
    _btod_d2e                                0x00003ab9   Thumb Code    62  btod.o(CL$$btod_d2e)
    _d2e_denorm_low                          0x00003af7   Thumb Code    70  btod.o(CL$$btod_d2e_denorm_low)
    _d2e_norm_op1                            0x00003b3d   Thumb Code    96  btod.o(CL$$btod_d2e_norm_op1)
    __btod_div_common                        0x00003b9d   Thumb Code   696  btod.o(CL$$btod_div_common)
    _e2e                                     0x00003ed5   Thumb Code   220  btod.o(CL$$btod_e2e)
    _btod_ediv                               0x00003fb1   Thumb Code    42  btod.o(CL$$btod_ediv)
    _btod_emul                               0x00003fdb   Thumb Code    42  btod.o(CL$$btod_emul)
    __btod_mult_common                       0x00004005   Thumb Code   580  btod.o(CL$$btod_mult_common)
    __ARM_fpclassify                         0x00004249   Thumb Code    48  fpclassify.o(i.__ARM_fpclassify)
    _is_digit                                0x00004279   Thumb Code    14  __printf_wp.o(i._is_digit)
    _get_lc_numeric                          0x00004289   Thumb Code    44  lc_numeric_c.o(locale$$code)
    _get_lc_ctype                            0x000042b5   Thumb Code    44  lc_ctype_c.o(locale$$code)
    _fp_init                                 0x000042e1   Thumb Code    10  fpinit.o(x$fpl$fpinit)
    __fplib_config_fpu_vfp                   0x000042e9   Thumb Code     0  fpinit.o(x$fpl$fpinit)
    __fplib_config_pureend_doubles           0x000042e9   Thumb Code     0  fpinit.o(x$fpl$fpinit)
    __I$use$fp                               0x000042ea   Number         0  usenofp.o(x$fpl$usenofp)
    font_8x16                                0x00004564   Data          20  font_8x16.o(.constdata)
    font_8x16_datos                          0x00004578   Data        3584  font_8x16.o(.constdata)
    font_12x24                               0x00005378   Data          20  font_12x24.o(.constdata)
    font_12x24_datos                         0x0000538c   Data       10752  font_12x24.o(.constdata)
    font_16x32                               0x00007d8c   Data          20  font_16x32.o(.constdata)
    font_16x32_datos                         0x00007da0   Data       14336  font_16x32.o(.constdata)
    Region$$Table$$Base                      0x0000b6dc   Number         0  anon$$obj.o(Region$$Table)
    Region$$Table$$Limit                     0x0000b6fc   Number         0  anon$$obj.o(Region$$Table)
    __ctype                                  0x0000b725   Data           0  lc_ctype_c.o(locale$$data)
    __stdout                                 0x10000020   Data           4  glcd.o(.data)
    __stdin                                  0x10000024   Data           4  glcd.o(.data)
    __stderr                                 0x10000028   Data           4  glcd.o(.data)
    pieza_palo                               0x10000110   Data          28  pieza.o(.data)
    pieza_cuadrado                           0x1000012c   Data          28  pieza.o(.data)
    pieza_ese                                0x10000148   Data          28  pieza.o(.data)
    pieza_zeta                               0x10000164   Data          28  pieza.o(.data)
    pieza_ele                                0x10000180   Data          28  pieza.o(.data)
    pieza_elereves                           0x1000019c   Data          28  pieza.o(.data)
    pieza_te                                 0x100001b8   Data          28  pieza.o(.data)
    contador_ms                              0x100001dc   Data           4  timer0.o(.data)
    SystemCoreClock                          0x100001e8   Data           4  system_lpc407x_8x_177x_8x.o(.data)
    PeripheralClock                          0x100001ec   Data           4  system_lpc407x_8x_177x_8x.o(.data)
    EMCClock                                 0x100001f0   Data           4  system_lpc407x_8x_177x_8x.o(.data)
    USBClock                                 0x100001f4   Data           4  system_lpc407x_8x_177x_8x.o(.data)
    _random_number_data                      0x100004e0   Data         228  rand.o(.bss)
    __libspace_start                         0x100005c4   Data          96  libspace.o(.bss)
    __temporary_stack_top$libspace           0x10000624   Data           0  libspace.o(.bss)



==============================================================================

Memory Map of the image

  Image Entry point : 0x000000e5

  Load Region LR_IROM1 (Base: 0x00000000, Size: 0x0000ba20, Max: 0x00080000, ABSOLUTE, COMPRESSED[0x0000b8cc])

    Execution Region ER_IROM1 (Exec base: 0x00000000, Load base: 0x00000000, Size: 0x0000b828, Max: 0x00080000, ABSOLUTE)

    Exec Addr    Load Addr    Size         Type   Attr      Idx    E Section Name        Object

    0x00000000   0x00000000   0x000000e4   Data   RO          459    RESET               startup_lpc407x_8x_177x_8x.o
    0x000000e4   0x000000e4   0x00000008   Code   RO          547  * !!!main             c_w.l(__main.o)
    0x000000ec   0x000000ec   0x00000034   Code   RO          836    !!!scatter          c_w.l(__scatter.o)
    0x00000120   0x00000120   0x0000005a   Code   RO          834    !!dczerorl2         c_w.l(__dczerorl2.o)
    0x0000017a   0x0000017a   0x00000002   PAD
    0x0000017c   0x0000017c   0x0000001c   Code   RO          838    !!handler_zi        c_w.l(__scatter_zi.o)
    0x00000198   0x00000198   0x00000000   Code   RO          535    .ARM.Collect$$_printf_percent$$00000000  c_w.l(_printf_percent.o)
    0x00000198   0x00000198   0x00000006   Code   RO          601    .ARM.Collect$$_printf_percent$$00000001  c_w.l(_printf_n.o)
    0x0000019e   0x0000019e   0x00000006   Code   RO          603    .ARM.Collect$$_printf_percent$$00000002  c_w.l(_printf_p.o)
    0x000001a4   0x000001a4   0x00000006   Code   RO          607    .ARM.Collect$$_printf_percent$$00000003  c_w.l(_printf_f.o)
    0x000001aa   0x000001aa   0x00000006   Code   RO          608    .ARM.Collect$$_printf_percent$$00000004  c_w.l(_printf_e.o)
    0x000001b0   0x000001b0   0x00000006   Code   RO          609    .ARM.Collect$$_printf_percent$$00000005  c_w.l(_printf_g.o)
    0x000001b6   0x000001b6   0x00000006   Code   RO          610    .ARM.Collect$$_printf_percent$$00000006  c_w.l(_printf_a.o)
    0x000001bc   0x000001bc   0x0000000a   Code   RO          615    .ARM.Collect$$_printf_percent$$00000007  c_w.l(_printf_ll.o)
    0x000001c6   0x000001c6   0x00000006   Code   RO          605    .ARM.Collect$$_printf_percent$$00000008  c_w.l(_printf_i.o)
    0x000001cc   0x000001cc   0x00000006   Code   RO          606    .ARM.Collect$$_printf_percent$$00000009  c_w.l(_printf_d.o)
    0x000001d2   0x000001d2   0x00000006   Code   RO          534    .ARM.Collect$$_printf_percent$$0000000A  c_w.l(_printf_u.o)
    0x000001d8   0x000001d8   0x00000006   Code   RO          604    .ARM.Collect$$_printf_percent$$0000000B  c_w.l(_printf_o.o)
    0x000001de   0x000001de   0x00000006   Code   RO          602    .ARM.Collect$$_printf_percent$$0000000C  c_w.l(_printf_x.o)
    0x000001e4   0x000001e4   0x00000006   Code   RO          612    .ARM.Collect$$_printf_percent$$0000000D  c_w.l(_printf_lli.o)
    0x000001ea   0x000001ea   0x00000006   Code   RO          613    .ARM.Collect$$_printf_percent$$0000000E  c_w.l(_printf_lld.o)
    0x000001f0   0x000001f0   0x00000006   Code   RO          614    .ARM.Collect$$_printf_percent$$0000000F  c_w.l(_printf_llu.o)
    0x000001f6   0x000001f6   0x00000006   Code   RO          619    .ARM.Collect$$_printf_percent$$00000010  c_w.l(_printf_llo.o)
    0x000001fc   0x000001fc   0x00000006   Code   RO          620    .ARM.Collect$$_printf_percent$$00000011  c_w.l(_printf_llx.o)
    0x00000202   0x00000202   0x0000000a   Code   RO          616    .ARM.Collect$$_printf_percent$$00000012  c_w.l(_printf_l.o)
    0x0000020c   0x0000020c   0x00000006   Code   RO          600    .ARM.Collect$$_printf_percent$$00000013  c_w.l(_printf_c.o)
    0x00000212   0x00000212   0x00000006   Code   RO          533    .ARM.Collect$$_printf_percent$$00000014  c_w.l(_printf_s.o)
    0x00000218   0x00000218   0x00000006   Code   RO          617    .ARM.Collect$$_printf_percent$$00000015  c_w.l(_printf_lc.o)
    0x0000021e   0x0000021e   0x00000006   Code   RO          618    .ARM.Collect$$_printf_percent$$00000016  c_w.l(_printf_ls.o)
    0x00000224   0x00000224   0x00000004   Code   RO          611    .ARM.Collect$$_printf_percent$$00000017  c_w.l(_printf_percent_end.o)
    0x00000228   0x00000228   0x00000002   Code   RO          751    .ARM.Collect$$libinit$$00000000  c_w.l(libinit.o)
    0x0000022a   0x0000022a   0x00000004   Code   RO          625    .ARM.Collect$$libinit$$00000001  c_w.l(libinit2.o)
    0x0000022e   0x0000022e   0x00000000   Code   RO          628    .ARM.Collect$$libinit$$00000004  c_w.l(libinit2.o)
    0x0000022e   0x0000022e   0x00000000   Code   RO          631    .ARM.Collect$$libinit$$0000000A  c_w.l(libinit2.o)
    0x0000022e   0x0000022e   0x00000000   Code   RO          633    .ARM.Collect$$libinit$$0000000C  c_w.l(libinit2.o)
    0x0000022e   0x0000022e   0x00000004   Code   RO          634    .ARM.Collect$$libinit$$0000000D  c_w.l(libinit2.o)
    0x00000232   0x00000232   0x00000000   Code   RO          635    .ARM.Collect$$libinit$$0000000E  c_w.l(libinit2.o)
    0x00000232   0x00000232   0x00000006   Code   RO          636    .ARM.Collect$$libinit$$0000000F  c_w.l(libinit2.o)
    0x00000238   0x00000238   0x00000000   Code   RO          638    .ARM.Collect$$libinit$$00000011  c_w.l(libinit2.o)
    0x00000238   0x00000238   0x0000000c   Code   RO          639    .ARM.Collect$$libinit$$00000012  c_w.l(libinit2.o)
    0x00000244   0x00000244   0x00000000   Code   RO          640    .ARM.Collect$$libinit$$00000013  c_w.l(libinit2.o)
    0x00000244   0x00000244   0x00000000   Code   RO          642    .ARM.Collect$$libinit$$00000015  c_w.l(libinit2.o)
    0x00000244   0x00000244   0x0000000a   Code   RO          643    .ARM.Collect$$libinit$$00000016  c_w.l(libinit2.o)
    0x0000024e   0x0000024e   0x00000000   Code   RO          644    .ARM.Collect$$libinit$$00000017  c_w.l(libinit2.o)
    0x0000024e   0x0000024e   0x00000000   Code   RO          646    .ARM.Collect$$libinit$$00000019  c_w.l(libinit2.o)
    0x0000024e   0x0000024e   0x00000000   Code   RO          648    .ARM.Collect$$libinit$$0000001B  c_w.l(libinit2.o)
    0x0000024e   0x0000024e   0x00000000   Code   RO          650    .ARM.Collect$$libinit$$0000001D  c_w.l(libinit2.o)
    0x0000024e   0x0000024e   0x00000000   Code   RO          652    .ARM.Collect$$libinit$$0000001F  c_w.l(libinit2.o)
    0x0000024e   0x0000024e   0x00000000   Code   RO          654    .ARM.Collect$$libinit$$00000021  c_w.l(libinit2.o)
    0x0000024e   0x0000024e   0x00000000   Code   RO          656    .ARM.Collect$$libinit$$00000023  c_w.l(libinit2.o)
    0x0000024e   0x0000024e   0x00000000   Code   RO          658    .ARM.Collect$$libinit$$00000025  c_w.l(libinit2.o)
    0x0000024e   0x0000024e   0x00000000   Code   RO          662    .ARM.Collect$$libinit$$0000002C  c_w.l(libinit2.o)
    0x0000024e   0x0000024e   0x00000000   Code   RO          664    .ARM.Collect$$libinit$$0000002E  c_w.l(libinit2.o)
    0x0000024e   0x0000024e   0x00000000   Code   RO          666    .ARM.Collect$$libinit$$00000030  c_w.l(libinit2.o)
    0x0000024e   0x0000024e   0x00000000   Code   RO          668    .ARM.Collect$$libinit$$00000032  c_w.l(libinit2.o)
    0x0000024e   0x0000024e   0x00000002   Code   RO          669    .ARM.Collect$$libinit$$00000033  c_w.l(libinit2.o)
    0x00000250   0x00000250   0x00000002   Code   RO          795    .ARM.Collect$$libshutdown$$00000000  c_w.l(libshutdown.o)
    0x00000252   0x00000252   0x00000000   Code   RO          801    .ARM.Collect$$libshutdown$$00000002  c_w.l(libshutdown2.o)
    0x00000252   0x00000252   0x00000000   Code   RO          803    .ARM.Collect$$libshutdown$$00000004  c_w.l(libshutdown2.o)
    0x00000252   0x00000252   0x00000000   Code   RO          806    .ARM.Collect$$libshutdown$$00000007  c_w.l(libshutdown2.o)
    0x00000252   0x00000252   0x00000000   Code   RO          809    .ARM.Collect$$libshutdown$$0000000A  c_w.l(libshutdown2.o)
    0x00000252   0x00000252   0x00000000   Code   RO          811    .ARM.Collect$$libshutdown$$0000000C  c_w.l(libshutdown2.o)
    0x00000252   0x00000252   0x00000000   Code   RO          814    .ARM.Collect$$libshutdown$$0000000F  c_w.l(libshutdown2.o)
    0x00000252   0x00000252   0x00000002   Code   RO          815    .ARM.Collect$$libshutdown$$00000010  c_w.l(libshutdown2.o)
    0x00000254   0x00000254   0x00000000   Code   RO          549    .ARM.Collect$$rtentry$$00000000  c_w.l(__rtentry.o)
    0x00000254   0x00000254   0x00000000   Code   RO          673    .ARM.Collect$$rtentry$$00000002  c_w.l(__rtentry2.o)
    0x00000254   0x00000254   0x00000006   Code   RO          685    .ARM.Collect$$rtentry$$00000004  c_w.l(__rtentry4.o)
    0x0000025a   0x0000025a   0x00000000   Code   RO          675    .ARM.Collect$$rtentry$$00000009  c_w.l(__rtentry2.o)
    0x0000025a   0x0000025a   0x00000004   Code   RO          676    .ARM.Collect$$rtentry$$0000000A  c_w.l(__rtentry2.o)
    0x0000025e   0x0000025e   0x00000000   Code   RO          678    .ARM.Collect$$rtentry$$0000000C  c_w.l(__rtentry2.o)
    0x0000025e   0x0000025e   0x00000008   Code   RO          679    .ARM.Collect$$rtentry$$0000000D  c_w.l(__rtentry2.o)
    0x00000266   0x00000266   0x00000002   Code   RO          762    .ARM.Collect$$rtexit$$00000000  c_w.l(rtexit.o)
    0x00000268   0x00000268   0x00000000   Code   RO          777    .ARM.Collect$$rtexit$$00000002  c_w.l(rtexit2.o)
    0x00000268   0x00000268   0x00000004   Code   RO          778    .ARM.Collect$$rtexit$$00000003  c_w.l(rtexit2.o)
    0x0000026c   0x0000026c   0x00000006   Code   RO          779    .ARM.Collect$$rtexit$$00000004  c_w.l(rtexit2.o)
    0x00000272   0x00000272   0x00000002   PAD
    0x00000274   0x00000274   0x00000034   Code   RO          536    .emb_text           c_w.l(rand.o)
    0x000002a8   0x000002a8   0x00000044   Code   RO            1    .text               bloque.o
    0x000002ec   0x000002ec   0x0000000a   Code   RO          223    .text               leds.o
    0x000002f6   0x000002f6   0x00000002   Code   RO          499    .text               c_w.l(use_no_semi.o)
    0x000002f8   0x000002f8   0x00000004   Code   RO          670    x$fpl$printf1       fz_wm.l(printf1.o)
    0x000002fc   0x000002fc   0x00000004   Code   RO          460    .ARM.__at_0x02FC    startup_lpc407x_8x_177x_8x.o
    0x00000300   0x00000300   0x000004fe   Code   RO           42    .text               cuveta.o
    0x000007fe   0x000007fe   0x00000002   PAD
    0x00000800   0x00000800   0x00000c20   Code   RO          103    .text               glcd.o
    0x00001420   0x00001420   0x00000050   Code   RO          163    .text               joystick.o
    0x00001470   0x00001470   0x000003c8   Code   RO          193    .text               juego.o
    0x00001838   0x00001838   0x00000022   Code   RO          247    .text               main.o
    0x0000185a   0x0000185a   0x00000002   PAD
    0x0000185c   0x0000185c   0x00000200   Code   RO          274    .text               marcador.o
    0x00001a5c   0x00001a5c   0x0000008c   Code   RO          286    .text               menu.o
    0x00001ae8   0x00001ae8   0x00000244   Code   RO          300    .text               pieza.o
    0x00001d2c   0x00001d2c   0x0000070c   Code   RO          319    .text               sdram.o
    0x00002438   0x00002438   0x0000005c   Code   RO          354    .text               timer0.o
    0x00002494   0x00002494   0x000000b0   Code   RO          385    .text               timer1.o
    0x00002544   0x00002544   0x000000cc   Code   RO          411    .text               error.o
    0x00002610   0x00002610   0x0000003c   Code   RO          461    .text               startup_lpc407x_8x_177x_8x.o
    0x0000264c   0x0000264c   0x00000408   Code   RO          470    .text               system_lpc407x_8x_177x_8x.o
    0x00002a54   0x00002a54   0x0000000c   Code   RO          501    .text               c_w.l(c89vprintf.o)
    0x00002a60   0x00002a60   0x00000038   Code   RO          503    .text               c_w.l(__2snprintf.o)
    0x00002a98   0x00002a98   0x00000052   Code   RO          509    .text               c_w.l(_printf_str.o)
    0x00002aea   0x00002aea   0x00000002   PAD
    0x00002aec   0x00002aec   0x00000078   Code   RO          511    .text               c_w.l(_printf_dec.o)
    0x00002b64   0x00002b64   0x00000188   Code   RO          530    .text               c_w.l(__printf_flags_ss_wp.o)
    0x00002cec   0x00002cec   0x0000003c   Code   RO          537    .text               c_w.l(rand.o)
    0x00002d28   0x00002d28   0x00000084   Code   RO          541    .text               c_w.l(rt_memmove_v6.o)
    0x00002dac   0x00002dac   0x00000064   Code   RO          543    .text               c_w.l(rt_memcpy_w.o)
    0x00002e10   0x00002e10   0x00000006   Code   RO          545    .text               c_w.l(heapauxi.o)
    0x00002e16   0x00002e16   0x0000004e   Code   RO          550    .text               c_w.l(_printf_pad.o)
    0x00002e64   0x00002e64   0x00000024   Code   RO          552    .text               c_w.l(_printf_truncate.o)
    0x00002e88   0x00002e88   0x000000b2   Code   RO          554    .text               c_w.l(_printf_intcommon.o)
    0x00002f3a   0x00002f3a   0x00000028   Code   RO          556    .text               c_w.l(_printf_charcount.o)
    0x00002f62   0x00002f62   0x00000002   PAD
    0x00002f64   0x00002f64   0x00000030   Code   RO          558    .text               c_w.l(_printf_char_common.o)
    0x00002f94   0x00002f94   0x0000000a   Code   RO          560    .text               c_w.l(_sputc.o)
    0x00002f9e   0x00002f9e   0x00000010   Code   RO          562    .text               c_w.l(_snputc.o)
    0x00002fae   0x00002fae   0x0000002c   Code   RO          564    .text               c_w.l(_printf_char.o)
    0x00002fda   0x00002fda   0x00000002   PAD
    0x00002fdc   0x00002fdc   0x00000024   Code   RO          566    .text               c_w.l(_printf_char_file.o)
    0x00003000   0x00003000   0x000000bc   Code   RO          568    .text               c_w.l(_printf_wctomb.o)
    0x000030bc   0x000030bc   0x0000007c   Code   RO          571    .text               c_w.l(_printf_longlong_dec.o)
    0x00003138   0x00003138   0x00000070   Code   RO          577    .text               c_w.l(_printf_oct_int_ll.o)
    0x000031a8   0x000031a8   0x00000094   Code   RO          597    .text               c_w.l(_printf_hex_int_ll_ptr.o)
    0x0000323c   0x0000323c   0x0000008a   Code   RO          621    .text               c_w.l(rt_memcpy_v6.o)
    0x000032c6   0x000032c6   0x0000007a   Code   RO          623    .text               c_w.l(rt_memmove_w.o)
    0x00003340   0x00003340   0x0000008a   Code   RO          687    .text               c_w.l(lludiv10.o)
    0x000033ca   0x000033ca   0x0000041e   Code   RO          689    .text               c_w.l(_printf_fp_dec.o)
    0x000037e8   0x000037e8   0x0000002c   Code   RO          693    .text               c_w.l(_printf_wchar.o)
    0x00003814   0x00003814   0x00000040   Code   RO          695    .text               c_w.l(_wcrtomb.o)
    0x00003854   0x00003854   0x0000004a   Code   RO          701    .text               c_w.l(sys_stackheap_outer.o)
    0x0000389e   0x0000389e   0x00000002   PAD
    0x000038a0   0x000038a0   0x00000010   Code   RO          703    .text               c_w.l(rt_ctype_table.o)
    0x000038b0   0x000038b0   0x00000008   Code   RO          708    .text               c_w.l(rt_locale_intlibspace.o)
    0x000038b8   0x000038b8   0x00000080   Code   RO          710    .text               c_w.l(_printf_fp_infnan.o)
    0x00003938   0x00003938   0x000000e4   Code   RO          712    .text               c_w.l(bigflt0.o)
    0x00003a1c   0x00003a1c   0x00000012   Code   RO          740    .text               c_w.l(exit.o)
    0x00003a2e   0x00003a2e   0x00000002   PAD
    0x00003a30   0x00003a30   0x00000008   Code   RO          759    .text               c_w.l(libspace.o)
    0x00003a38   0x00003a38   0x00000080   Code   RO          773    .text               c_w.l(strcmpv7m.o)
    0x00003ab8   0x00003ab8   0x0000003e   Code   RO          715    CL$$btod_d2e        c_w.l(btod.o)
    0x00003af6   0x00003af6   0x00000046   Code   RO          717    CL$$btod_d2e_denorm_low  c_w.l(btod.o)
    0x00003b3c   0x00003b3c   0x00000060   Code   RO          716    CL$$btod_d2e_norm_op1  c_w.l(btod.o)
    0x00003b9c   0x00003b9c   0x00000338   Code   RO          725    CL$$btod_div_common  c_w.l(btod.o)
    0x00003ed4   0x00003ed4   0x000000dc   Code   RO          722    CL$$btod_e2e        c_w.l(btod.o)
    0x00003fb0   0x00003fb0   0x0000002a   Code   RO          719    CL$$btod_ediv       c_w.l(btod.o)
    0x00003fda   0x00003fda   0x0000002a   Code   RO          718    CL$$btod_emul       c_w.l(btod.o)
    0x00004004   0x00004004   0x00000244   Code   RO          724    CL$$btod_mult_common  c_w.l(btod.o)
    0x00004248   0x00004248   0x00000030   Code   RO          755    i.__ARM_fpclassify  m_wm.l(fpclassify.o)
    0x00004278   0x00004278   0x0000000e   Code   RO          523    i._is_digit         c_w.l(__printf_wp.o)
    0x00004286   0x00004286   0x00000002   PAD
    0x00004288   0x00004288   0x0000002c   Code   RO          738    locale$$code        c_w.l(lc_numeric_c.o)
    0x000042b4   0x000042b4   0x0000002c   Code   RO          767    locale$$code        c_w.l(lc_ctype_c.o)
    0x000042e0   0x000042e0   0x0000000a   Code   RO          699    x$fpl$fpinit        fz_wm.l(fpinit.o)
    0x000042ea   0x000042ea   0x00000000   Code   RO          754    x$fpl$usenofp       fz_wm.l(usenofp.o)
    0x000042ea   0x000042ea   0x000001c2   Data   RO            2    .constdata          bloque.o
    0x000044ac   0x000044ac   0x000000b8   Data   RO           43    .constdata          cuveta.o
    0x00004564   0x00004564   0x00000e14   Data   RO           67    .constdata          font_8x16.o
    0x00005378   0x00005378   0x00002a14   Data   RO           82    .constdata          font_12x24.o
    0x00007d8c   0x00007d8c   0x00003814   Data   RO           91    .constdata          font_16x32.o
    0x0000b5a0   0x0000b5a0   0x0000002f   Data   RO          104    .constdata          glcd.o
    0x0000b5cf   0x0000b5cf   0x00000038   Data   RO          301    .constdata          pieza.o
    0x0000b607   0x0000b607   0x00000011   Data   RO          531    .constdata          c_w.l(__printf_flags_ss_wp.o)
    0x0000b618   0x0000b618   0x00000008   Data   RO          569    .constdata          c_w.l(_printf_wctomb.o)
    0x0000b620   0x0000b620   0x00000028   Data   RO          598    .constdata          c_w.l(_printf_hex_int_ll_ptr.o)
    0x0000b648   0x0000b648   0x00000094   Data   RO          713    .constdata          c_w.l(bigflt0.o)
    0x0000b6dc   0x0000b6dc   0x00000020   Data   RO          832    Region$$Table       anon$$obj.o
    0x0000b6fc   0x0000b6fc   0x0000001c   Data   RO          737    locale$$data        c_w.l(lc_numeric_c.o)
    0x0000b718   0x0000b718   0x00000110   Data   RO          766    locale$$data        c_w.l(lc_ctype_c.o)


    Execution Region RW_IRAM1 (Exec base: 0x10000000, Load base: 0x0000b828, Size: 0x00000a28, Max: 0x00010000, ABSOLUTE, COMPRESSED[0x000000a4])

    Exec Addr    Load Addr    Size         Type   Attr      Idx    E Section Name        Object

    0x10000000   COMPRESSED   0x0000002c   Data   RW          105    .data               glcd.o
    0x1000002c   COMPRESSED   0x00000008   Data   RW          195    .data               juego.o
    0x10000034   COMPRESSED   0x000000dc   Data   RW          287    .data               menu.o
    0x10000110   COMPRESSED   0x000000c4   Data   RW          302    .data               pieza.o
    0x100001d4   COMPRESSED   0x00000008   Data   RW          320    .data               sdram.o
    0x100001dc   COMPRESSED   0x00000004   Data   RW          355    .data               timer0.o
    0x100001e0   COMPRESSED   0x00000008   Data   RW          386    .data               timer1.o
    0x100001e8   COMPRESSED   0x00000010   Data   RW          471    .data               system_lpc407x_8x_177x_8x.o
    0x100001f8        -       0x000002e8   Zero   RW          194    .bss                juego.o
    0x100004e0        -       0x000000e4   Zero   RW          538    .bss                c_w.l(rand.o)
    0x100005c4        -       0x00000060   Zero   RW          760    .bss                c_w.l(libspace.o)
    0x10000624   COMPRESSED   0x00000004   PAD
    0x10000628        -       0x00000000   Zero   RW          458    HEAP                startup_lpc407x_8x_177x_8x.o
    0x10000628        -       0x00000400   Zero   RW          457    STACK               startup_lpc407x_8x_177x_8x.o


==============================================================================

Image component sizes


      Code (inc. data)   RO Data    RW Data    ZI Data      Debug   Object Name

        68          6        450          0          0       5916   bloque.o
      1278        228        184          0          0       5466   cuveta.o
       204         54          0          0          0       1170   error.o
         0          0      10772          0          0        574   font_12x24.o
         0          0      14356          0          0        574   font_16x32.o
         0          0       3604          0          0       8308   font_8x16.o
      3104        192         47         44          0      35746   glcd.o
        80          6          0          0          0        568   joystick.o
       968         46          0          8        744       1604   juego.o
        10          0          0          0          0       1204   leds.o
        34          0          0          0          0        499   main.o
       512         42          0          0          0       1756   marcador.o
       140         36          0        220          0       1103   menu.o
       580        112         56        196          0       2685   pieza.o
      1804         36          0          8          0       3426   sdram.o
        64         26        228          0       1024       1172   startup_lpc407x_8x_177x_8x.o
      1032         50          0         16          0       3840   system_lpc407x_8x_177x_8x.o
        92          6          0          4          0      30708   timer0.o
       176         16          0          8          0       1470   timer1.o

    ----------------------------------------------------------------------
     10150        856      29729        504       1768     107789   Object Totals
         0          0         32          0          0          0   (incl. Generated)
         4          0          0          0          0          0   (incl. Padding)

    ----------------------------------------------------------------------

      Code (inc. data)   RO Data    RW Data    ZI Data      Debug   Library Member Name

        56          6          0          0          0         88   __2snprintf.o
        90          0          0          0          0          0   __dczerorl2.o
         8          0          0          0          0         68   __main.o
       392          4         17          0          0         92   __printf_flags_ss_wp.o
        14          0          0          0          0         68   __printf_wp.o
         0          0          0          0          0          0   __rtentry.o
        12          0          0          0          0          0   __rtentry2.o
         6          0          0          0          0          0   __rtentry4.o
        52          8          0          0          0          0   __scatter.o
        28          0          0          0          0          0   __scatter_zi.o
         6          0          0          0          0          0   _printf_a.o
         6          0          0          0          0          0   _printf_c.o
        44          0          0          0          0        108   _printf_char.o
        48          6          0          0          0         96   _printf_char_common.o
        36          4          0          0          0         80   _printf_char_file.o
        40          0          0          0          0         68   _printf_charcount.o
         6          0          0          0          0          0   _printf_d.o
       120         16          0          0          0         92   _printf_dec.o
         6          0          0          0          0          0   _printf_e.o
         6          0          0          0          0          0   _printf_f.o
      1054          0          0          0          0        216   _printf_fp_dec.o
       128         16          0          0          0         84   _printf_fp_infnan.o
         6          0          0          0          0          0   _printf_g.o
       148          4         40          0          0        160   _printf_hex_int_ll_ptr.o
         6          0          0          0          0          0   _printf_i.o
       178          0          0          0          0         88   _printf_intcommon.o
        10          0          0          0          0          0   _printf_l.o
         6          0          0          0          0          0   _printf_lc.o
        10          0          0          0          0          0   _printf_ll.o
         6          0          0          0          0          0   _printf_lld.o
         6          0          0          0          0          0   _printf_lli.o
         6          0          0          0          0          0   _printf_llo.o
         6          0          0          0          0          0   _printf_llu.o
         6          0          0          0          0          0   _printf_llx.o
       124         16          0          0          0         92   _printf_longlong_dec.o
         6          0          0          0          0          0   _printf_ls.o
         6          0          0          0          0          0   _printf_n.o
         6          0          0          0          0          0   _printf_o.o
       112         10          0          0          0        124   _printf_oct_int_ll.o
         6          0          0          0          0          0   _printf_p.o
        78          0          0          0          0        108   _printf_pad.o
         0          0          0          0          0          0   _printf_percent.o
         4          0          0          0          0          0   _printf_percent_end.o
         6          0          0          0          0          0   _printf_s.o
        82          0          0          0          0         80   _printf_str.o
        36          0          0          0          0         84   _printf_truncate.o
         6          0          0          0          0          0   _printf_u.o
        44          0          0          0          0        108   _printf_wchar.o
       188          6          8          0          0         92   _printf_wctomb.o
         6          0          0          0          0          0   _printf_x.o
        16          0          0          0          0         68   _snputc.o
        10          0          0          0          0         68   _sputc.o
        64          0          0          0          0         92   _wcrtomb.o
       228          4        148          0          0         96   bigflt0.o
      1936        128          0          0          0        672   btod.o
        12          4          0          0          0         68   c89vprintf.o
        18          0          0          0          0         80   exit.o
         6          0          0          0          0        152   heapauxi.o
        44         10        272          0          0         76   lc_ctype_c.o
        44         10         28          0          0         76   lc_numeric_c.o
         2          0          0          0          0          0   libinit.o
        38          0          0          0          0          0   libinit2.o
         2          0          0          0          0          0   libshutdown.o
         2          0          0          0          0          0   libshutdown2.o
         8          4          0          0         96         68   libspace.o
       138          0          0          0          0         80   lludiv10.o
       112         18          0          0        228        160   rand.o
        16          4          0          0          0         76   rt_ctype_table.o
         8          4          0          0          0         68   rt_locale_intlibspace.o
       138          0          0          0          0         68   rt_memcpy_v6.o
       100          0          0          0          0         80   rt_memcpy_w.o
       132          0          0          0          0         68   rt_memmove_v6.o
       122          0          0          0          0         80   rt_memmove_w.o
         2          0          0          0          0          0   rtexit.o
        10          0          0          0          0          0   rtexit2.o
       128          0          0          0          0         68   strcmpv7m.o
        74          0          0          0          0         80   sys_stackheap_outer.o
         2          0          0          0          0         68   use_no_semi.o
        10          0          0          0          0        116   fpinit.o
         4          0          0          0          0        116   printf1.o
         0          0          0          0          0          0   usenofp.o
        48          0          0          0          0        124   fpclassify.o

    ----------------------------------------------------------------------
      6752        282        513          0        328       4764   Library Totals
        16          0          0          0          4          0   (incl. Padding)

    ----------------------------------------------------------------------

      Code (inc. data)   RO Data    RW Data    ZI Data      Debug   Library Name

      6674        282        513          0        324       4408   c_w.l
        14          0          0          0          0        232   fz_wm.l
        48          0          0          0          0        124   m_wm.l

    ----------------------------------------------------------------------
      6752        282        513          0        328       4764   Library Totals

    ----------------------------------------------------------------------

==============================================================================


      Code (inc. data)   RO Data    RW Data    ZI Data      Debug   

     16902       1138      30242        504       2096     108109   Grand Totals
     16902       1138      30242        164       2096     108109   ELF Image Totals (compressed)
     16902       1138      30242        164          0          0   ROM Totals

==============================================================================

    Total RO  Size (Code + RO Data)                47144 (  46.04kB)
    Total RW  Size (RW Data + ZI Data)              2600 (   2.54kB)
    Total ROM Size (Code + RO Data + RW Data)      47308 (  46.20kB)

==============================================================================

