V3 3
FL C:/Users/Jesus/Xilinx/PFP5/ControlUnit.vhd 2018/01/25.11:07:17 P.28xd
EN work/ControlUnit 1516874842 FL C:/Users/Jesus/Xilinx/PFP5/ControlUnit.vhd \
      PB ieee/std_logic_1164 1341906176
AR work/ControlUnit/Behavioral 1516874843 \
      FL C:/Users/Jesus/Xilinx/PFP5/ControlUnit.vhd EN work/ControlUnit 1516874842
