EN deco2to4 NULL C:/Users/Jesus/Xilinx/PFP3/Deco2to4.vhd sub00/vhpl12 1516707963
EN mux8_4bits NULL C:/Users/Jesus/Xilinx/PFP3/Mux8_4bits.vhd sub00/vhpl16 1516707945
EN mux2_3bits NULL C:/Users/Jesus/Xilinx/PFP3/Mux2_3bits.vhd sub00/vhpl23 1516701576
AR ffd behavioral C:/Users/Jesus/Xilinx/PFP3/FFD.vhd sub00/vhpl07 1516707950
EN ram_16x10 NULL C:/Users/Jesus/Xilinx/PFP3/RAM_16x10.vhd sub00/vhpl00 1516707955
AR banco_registros behavioral C:/Users/Jesus/Xilinx/PFP3/Banco_Registros.vhd sub00/vhpl21 1516707966
EN datapath NULL C:/Users/Jesus/Xilinx/PFP3/DataPath.vhd sub00/vhpl10 1516707961
AR reg_10bits behavioral C:/Users/Jesus/Xilinx/PFP3/Reg_10bits.vhd sub00/vhpl19 1516707952
AR ram_banco_datapath behavioral C:/Users/Jesus/Xilinx/PFP3/RAM_Banco_DataPath.vhd sub00/vhpl29 1516707968
EN mux2_4bits NULL C:/Users/Jesus/Xilinx/PFP3/Mux2_4bits.vhd sub00/vhpl25 1516707959
EN demux_ram NULL C:/Users/Jesus/Xilinx/PFP3/Demux_RAM.vhd sub00/vhpl27 1516707953
AR deco1to2 behavioral C:/Users/Jesus/Xilinx/PFP3/Deco1to2.vhd sub00/vhpl03 1516707958
EN ffd NULL C:/Users/Jesus/Xilinx/PFP3/FFD.vhd sub00/vhpl06 1516707949
EN deco1to2 NULL C:/Users/Jesus/Xilinx/PFP3/Deco1to2.vhd sub00/vhpl02 1516707957
AR reg_4bits behavioral C:/Users/Jesus/Xilinx/PFP3/Reg_4bits.vhd sub00/vhpl09 1516707944
AR mux2_3bits behavioral C:/Users/Jesus/Xilinx/PFP3/Mux2_3bits.vhd sub00/vhpl24 1516701577
AR deco2to4 behavioral C:/Users/Jesus/Xilinx/PFP3/Deco2to4.vhd sub00/vhpl13 1516707964
AR mux8_4bits behavioral C:/Users/Jesus/Xilinx/PFP3/Mux8_4bits.vhd sub00/vhpl17 1516707946
EN banco_registros NULL C:/Users/Jesus/Xilinx/PFP3/Banco_Registros.vhd sub00/vhpl20 1516707965
AR deco3to8 behavioral C:/Users/Jesus/Xilinx/PFP3/Deco3to8.vhd sub00/vhpl15 1516707942
EN deco3to8 NULL C:/Users/Jesus/Xilinx/PFP3/Deco3to8.vhd sub00/vhpl14 1516707941
AR alu behavioral C:/Users/Jesus/Xilinx/PFP3/ALU.vhd sub00/vhpl05 1516707948
EN reg_10bits NULL C:/Users/Jesus/Xilinx/PFP3/Reg_10bits.vhd sub00/vhpl18 1516707951
AR datapath behavioral C:/Users/Jesus/Xilinx/PFP3/DataPath.vhd sub00/vhpl11 1516707962
EN ram_banco_datapath NULL C:/Users/Jesus/Xilinx/PFP3/RAM_Banco_DataPath.vhd sub00/vhpl22 1516707967
EN reg_4bits NULL C:/Users/Jesus/Xilinx/PFP3/Reg_4bits.vhd sub00/vhpl08 1516707943
AR mux2_4bits behavioral C:/Users/Jesus/Xilinx/PFP3/Mux2_4bits.vhd sub00/vhpl26 1516707960
AR demux_ram behavioral C:/Users/Jesus/Xilinx/PFP3/Demux_RAM.vhd sub00/vhpl28 1516707954
AR ram_16x10 behavioral C:/Users/Jesus/Xilinx/PFP3/RAM_16x10.vhd sub00/vhpl01 1516707956
EN alu NULL C:/Users/Jesus/Xilinx/PFP3/ALU.vhd sub00/vhpl04 1516707947
