EN ram_16x4 NULL C:/Users/Jesus/Xilinx/Proyecto29/RAM_16x4.vhd sub00/vhpl07 1513772352
EN display7seg_4on NULL C:/Users/Jesus/Xilinx/Proyecto29/Display7Seg_4ON.vhd sub00/vhpl35 1513772380
AR clk_1khz behavioral C:/Users/Jesus/Xilinx/Proyecto29/CLK_1KHz.vhd sub00/vhpl30 1513772365
EN clk_1khz NULL C:/Users/Jesus/Xilinx/Proyecto29/CLK_1KHz.vhd sub00/vhpl29 1513772364
EN mux2_3bits NULL C:/Users/Jesus/Xilinx/Proyecto29/Mux2_3bits.vhd sub00/vhpl25 1513772376
AR alu_4bits behavioral C:/Users/Jesus/Xilinx/Proyecto29/ALU_4bits.vhd sub00/vhpl04 1513772349
AR ffd behavioral C:/Users/Jesus/Xilinx/Proyecto29/FFD.vhd sub00/vhpl06 1513772351
EN datapath_01 NULL C:/Users/Jesus/Xilinx/Proyecto29/DataPath_01.vhd sub00/vhpl09 1513772354
AR ram_datapath_01 behavioral C:/Users/Jesus/Xilinx/Proyecto29/RAM_DataPath_01.vhd sub00/vhpl12 1513772357
AR rom_ram_datapath_01 behavioral C:/Users/Jesus/Xilinx/Proyecto29/ROM_RAM_DataPath_01.vhd sub00/vhpl20 1513772371
AR reg_10bits behavioral C:/Users/Jesus/Xilinx/Proyecto29/Reg_10bits.vhd sub00/vhpl16 1513772361
EN mux2_4bits NULL C:/Users/Jesus/Xilinx/Proyecto29/Mux2_4bits.vhd sub00/vhpl17 1513772362
EN inc_3bits NULL C:/Users/Jesus/Xilinx/Proyecto29/Inc_3bits.vhd sub00/vhpl23 1513772374
EN disp7seg NULL C:/Users/Jesus/Xilinx/Proyecto29/Disp7Seg.vhd sub00/vhpl33 1513772368
AR datapath_01 behavioral C:/Users/Jesus/Xilinx/Proyecto29/DataPath_01.vhd sub00/vhpl10 1513772355
EN ffd NULL C:/Users/Jesus/Xilinx/Proyecto29/FFD.vhd sub00/vhpl05 1513772350
AR rom_8x10 behavioral C:/Users/Jesus/Xilinx/Proyecto29/ROM_8x10.vhd sub00/vhpl14 1513772359
AR inc_3bits behavioral C:/Users/Jesus/Xilinx/Proyecto29/Inc_3bits.vhd sub00/vhpl24 1513772375
AR disp7seg behavioral C:/Users/Jesus/Xilinx/Proyecto29/Disp7Seg.vhd sub00/vhpl34 1513772369
AR reg_4bits behavioral C:/Users/Jesus/Xilinx/Proyecto29/Reg_4bits.vhd sub00/vhpl02 1513772347
EN counter_2bits NULL C:/Users/Jesus/Xilinx/Proyecto29/Counter_2bits.vhd sub00/vhpl31 1513772366
AR mux2_3bits behavioral C:/Users/Jesus/Xilinx/Proyecto29/Mux2_3bits.vhd sub00/vhpl26 1513772377
EN rom_ram_datapath_01 NULL C:/Users/Jesus/Xilinx/Proyecto29/ROM_RAM_DataPath_01.vhd sub00/vhpl19 1513772370
EN alu_4bits NULL C:/Users/Jesus/Xilinx/Proyecto29/ALU_4bits.vhd sub00/vhpl03 1513772348
EN ram_datapath_01 NULL C:/Users/Jesus/Xilinx/Proyecto29/RAM_DataPath_01.vhd sub00/vhpl11 1513772356
EN top04 NULL C:/Users/Jesus/Xilinx/Proyecto29/TOP04.vhd sub00/vhpl28 1513772382
AR display7seg_4on behavioral C:/Users/Jesus/Xilinx/Proyecto29/Display7Seg_4ON.vhd sub00/vhpl36 1513772381
AR ram_16x4 behavioral C:/Users/Jesus/Xilinx/Proyecto29/RAM_16x4.vhd sub00/vhpl08 1513772353
EN microarq_didacomp NULL C:/Users/Jesus/Xilinx/Proyecto29/MicroArq_DidaComp.vhd sub00/vhpl00 1513772378
EN rom_8x10 NULL C:/Users/Jesus/Xilinx/Proyecto29/ROM_8x10.vhd sub00/vhpl13 1513772358
AR microarq_didacomp behavioral C:/Users/Jesus/Xilinx/Proyecto29/MicroArq_DidaComp.vhd sub00/vhpl27 1513772379
EN reg_3bits NULL C:/Users/Jesus/Xilinx/Proyecto29/Reg_3bits.vhd sub00/vhpl21 1513772372
AR counter_2bits behavioral C:/Users/Jesus/Xilinx/Proyecto29/Counter_2bits.vhd sub00/vhpl32 1513772367
EN reg_10bits NULL C:/Users/Jesus/Xilinx/Proyecto29/Reg_10bits.vhd sub00/vhpl15 1513772360
AR top04 behavioral C:/Users/Jesus/Xilinx/Proyecto29/TOP04.vhd sub00/vhpl37 1513772383
EN reg_4bits NULL C:/Users/Jesus/Xilinx/Proyecto29/Reg_4bits.vhd sub00/vhpl01 1513772346
AR mux2_4bits behavioral C:/Users/Jesus/Xilinx/Proyecto29/Mux2_4bits.vhd sub00/vhpl18 1513772363
AR reg_3bits behavioral C:/Users/Jesus/Xilinx/Proyecto29/Reg_3bits.vhd sub00/vhpl22 1513772373
