V3 3
FL C:/Users/Jesus/Xilinx/Proyecto32/ControlUnit_DidaComp.vhd 2018/01/17.11:32:16 P.28xd
EN work/ControlUnit_DidaComp 1516185139 \
      FL C:/Users/Jesus/Xilinx/Proyecto32/ControlUnit_DidaComp.vhd \
      PB ieee/std_logic_1164 1341906176
AR work/ControlUnit_DidaComp/Behavioral 1516185140 \
      FL C:/Users/Jesus/Xilinx/Proyecto32/ControlUnit_DidaComp.vhd \
      EN work/ControlUnit_DidaComp 1516185139
