EN display7seg_4on NULL C:/Users/Jesus/Xilinx/Proyecto23/Display7Seg_4ON.vhd sub00/vhpl08 1511350827
AR clk_1khz behavioral C:/Users/Jesus/Xilinx/Proyecto23/CLK_1KHz.vhd sub00/vhpl13 1511350814
EN clk_1khz NULL C:/Users/Jesus/Xilinx/Proyecto23/CLK_1KHz.vhd sub00/vhpl12 1511350813
AR alu_4bits behavioral C:/Users/Jesus/Xilinx/Proyecto23/ALU_4bits.vhd sub00/vhpl05 1511350822
AR ffd behavioral C:/Users/Jesus/Xilinx/Proyecto23/FFD.vhd sub00/vhpl07 1511350824
EN datapath_01 NULL C:/Users/Jesus/Xilinx/Proyecto23/DataPath_01.vhd sub00/vhpl00 1511350825
EN disp7seg NULL C:/Users/Jesus/Xilinx/Proyecto23/Disp7Seg.vhd sub00/vhpl16 1511350817
AR datapath_01 behavioral C:/Users/Jesus/Xilinx/Proyecto23/DataPath_01.vhd sub00/vhpl03 1511350826
EN ffd NULL C:/Users/Jesus/Xilinx/Proyecto23/FFD.vhd sub00/vhpl06 1511350823
AR disp7seg behavioral C:/Users/Jesus/Xilinx/Proyecto23/Disp7Seg.vhd sub00/vhpl17 1511350818
AR reg_4bits behavioral C:/Users/Jesus/Xilinx/Proyecto23/Reg_4bits.vhd sub00/vhpl02 1511350820
EN counter_2bits NULL C:/Users/Jesus/Xilinx/Proyecto23/Counter_2bits.vhd sub00/vhpl14 1511350815
EN alu_4bits NULL C:/Users/Jesus/Xilinx/Proyecto23/ALU_4bits.vhd sub00/vhpl04 1511350821
AR top01 behavioral C:/Users/Jesus/Xilinx/Proyecto23/Top01.vhd sub00/vhpl11 1511350830
EN top01 NULL C:/Users/Jesus/Xilinx/Proyecto23/Top01.vhd sub00/vhpl10 1511350829
AR display7seg_4on behavioral C:/Users/Jesus/Xilinx/Proyecto23/Display7Seg_4ON.vhd sub00/vhpl09 1511350828
AR counter_2bits behavioral C:/Users/Jesus/Xilinx/Proyecto23/Counter_2bits.vhd sub00/vhpl15 1511350816
EN reg_4bits NULL C:/Users/Jesus/Xilinx/Proyecto23/Reg_4bits.vhd sub00/vhpl01 1511350819
