V3 35
FL C:/Users/Jesus/Xilinx/Proyecto23/ALU_4bits.vhd 2017/10/27.08:34:53 P.28xd
EN work/ALU_4bits 1511350821 FL C:/Users/Jesus/Xilinx/Proyecto23/ALU_4bits.vhd \
      PB ieee/std_logic_1164 1341906176 PB ieee/NUMERIC_STD 1341906182
AR work/ALU_4bits/Behavioral 1511350822 \
      FL C:/Users/Jesus/Xilinx/Proyecto23/ALU_4bits.vhd EN work/ALU_4bits 1511350821
FL C:/Users/Jesus/Xilinx/Proyecto23/CLK_1KHz.vhd 2017/11/15.12:36:40 P.28xd
EN work/CLK_1KHz 1511350813 FL C:/Users/Jesus/Xilinx/Proyecto23/CLK_1KHz.vhd \
      PB ieee/std_logic_1164 1341906176
AR work/CLK_1KHz/Behavioral 1511350814 \
      FL C:/Users/Jesus/Xilinx/Proyecto23/CLK_1KHz.vhd EN work/CLK_1KHz 1511350813
FL C:/Users/Jesus/Xilinx/Proyecto23/Counter_2bits.vhd 2017/11/15.10:32:35 P.28xd
EN work/Counter_2bits 1511350815 \
      FL C:/Users/Jesus/Xilinx/Proyecto23/Counter_2bits.vhd \
      PB ieee/std_logic_1164 1341906176 PB ieee/NUMERIC_STD 1341906182
AR work/Counter_2bits/Behavioral 1511350816 \
      FL C:/Users/Jesus/Xilinx/Proyecto23/Counter_2bits.vhd EN work/Counter_2bits 1511350815
FL C:/Users/Jesus/Xilinx/Proyecto23/DataPath_01.vhd 2017/11/22.11:50:26 P.28xd
EN work/DataPath_01 1511350825 \
      FL C:/Users/Jesus/Xilinx/Proyecto23/DataPath_01.vhd PB ieee/std_logic_1164 1341906176
AR work/DataPath_01/Behavioral 1511350826 \
      FL C:/Users/Jesus/Xilinx/Proyecto23/DataPath_01.vhd EN work/DataPath_01 1511350825 \
      CP Reg_4bits CP ALU_4bits CP FFD
FL C:/Users/Jesus/Xilinx/Proyecto23/Disp7Seg.vhd 2017/10/18.10:11:35 P.28xd
EN work/Disp7Seg 1511350817 FL C:/Users/Jesus/Xilinx/Proyecto23/Disp7Seg.vhd \
      PB ieee/std_logic_1164 1341906176
AR work/Disp7Seg/Behavioral 1511350818 \
      FL C:/Users/Jesus/Xilinx/Proyecto23/Disp7Seg.vhd EN work/Disp7Seg 1511350817
FL C:/Users/Jesus/Xilinx/Proyecto23/Display7Seg_4ON.vhd 2017/11/22.10:55:11 P.28xd
EN work/Display7Seg_4ON 1511350827 \
      FL C:/Users/Jesus/Xilinx/Proyecto23/Display7Seg_4ON.vhd \
      PB ieee/std_logic_1164 1341906176
AR work/Display7Seg_4ON/Behavioral 1511350828 \
      FL C:/Users/Jesus/Xilinx/Proyecto23/Display7Seg_4ON.vhd \
      EN work/Display7Seg_4ON 1511350827 CP CLK_1KHz CP Counter_2bits CP Disp7Seg
FL C:/Users/Jesus/Xilinx/Proyecto23/FFD.vhd 2017/11/08.11:06:06 P.28xd
EN work/FFD 1511350823 FL C:/Users/Jesus/Xilinx/Proyecto23/FFD.vhd \
      PB ieee/std_logic_1164 1341906176
AR work/FFD/Behavioral 1511350824 \
      FL C:/Users/Jesus/Xilinx/Proyecto23/FFD.vhd EN work/FFD 1511350823
FL C:/Users/Jesus/Xilinx/Proyecto23/Reg_4bits.vhd 2017/11/10.09:45:01 P.28xd
EN work/Reg_4bits 1511350819 FL C:/Users/Jesus/Xilinx/Proyecto23/Reg_4bits.vhd \
      PB ieee/std_logic_1164 1341906176
AR work/Reg_4bits/Behavioral 1511350820 \
      FL C:/Users/Jesus/Xilinx/Proyecto23/Reg_4bits.vhd EN work/Reg_4bits 1511350819
FL C:/Users/Jesus/Xilinx/Proyecto23/Top01.vhd 2017/11/22.12:40:10 P.28xd
EN work/Top01 1511350829 FL C:/Users/Jesus/Xilinx/Proyecto23/Top01.vhd \
      PB ieee/std_logic_1164 1341906176
AR work/Top01/Behavioral 1511350830 \
      FL C:/Users/Jesus/Xilinx/Proyecto23/Top01.vhd EN work/Top01 1511350829 \
      CP DataPath_01 CP Display7Seg_4ON
