EN ram_16x4 NULL C:/Users/Jesus/Xilinx/Proyecto26/RAM_16x4.vhd sub00/vhpl06 1513156654
AR top02 behavioral C:/Users/Jesus/Xilinx/Proyecto26/TOP02.vhd sub00/vhpl21 1513156663
EN display7seg_4on NULL C:/Users/Jesus/Xilinx/Proyecto26/Display7Seg_4ON.vhd sub00/vhpl18 1513156660
AR clk_1khz behavioral C:/Users/Jesus/Xilinx/Proyecto26/CLK_1KHz.vhd sub00/vhpl13 1513156649
EN clk_1khz NULL C:/Users/Jesus/Xilinx/Proyecto26/CLK_1KHz.vhd sub00/vhpl12 1513156648
AR alu_4bits behavioral C:/Users/Jesus/Xilinx/Proyecto26/ALU_4bits.vhd sub00/vhpl03 1513156645
AR ffd behavioral C:/Users/Jesus/Xilinx/Proyecto26/FFD.vhd sub00/vhpl05 1513156647
EN datapath_01 NULL C:/Users/Jesus/Xilinx/Proyecto26/DataPath_01.vhd sub00/vhpl08 1513156656
AR ram_datapath_01 behavioral C:/Users/Jesus/Xilinx/Proyecto26/RAM_DataPath_01.vhd sub00/vhpl11 1513156659
EN disp7seg NULL C:/Users/Jesus/Xilinx/Proyecto26/Disp7Seg.vhd sub00/vhpl16 1513156652
AR datapath_01 behavioral C:/Users/Jesus/Xilinx/Proyecto26/DataPath_01.vhd sub00/vhpl09 1513156657
EN ffd NULL C:/Users/Jesus/Xilinx/Proyecto26/FFD.vhd sub00/vhpl04 1513156646
AR disp7seg behavioral C:/Users/Jesus/Xilinx/Proyecto26/Disp7Seg.vhd sub00/vhpl17 1513156653
AR reg_4bits behavioral C:/Users/Jesus/Xilinx/Proyecto26/Reg_4bits.vhd sub00/vhpl01 1513156643
EN counter_2bits NULL C:/Users/Jesus/Xilinx/Proyecto26/Counter_2bits.vhd sub00/vhpl14 1513156650
EN alu_4bits NULL C:/Users/Jesus/Xilinx/Proyecto26/ALU_4bits.vhd sub00/vhpl02 1513156644
EN ram_datapath_01 NULL C:/Users/Jesus/Xilinx/Proyecto26/RAM_DataPath_01.vhd sub00/vhpl10 1513156658
EN top02 NULL C:/Users/Jesus/Xilinx/Proyecto26/TOP02.vhd sub00/vhpl20 1513156662
AR display7seg_4on behavioral C:/Users/Jesus/Xilinx/Proyecto26/Display7Seg_4ON.vhd sub00/vhpl19 1513156661
AR ram_16x4 behavioral C:/Users/Jesus/Xilinx/Proyecto26/RAM_16x4.vhd sub00/vhpl07 1513156655
AR counter_2bits behavioral C:/Users/Jesus/Xilinx/Proyecto26/Counter_2bits.vhd sub00/vhpl15 1513156651
EN reg_4bits NULL C:/Users/Jesus/Xilinx/Proyecto26/Reg_4bits.vhd sub00/vhpl00 1513156642
