V3 43
FL C:/Users/Jesus/Xilinx/Proyecto26/ALU_4bits.vhd 2017/10/27.08:34:53 P.28xd
EN work/ALU_4bits 1513156644 FL C:/Users/Jesus/Xilinx/Proyecto26/ALU_4bits.vhd \
      PB ieee/std_logic_1164 1341906176 PB ieee/NUMERIC_STD 1341906182
AR work/ALU_4bits/Behavioral 1513156645 \
      FL C:/Users/Jesus/Xilinx/Proyecto26/ALU_4bits.vhd EN work/ALU_4bits 1513156644
FL C:/Users/Jesus/Xilinx/Proyecto26/CLK_1KHz.vhd 2017/11/15.12:36:40 P.28xd
EN work/CLK_1KHz 1513156648 FL C:/Users/Jesus/Xilinx/Proyecto26/CLK_1KHz.vhd \
      PB ieee/std_logic_1164 1341906176
AR work/CLK_1KHz/Behavioral 1513156649 \
      FL C:/Users/Jesus/Xilinx/Proyecto26/CLK_1KHz.vhd EN work/CLK_1KHz 1513156648
FL C:/Users/Jesus/Xilinx/Proyecto26/Counter_2bits.vhd 2017/11/15.10:32:35 P.28xd
EN work/Counter_2bits 1513156650 \
      FL C:/Users/Jesus/Xilinx/Proyecto26/Counter_2bits.vhd \
      PB ieee/std_logic_1164 1341906176 PB ieee/NUMERIC_STD 1341906182
AR work/Counter_2bits/Behavioral 1513156651 \
      FL C:/Users/Jesus/Xilinx/Proyecto26/Counter_2bits.vhd EN work/Counter_2bits 1513156650
FL C:/Users/Jesus/Xilinx/Proyecto26/DataPath_01.vhd 2017/11/22.11:50:26 P.28xd
EN work/DataPath_01 1513156656 \
      FL C:/Users/Jesus/Xilinx/Proyecto26/DataPath_01.vhd PB ieee/std_logic_1164 1341906176
AR work/DataPath_01/Behavioral 1513156657 \
      FL C:/Users/Jesus/Xilinx/Proyecto26/DataPath_01.vhd EN work/DataPath_01 1513156656 \
      CP Reg_4bits CP ALU_4bits CP FFD
FL C:/Users/Jesus/Xilinx/Proyecto26/Disp7Seg.vhd 2017/10/18.10:11:35 P.28xd
EN work/Disp7Seg 1513156652 FL C:/Users/Jesus/Xilinx/Proyecto26/Disp7Seg.vhd \
      PB ieee/std_logic_1164 1341906176
AR work/Disp7Seg/Behavioral 1513156653 \
      FL C:/Users/Jesus/Xilinx/Proyecto26/Disp7Seg.vhd EN work/Disp7Seg 1513156652
FL C:/Users/Jesus/Xilinx/Proyecto26/Display7Seg_4ON.vhd 2017/11/22.10:55:11 P.28xd
EN work/Display7Seg_4ON 1513156660 \
      FL C:/Users/Jesus/Xilinx/Proyecto26/Display7Seg_4ON.vhd \
      PB ieee/std_logic_1164 1341906176
AR work/Display7Seg_4ON/Behavioral 1513156661 \
      FL C:/Users/Jesus/Xilinx/Proyecto26/Display7Seg_4ON.vhd \
      EN work/Display7Seg_4ON 1513156660 CP CLK_1KHz CP Counter_2bits CP Disp7Seg
FL C:/Users/Jesus/Xilinx/Proyecto26/FFD.vhd 2017/11/08.11:06:06 P.28xd
EN work/FFD 1513156646 FL C:/Users/Jesus/Xilinx/Proyecto26/FFD.vhd \
      PB ieee/std_logic_1164 1341906176
AR work/FFD/Behavioral 1513156647 \
      FL C:/Users/Jesus/Xilinx/Proyecto26/FFD.vhd EN work/FFD 1513156646
FL C:/Users/Jesus/Xilinx/Proyecto26/RAM_16x4.vhd 2017/12/13.10:17:19 P.28xd
EN work/RAM_16x4 1513156654 FL C:/Users/Jesus/Xilinx/Proyecto26/RAM_16x4.vhd \
      PB ieee/std_logic_1164 1341906176 PB ieee/NUMERIC_STD 1341906182
AR work/RAM_16x4/Behavioral 1513156655 \
      FL C:/Users/Jesus/Xilinx/Proyecto26/RAM_16x4.vhd EN work/RAM_16x4 1513156654
FL C:/Users/Jesus/Xilinx/Proyecto26/RAM_DataPath_01.vhd 2017/12/01.09:38:22 P.28xd
EN work/RAM_DataPath_01 1513156658 \
      FL C:/Users/Jesus/Xilinx/Proyecto26/RAM_DataPath_01.vhd \
      PB ieee/std_logic_1164 1341906176
AR work/RAM_DataPath_01/Behavioral 1513156659 \
      FL C:/Users/Jesus/Xilinx/Proyecto26/RAM_DataPath_01.vhd \
      EN work/RAM_DataPath_01 1513156658 CP RAM_16x4 CP DataPath_01
FL C:/Users/Jesus/Xilinx/Proyecto26/Reg_4bits.vhd 2017/11/10.09:45:01 P.28xd
EN work/Reg_4bits 1513156642 FL C:/Users/Jesus/Xilinx/Proyecto26/Reg_4bits.vhd \
      PB ieee/std_logic_1164 1341906176
AR work/Reg_4bits/Behavioral 1513156643 \
      FL C:/Users/Jesus/Xilinx/Proyecto26/Reg_4bits.vhd EN work/Reg_4bits 1513156642
FL C:/Users/Jesus/Xilinx/Proyecto26/TOP02.vhd 2017/12/13.10:16:11 P.28xd
EN work/TOP02 1513156662 FL C:/Users/Jesus/Xilinx/Proyecto26/TOP02.vhd \
      PB ieee/std_logic_1164 1341906176
AR work/TOP02/Behavioral 1513156663 \
      FL C:/Users/Jesus/Xilinx/Proyecto26/TOP02.vhd EN work/TOP02 1513156662 \
      CP RAM_DataPath_01 CP Display7Seg_4ON
