Component: ARM Compiler 5.06 update 5 (build 528) Tool: armlink [4d35e2]

==============================================================================

Section Cross References

    gpio_lpc40xx.o(i.gpio_ajustar_dir) refers to error.o(i.parar_con_error) for parar_con_error
    gpio_lpc40xx.o(i.gpio_ajustar_dir) refers to gpio_lpc40xx.o(.constdata) for __FUNCTION__
    gpio_lpc40xx.o(i.gpio_obtener_dir) refers to error.o(i.parar_con_error) for parar_con_error
    gpio_lpc40xx.o(i.gpio_obtener_dir) refers to gpio_lpc40xx.o(.constdata) for __FUNCTION__
    i2c_lpc40xx.o(i.i2c_inicializar) refers to error.o(i.parar_con_error) for parar_con_error
    i2c_lpc40xx.o(i.i2c_inicializar) refers to iocon_lpc40xx.o(i.iocon_configurar_pin) for iocon_configurar_pin
    i2c_lpc40xx.o(i.i2c_inicializar) refers to i2c_lpc40xx.o(.constdata) for __FUNCTION__
    i2c_lpc40xx.o(i.i2c_inicializar) refers to system_lpc407x_8x_177x_8x.o(.data) for PeripheralClock
    i2c_lpc40xx.o(i.i2c_recibir_byte) refers to error.o(i.parar_con_error) for parar_con_error
    i2c_lpc40xx.o(i.i2c_recibir_byte) refers to i2c_lpc40xx.o(.constdata) for __FUNCTION__
    i2c_lpc40xx.o(i.i2c_start) refers to error.o(i.parar_con_error) for parar_con_error
    i2c_lpc40xx.o(i.i2c_start) refers to i2c_lpc40xx.o(.constdata) for __FUNCTION__
    i2c_lpc40xx.o(i.i2c_stop) refers to error.o(i.parar_con_error) for parar_con_error
    i2c_lpc40xx.o(i.i2c_stop) refers to i2c_lpc40xx.o(.constdata) for __FUNCTION__
    i2c_lpc40xx.o(i.i2c_transmitir_byte) refers to error.o(i.parar_con_error) for parar_con_error
    i2c_lpc40xx.o(i.i2c_transmitir_byte) refers to i2c_lpc40xx.o(.constdata) for __FUNCTION__
    iocon_lpc40xx.o(i.iocon_configurar_grupo_pines) refers to error.o(i.parar_con_error) for parar_con_error
    iocon_lpc40xx.o(i.iocon_configurar_grupo_pines) refers to iocon_lpc40xx.o(i.iocon_configurar_pin) for iocon_configurar_pin
    iocon_lpc40xx.o(i.iocon_configurar_grupo_pines) refers to iocon_lpc40xx.o(.constdata) for __FUNCTION__
    iocon_lpc40xx.o(i.iocon_configurar_pin) refers to error.o(i.parar_con_error) for parar_con_error
    iocon_lpc40xx.o(i.iocon_configurar_pin) refers to iocon_lpc40xx.o(.constdata) for __FUNCTION__
    main.o(i.main) refers to reproductor_mp3.o(i.reproducir_mp3) for reproducir_mp3
    reproductor_mp3.o(i.input) refers to _printf_percent.o(.ARM.Collect$$_printf_percent$$00000000) for _printf_percent
    reproductor_mp3.o(i.input) refers to _printf_u.o(.ARM.Collect$$_printf_percent$$0000000A) for _printf_u
    reproductor_mp3.o(i.input) refers to _printf_dec.o(.text) for _printf_int_dec
    reproductor_mp3.o(i.input) refers to reproductor_mp3.o(i.gpio_leer_pin) for gpio_leer_pin
    reproductor_mp3.o(i.input) refers to noretval__2snprintf.o(.text) for __2snprintf
    reproductor_mp3.o(i.input) refers to lcd_hd44780_lpc40xx.o(i.lcd_imprimir_cadena_xy_16x2) for lcd_imprimir_cadena_xy_16x2
    reproductor_mp3.o(i.input) refers to lcd_hd44780_lpc40xx.o(i.lcd_cursor_xy_16x2) for lcd_cursor_xy_16x2
    reproductor_mp3.o(i.input) refers to rt_memmove_v6.o(.text) for __aeabi_memmove
    reproductor_mp3.o(i.input) refers to uart_lpc40xx_xon_xoff.o(i.uart_bytes_disponibles) for uart_bytes_disponibles
    reproductor_mp3.o(i.input) refers to uart_lpc40xx_xon_xoff.o(i.uart_leer) for uart_leer
    reproductor_mp3.o(i.input) refers to generacion_audio_con_uda1380.o(i.generacion_audio_esperar_fin_fragmento) for generacion_audio_esperar_fin_fragmento
    reproductor_mp3.o(i.input) refers to stream.o(i.mad_stream_buffer) for mad_stream_buffer
    reproductor_mp3.o(i.input) refers to reproductor_mp3.o(.data) for iter
    reproductor_mp3.o(i.output) refers to generacion_audio_con_uda1380.o(i.generacion_audio_ajustar_tasa_muestreo) for generacion_audio_ajustar_tasa_muestreo
    reproductor_mp3.o(i.output) refers to generacion_audio_con_uda1380.o(i.generacion_audio_encolar_bloque_muestras) for generacion_audio_encolar_bloque_muestras
    reproductor_mp3.o(i.output) refers to reproductor_mp3.o(.data) for tasa_muestreo_actual
    reproductor_mp3.o(i.reproducir_mp3) refers to generacion_audio_con_uda1380.o(i.generacion_audio_inicializar) for generacion_audio_inicializar
    reproductor_mp3.o(i.reproducir_mp3) refers to timer_lpc40xx.o(i.timer_inicializar) for timer_inicializar
    reproductor_mp3.o(i.reproducir_mp3) refers to uart_lpc40xx_xon_xoff.o(i.uart_inicializar) for uart_inicializar
    reproductor_mp3.o(i.reproducir_mp3) refers to lcd_hd44780_lpc40xx.o(i.lcd_inicializar) for lcd_inicializar
    reproductor_mp3.o(i.reproducir_mp3) refers to lcd_hd44780_lpc40xx.o(i.lcd_borrar) for lcd_borrar
    reproductor_mp3.o(i.reproducir_mp3) refers to lcd_hd44780_lpc40xx.o(i.lcd_imprimir_cadena_xy_16x2) for lcd_imprimir_cadena_xy_16x2
    reproductor_mp3.o(i.reproducir_mp3) refers to lcd_hd44780_lpc40xx.o(i.lcd_cursor_xy_16x2) for lcd_cursor_xy_16x2
[...]
    dct32                                    0x00002d93   Thumb Code  3284  synth.o(i.dct32)
    i.dctIV                                  0x00003a68   Section        0  layer3.o(i.dctIV)
    dctIV                                    0x00003a69   Thumb Code   256  layer3.o(i.dctIV)
    i.decode_header                          0x00003b6c   Section        0  frame.o(i.decode_header)
    decode_header                            0x00003b6d   Thumb Code   442  frame.o(i.decode_header)
    i.error                                  0x00003d30   Section        0  reproductor_mp3.o(i.error)
    error                                    0x00003d31   Thumb Code     6  reproductor_mp3.o(i.error)
    i.error_default                          0x00003d36   Section        0  decoder.o(i.error_default)
    error_default                            0x00003d37   Thumb Code    46  decoder.o(i.error_default)
    i.fastsdct                               0x00003d64   Section        0  layer3.o(i.fastsdct)
    fastsdct                                 0x00003d65   Thumb Code   582  layer3.o(i.fastsdct)
    i.fpu_init                               0x00003fc4   Section        0  system_lpc407x_8x_177x_8x.o(i.fpu_init)
    i.free_bitrate                           0x00004014   Section        0  frame.o(i.free_bitrate)
    free_bitrate                             0x00004015   Thumb Code   258  frame.o(i.free_bitrate)
    i.gcd                                    0x00004116   Section        0  timer.o(i.gcd)
    gcd                                      0x00004117   Thumb Code    20  timer.o(i.gcd)
    i.generacion_audio_ajustar_tasa_muestreo 0x0000412a   Section        0  generacion_audio_con_uda1380.o(i.generacion_audio_ajustar_tasa_muestreo)
    i.generacion_audio_deshabilitar          0x0000412c   Section        0  generacion_audio_con_uda1380.o(i.generacion_audio_deshabilitar)
    i.generacion_audio_encolar_bloque_muestras 0x00004174   Section        0  generacion_audio_con_uda1380.o(i.generacion_audio_encolar_bloque_muestras)
    i.generacion_audio_esperar_fin_fragmento 0x00004318   Section        0  generacion_audio_con_uda1380.o(i.generacion_audio_esperar_fin_fragmento)
    i.generacion_audio_habilitar             0x00004320   Section        0  generacion_audio_con_uda1380.o(i.generacion_audio_habilitar)
    i.generacion_audio_inicializar           0x00004390   Section        0  generacion_audio_con_uda1380.o(i.generacion_audio_inicializar)
    i.gpio_leer_pin                          0x000043b8   Section        0  reproductor_mp3.o(i.gpio_leer_pin)
    gpio_leer_pin                            0x000043b9   Thumb Code    16  reproductor_mp3.o(i.gpio_leer_pin)
    i.i2c_inicializar                        0x000043c8   Section        0  i2c_lpc40xx.o(i.i2c_inicializar)
    i.i2c_start                              0x00004548   Section        0  i2c_lpc40xx.o(i.i2c_start)
    i.i2c_stop                               0x000045b8   Section        0  i2c_lpc40xx.o(i.i2c_stop)
    i.i2c_transmitir_byte                    0x00004634   Section        0  i2c_lpc40xx.o(i.i2c_transmitir_byte)
    i.imdct36                                0x000046d0   Section        0  layer3.o(i.imdct36)
    imdct36                                  0x000046d1   Thumb Code   188  layer3.o(i.imdct36)
    i.input                                  0x0000478c   Section        0  reproductor_mp3.o(i.input)
    input                                    0x0000478d   Thumb Code   340  reproductor_mp3.o(i.input)
    i.iocon_configurar_pin                   0x000048f4   Section        0  iocon_lpc40xx.o(i.iocon_configurar_pin)
    i.lcd_borrar                             0x00004af8   Section        0  lcd_hd44780_lpc40xx.o(i.lcd_borrar)
    i.lcd_cursor_xy_16x2                     0x00004b02   Section        0  lcd_hd44780_lpc40xx.o(i.lcd_cursor_xy_16x2)
    i.lcd_escribir_dr                        0x00004b18   Section        0  lcd_hd44780_lpc40xx.o(i.lcd_escribir_dr)
    i.lcd_escribir_ir                        0x00004b98   Section        0  lcd_hd44780_lpc40xx.o(i.lcd_escribir_ir)
    i.lcd_esperar_mientras_ocupado           0x00004c08   Section        0  lcd_hd44780_lpc40xx.o(i.lcd_esperar_mientras_ocupado)
    i.lcd_imprimir_cadena_xy_16x2            0x00004c7c   Section        0  lcd_hd44780_lpc40xx.o(i.lcd_imprimir_cadena_xy_16x2)
    i.lcd_inicializar                        0x00004ce0   Section        0  lcd_hd44780_lpc40xx.o(i.lcd_inicializar)
    i.mad_bit_crc                            0x00004db8   Section        0  bit.o(i.mad_bit_crc)
    i.mad_bit_init                           0x00004ea8   Section        0  bit.o(i.mad_bit_init)
    i.mad_bit_length                         0x00004eb4   Section        0  bit.o(i.mad_bit_length)
    i.mad_bit_nextbyte                       0x00004ed2   Section        0  bit.o(i.mad_bit_nextbyte)
    i.mad_bit_read                           0x00004ee4   Section        0  bit.o(i.mad_bit_read)
    i.mad_bit_skip                           0x00004f66   Section        0  bit.o(i.mad_bit_skip)
    i.mad_decoder_finish                     0x00004f98   Section        0  decoder.o(i.mad_decoder_finish)
    i.mad_decoder_init                       0x00004f9e   Section        0  decoder.o(i.mad_decoder_init)
    i.mad_decoder_run                        0x00004fdc   Section        0  decoder.o(i.mad_decoder_run)
    i.mad_frame_decode                       0x00005030   Section        0  frame.o(i.mad_frame_decode)
    i.mad_frame_finish                       0x000050b0   Section        0  frame.o(i.mad_frame_finish)
    i.mad_frame_init                         0x000050d0   Section        0  frame.o(i.mad_frame_init)
    i.mad_frame_mute                         0x000050ee   Section        0  frame.o(i.mad_frame_mute)
    i.mad_header_decode                      0x0000516c   Section        0  frame.o(i.mad_header_decode)
    i.mad_header_init                        0x00005334   Section        0  frame.o(i.mad_header_init)
    i.mad_layer_I                            0x00005358   Section        0  layer12.o(i.mad_layer_I)
    i.mad_layer_II                           0x00005584   Section        0  layer12.o(i.mad_layer_II)
    i.mad_layer_III                          0x00005a5c   Section        0  layer3.o(i.mad_layer_III)
    i.mad_stream_buffer                      0x00005d14   Section        0  stream.o(i.mad_stream_buffer)
    i.mad_stream_finish                      0x00005d36   Section        0  stream.o(i.mad_stream_finish)
    i.mad_stream_init                        0x00005d4a   Section        0  stream.o(i.mad_stream_init)
    i.mad_stream_sync                        0x00005d80   Section        0  stream.o(i.mad_stream_sync)
    i.mad_synth_frame                        0x00005dc4   Section        0  synth.o(i.mad_synth_frame)
    i.mad_synth_init                         0x00005e70   Section        0  synth.o(i.mad_synth_init)
    i.mad_synth_mute                         0x00005e9a   Section        0  synth.o(i.mad_synth_mute)
    i.mad_timer_set                          0x00005efc   Section        0  timer.o(i.mad_timer_set)
    i.main                                   0x00006024   Section        0  main.o(i.main)
    i.output                                 0x0000602c   Section        0  reproductor_mp3.o(i.output)
    output                                   0x0000602d   Thumb Code    54  reproductor_mp3.o(i.output)
    i.parar_con_error                        0x00006068   Section        0  error.o(i.parar_con_error)
    i.reduce_rational                        0x0000607e   Section        0  timer.o(i.reduce_rational)
    reduce_rational                          0x0000607f   Thumb Code    44  timer.o(i.reduce_rational)
    i.reduce_timer                           0x000060ac   Section        0  timer.o(i.reduce_timer)
    reduce_timer                             0x000060ad   Thumb Code    30  timer.o(i.reduce_timer)
    i.reproducir_mp3                         0x000060d0   Section        0  reproductor_mp3.o(i.reproducir_mp3)
    i.retardo_software_inicializar           0x00006364   Section        0  retardo_software.o(i.retardo_software_inicializar)
    i.run_sync                               0x000063f8   Section        0  decoder.o(i.run_sync)
    run_sync                                 0x000063f9   Thumb Code   406  decoder.o(i.run_sync)
    i.scale_rational                         0x00006594   Section        0  timer.o(i.scale_rational)
    scale_rational                           0x00006595   Thumb Code   136  timer.o(i.scale_rational)
    i.sdctII                                 0x0000661c   Section        0  layer3.o(i.sdctII)
    sdctII                                   0x0000661d   Thumb Code   330  layer3.o(i.sdctII)
    i.synth_full                             0x0000676c   Section        0  synth.o(i.synth_full)
    synth_full                               0x0000676d   Thumb Code   814  synth.o(i.synth_full)
    i.synth_half                             0x00006aa0   Section        0  synth.o(i.synth_half)
    synth_half                               0x00006aa1   Thumb Code   828  synth.o(i.synth_half)
    i.timer_inicializar                      0x00006de0   Section        0  timer_lpc40xx.o(i.timer_inicializar)
    i.timer_retardo_ms                       0x00006e90   Section        0  timer_lpc40xx.o(i.timer_retardo_ms)
    i.uart_bytes_disponibles                 0x00006f40   Section        0  uart_lpc40xx_xon_xoff.o(i.uart_bytes_disponibles)
    i.uart_enviar_xoff                       0x0000702c   Section        0  uart_lpc40xx_xon_xoff.o(i.uart_enviar_xoff)
    i.uart_enviar_xon                        0x00007060   Section        0  uart_lpc40xx_xon_xoff.o(i.uart_enviar_xon)
    i.uart_inicializar                       0x00007094   Section        0  uart_lpc40xx_xon_xoff.o(i.uart_inicializar)
    i.uart_leer                              0x000075c0   Section        0  uart_lpc40xx_xon_xoff.o(i.uart_leer)
    i.uart_manejador_interrupciones          0x00007750   Section        0  uart_lpc40xx_xon_xoff.o(i.uart_manejador_interrupciones)
    i.uart_puntero_a_numero                  0x00007854   Section        0  uart_lpc40xx_xon_xoff.o(i.uart_puntero_a_numero)
    i.uart_transmitir                        0x000078e8   Section        0  uart_lpc40xx_xon_xoff.o(i.uart_transmitir)
    i.uda1380_escribir_registro_configuracion 0x00007ae4   Section        0  uda1380_lpc4078fbd80.o(i.uda1380_escribir_registro_configuracion)
    i.uda1380_inicializar                    0x00007b20   Section        0  uda1380_lpc4078fbd80.o(i.uda1380_inicializar)
    x$fpl$d2f                                0x00007c4c   Section       98  d2f.o(x$fpl$d2f)
    $v0                                      0x00007c4c   Number         0  d2f.o(x$fpl$d2f)
    x$fpl$dnaninf                            0x00007cae   Section      156  dnaninf.o(x$fpl$dnaninf)
    $v0                                      0x00007cae   Number         0  dnaninf.o(x$fpl$dnaninf)
    x$fpl$dretinf                            0x00007d4a   Section       12  dretinf.o(x$fpl$dretinf)
    $v0                                      0x00007d4a   Number         0  dretinf.o(x$fpl$dretinf)
    x$fpl$f2d                                0x00007d58   Section       86  f2d.o(x$fpl$f2d)
    $v0                                      0x00007d58   Number         0  f2d.o(x$fpl$f2d)
    x$fpl$fnaninf                            0x00007dae   Section      140  fnaninf.o(x$fpl$fnaninf)
    $v0                                      0x00007dae   Number         0  fnaninf.o(x$fpl$fnaninf)
    x$fpl$fpinit                             0x00007e3a   Section       10  fpinit.o(x$fpl$fpinit)
    $v0                                      0x00007e3a   Number         0  fpinit.o(x$fpl$fpinit)
    x$fpl$fretinf                            0x00007e44   Section       10  fretinf.o(x$fpl$fretinf)
    $v0                                      0x00007e44   Number         0  fretinf.o(x$fpl$fretinf)
    .constdata                               0x00007e4e   Section       72  i2c_lpc40xx.o(.constdata)
    x$fpl$usenofp                            0x00007e4e   Section        0  usenofp.o(x$fpl$usenofp)
    __FUNCTION__                             0x00007e4e   Data          16  i2c_lpc40xx.o(.constdata)
    __FUNCTION__                             0x00007e5e   Data          10  i2c_lpc40xx.o(.constdata)
    __FUNCTION__                             0x00007e68   Data           9  i2c_lpc40xx.o(.constdata)
    __FUNCTION__                             0x00007e71   Data          20  i2c_lpc40xx.o(.constdata)
    __FUNCTION__                             0x00007e85   Data          17  i2c_lpc40xx.o(.constdata)
    .constdata                               0x00007e96   Section     3122  iocon_lpc40xx.o(.constdata)
    tabla_funciones_pines                    0x00007e96   Data        3072  iocon_lpc40xx.o(.constdata)
    __FUNCTION__                             0x00008a96   Data          21  iocon_lpc40xx.o(.constdata)
    __FUNCTION__                             0x00008aab   Data          29  iocon_lpc40xx.o(.constdata)
    .constdata                               0x00008ac8   Section      183  timer_lpc40xx.o(.constdata)
    __FUNCTION__                             0x00008ac8   Data          18  timer_lpc40xx.o(.constdata)
    __FUNCTION__                             0x00008ada   Data          17  timer_lpc40xx.o(.constdata)
    __FUNCTION__                             0x00008aeb   Data          17  timer_lpc40xx.o(.constdata)
    __FUNCTION__                             0x00008afc   Data          24  timer_lpc40xx.o(.constdata)
    __FUNCTION__                             0x00008b14   Data          24  timer_lpc40xx.o(.constdata)
    __FUNCTION__                             0x00008b2c   Data          24  timer_lpc40xx.o(.constdata)
    __FUNCTION__                             0x00008b44   Data          24  timer_lpc40xx.o(.constdata)
    __FUNCTION__                             0x00008b5c   Data          24  timer_lpc40xx.o(.constdata)
    __FUNCTION__                             0x00008b74   Data          11  timer_lpc40xx.o(.constdata)
    .constdata                               0x00008b7f   Section       41  generacion_audio_con_uda1380.o(.constdata)
    __FUNCTION__                             0x00008b7f   Data          41  generacion_audio_con_uda1380.o(.constdata)
    .constdata                               0x00008ba8   Section      236  uart_lpc40xx_xon_xoff.o(.constdata)
    numero_uart_a_puntero                    0x00008ba8   Data          20  uart_lpc40xx_xon_xoff.o(.constdata)
    numero_uart_a_numero_interrupcion        0x00008bbc   Data           5  uart_lpc40xx_xon_xoff.o(.constdata)
    numero_uart_a_bit_pconp                  0x00008bc4   Data          20  uart_lpc40xx_xon_xoff.o(.constdata)
    __FUNCTION__                             0x00008bd8   Data          22  uart_lpc40xx_xon_xoff.o(.constdata)
    __FUNCTION__                             0x00008bee   Data          17  uart_lpc40xx_xon_xoff.o(.constdata)
    __FUNCTION__                             0x00008bff   Data          16  uart_lpc40xx_xon_xoff.o(.constdata)
    __FUNCTION__                             0x00008c0f   Data          29  uart_lpc40xx_xon_xoff.o(.constdata)
    __FUNCTION__                             0x00008c2c   Data          23  uart_lpc40xx_xon_xoff.o(.constdata)
    __FUNCTION__                             0x00008c43   Data          23  uart_lpc40xx_xon_xoff.o(.constdata)
    __FUNCTION__                             0x00008c5a   Data          10  uart_lpc40xx_xon_xoff.o(.constdata)
    __FUNCTION__                             0x00008c64   Data          18  uart_lpc40xx_xon_xoff.o(.constdata)
    __FUNCTION__                             0x00008c76   Data          30  uart_lpc40xx_xon_xoff.o(.constdata)
    .constdata                               0x00008c94   Section       79  lcd_hd44780_lpc40xx.o(.constdata)
    __FUNCTION__                             0x00008c94   Data          28  lcd_hd44780_lpc40xx.o(.constdata)
    __FUNCTION__                             0x00008cb0   Data          28  lcd_hd44780_lpc40xx.o(.constdata)
    __FUNCTION__                             0x00008ccc   Data          23  lcd_hd44780_lpc40xx.o(.constdata)
    .constdata                               0x00008ce4   Section      512  bit.o(.constdata)
    crc_table                                0x00008ce4   Data         512  bit.o(.constdata)
    .constdata                               0x00008ee4   Section      324  frame.o(.constdata)
    bitrate_table                            0x00008ee4   Data         300  frame.o(.constdata)
    samplerate_table                         0x00009010   Data          12  frame.o(.constdata)
    decoder_table                            0x0000901c   Data          12  frame.o(.constdata)
    .constdata                               0x00009028   Section     4648  huffman.o(.constdata)
    hufftabA                                 0x00009028   Data          56  huffman.o(.constdata)
    hufftabB                                 0x00009060   Data          32  huffman.o(.constdata)
    hufftab0                                 0x00009080   Data           2  huffman.o(.constdata)
    hufftab1                                 0x00009082   Data          16  huffman.o(.constdata)
    hufftab2                                 0x00009092   Data          32  huffman.o(.constdata)
    hufftab3                                 0x000090b2   Data          32  huffman.o(.constdata)
    hufftab5                                 0x000090d2   Data          52  huffman.o(.constdata)
    hufftab6                                 0x00009106   Data          56  huffman.o(.constdata)
    hufftab7                                 0x0000913e   Data         128  huffman.o(.constdata)
    hufftab8                                 0x000091be   Data         132  huffman.o(.constdata)
    hufftab9                                 0x00009242   Data         108  huffman.o(.constdata)
    hufftab10                                0x000092ae   Data         204  huffman.o(.constdata)
    hufftab11                                0x0000937a   Data         208  huffman.o(.constdata)
    hufftab12                                0x0000944a   Data         192  huffman.o(.constdata)
    hufftab13                                0x0000950a   Data         796  huffman.o(.constdata)
    hufftab15                                0x00009826   Data         760  huffman.o(.constdata)
    hufftab16                                0x00009b1e   Data         804  huffman.o(.constdata)
    hufftab24                                0x00009e42   Data         772  huffman.o(.constdata)
    .constdata                               0x0000a250   Section    34416  layer3.o(.constdata)
    sflen_table                              0x0000a250   Data          32  layer3.o(.constdata)
    nsfb_table                               0x0000a270   Data          72  layer3.o(.constdata)
    sfb_48000_long                           0x0000a2b8   Data          22  layer3.o(.constdata)
    sfb_44100_long                           0x0000a2ce   Data          22  layer3.o(.constdata)
    sfb_32000_long                           0x0000a2e4   Data          22  layer3.o(.constdata)
    sfb_48000_short                          0x0000a2fa   Data          39  layer3.o(.constdata)
    sfb_44100_short                          0x0000a321   Data          39  layer3.o(.constdata)
    sfb_32000_short                          0x0000a348   Data          39  layer3.o(.constdata)
    sfb_48000_mixed                          0x0000a36f   Data          38  layer3.o(.constdata)
    sfb_44100_mixed                          0x0000a395   Data          38  layer3.o(.constdata)
    sfb_32000_mixed                          0x0000a3bb   Data          38  layer3.o(.constdata)
    sfb_24000_long                           0x0000a3e1   Data          22  layer3.o(.constdata)
    sfb_22050_long                           0x0000a3f7   Data          22  layer3.o(.constdata)
    sfb_24000_short                          0x0000a40d   Data          39  layer3.o(.constdata)
    sfb_22050_short                          0x0000a434   Data          39  layer3.o(.constdata)
    sfb_16000_short                          0x0000a45b   Data          39  layer3.o(.constdata)
    sfb_24000_mixed                          0x0000a482   Data          36  layer3.o(.constdata)
    sfb_22050_mixed                          0x0000a4a6   Data          36  layer3.o(.constdata)
    sfb_16000_mixed                          0x0000a4ca   Data          36  layer3.o(.constdata)
    sfb_8000_long                            0x0000a4ee   Data          22  layer3.o(.constdata)
    sfb_8000_short                           0x0000a504   Data          39  layer3.o(.constdata)
    sfb_8000_mixed                           0x0000a52b   Data          39  layer3.o(.constdata)
    sfbwidth_table                           0x0000a554   Data         108  layer3.o(.constdata)
    pretab                                   0x0000a5c0   Data          22  layer3.o(.constdata)
    rq_table                                 0x0000a5d8   Data       32828  layer3.o(.constdata)
    root_table                               0x00012614   Data          28  layer3.o(.constdata)
    cs                                       0x00012630   Data          32  layer3.o(.constdata)
    ca                                       0x00012650   Data          32  layer3.o(.constdata)
    imdct_s                                  0x00012670   Data         144  layer3.o(.constdata)
    window_l                                 0x00012700   Data         144  layer3.o(.constdata)
    window_s                                 0x00012790   Data          48  layer3.o(.constdata)
    is_table                                 0x000127c0   Data          28  layer3.o(.constdata)
    is_lsf_table                             0x000127dc   Data         120  layer3.o(.constdata)
    scale                                    0x00012854   Data          36  layer3.o(.constdata)
    scale                                    0x00012878   Data          72  layer3.o(.constdata)
    .constdata                               0x000128c0   Section      820  layer12.o(.constdata)
    sf_table                                 0x000128c0   Data         256  layer12.o(.constdata)
    linear_table                             0x000129c0   Data          56  layer12.o(.constdata)
    sbquant_table                            0x000129f8   Data         180  layer12.o(.constdata)
    bitalloc_table                           0x00012aac   Data          32  layer12.o(.constdata)
    offset_table                             0x00012acc   Data          90  layer12.o(.constdata)
    qc_table                                 0x00012b28   Data         204  layer12.o(.constdata)
    .constdata                               0x00012bf4   Section     2176  synth.o(.constdata)
    D                                        0x00012bf4   Data        2176  synth.o(.constdata)
    .constdata                               0x00013474   Section        8  timer.o(.constdata)
    .bss                                     0x10000000   Section    30892  uart_lpc40xx_xon_xoff.o(.bss)
    estado_transferencia                     0x10000000   Data       30892  uart_lpc40xx_xon_xoff.o(.bss)
    HEAP                                     0x100078b0   Section    32768  startup_lpc407x_8x_177x_8x.o(HEAP)
    Heap_Mem                                 0x100078b0   Data       32768  startup_lpc407x_8x_177x_8x.o(HEAP)
    .data                                    0x20000000   Section       12  reproductor_mp3.o(.data)
    tasa_muestreo_actual                     0x20000008   Data           4  reproductor_mp3.o(.data)
    .data                                    0x2000000c   Section        1  generacion_audio_con_uda1380.o(.data)
    .data                                    0x2000000d   Section        5  uart_lpc40xx_xon_xoff.o(.data)
    uart_inicializado                        0x2000000d   Data           5  uart_lpc40xx_xon_xoff.o(.data)
    .data                                    0x20000012   Section        1  retardo_software.o(.data)
    inicializado                             0x20000012   Data           1  retardo_software.o(.data)
    .data                                    0x20000014   Section        4  retardo_software_asm.o(.data)
    iteraciones_por_us                       0x20000014   Data           0  retardo_software_asm.o(.data)
    .data                                    0x20000018   Section       16  system_lpc407x_8x_177x_8x.o(.data)
    .bss                                     0x20000028   Section      512  reproductor_mp3.o(.bss)
    buffer_stream_mp3                        0x20000028   Data         512  reproductor_mp3.o(.bss)
    .bss                                     0x20000228   Section     4612  generacion_audio_con_uda1380.o(.bss)
    DecodedBuff                              0x20000228   Data        4612  generacion_audio_con_uda1380.o(.bss)
    .bss                                     0x2000142c   Section       96  libspace.o(.bss)
    STACK                                    0x20001490   Section    12288  startup_lpc407x_8x_177x_8x.o(STACK)
    Stack_Mem                                0x20001490   Data       12288  startup_lpc407x_8x_177x_8x.o(STACK)
    __initial_sp                             0x20004490   Data           0  startup_lpc407x_8x_177x_8x.o(STACK)

    Global Symbols

    Symbol Name                              Value     Ov Type        Size  Object(Section)

    BuildAttributes$$THM_ISAv4$E$P$D$K$B$S$7EM$VFPi3$EXTD16$VFPS$VFMA$PE$A:L22UL41UL21$X:L11$S22US41US21$IEEE1$IW$USESV6$~STKCKD$USESV7$~SHL$OTIME$ROPI$IEEEJ$EBA8$UX$STANDARDLIB$REQ8$EABIv2 0x00000000   Number         0  anon$$obj.o ABSOLUTE
    __ARM_use_no_argv                        0x00000000   Number         0  main.o ABSOLUTE
    __Vectors                                0x00000000   Data           4  startup_lpc407x_8x_177x_8x.o(RESET)
    __ARM_exceptions_init                     - Undefined Weak Reference
    __alloca_initialize                       - Undefined Weak Reference
    __arm_preinit_                            - Undefined Weak Reference
    __cpp_initialize__aeabi_                  - Undefined Weak Reference
    __cxa_finalize                            - Undefined Weak Reference
    __rt_locale                               - Undefined Weak Reference
    __sigvec_lookup                           - Undefined Weak Reference
    __user_heap_extent                        - Undefined Weak Reference
    _atexit_init                              - Undefined Weak Reference
    _call_atexit_fns                          - Undefined Weak Reference
    _clock_init                               - Undefined Weak Reference
    _fp_trap_init                             - Undefined Weak Reference
    _fp_trap_shutdown                         - Undefined Weak Reference
    _get_lc_collate                           - Undefined Weak Reference
    _get_lc_ctype                             - Undefined Weak Reference
    _get_lc_monetary                          - Undefined Weak Reference
    _get_lc_numeric                           - Undefined Weak Reference
    _get_lc_time                              - Undefined Weak Reference
    _getenv_init                              - Undefined Weak Reference
    _handle_redirection                       - Undefined Weak Reference
    _initio                                   - Undefined Weak Reference
    _mutex_acquire                            - Undefined Weak Reference
    _mutex_free                               - Undefined Weak Reference
    _mutex_release                            - Undefined Weak Reference
    _printf_post_padding                      - Undefined Weak Reference
    _printf_pre_padding                       - Undefined Weak Reference
    _printf_truncate_signed                   - Undefined Weak Reference
    _printf_truncate_unsigned                 - Undefined Weak Reference
    _rand_init                                - Undefined Weak Reference
    _signal_finish                            - Undefined Weak Reference
    _signal_init                              - Undefined Weak Reference
    _terminateio                              - Undefined Weak Reference
    __main                                   0x000000e5   Thumb Code     8  __main.o(!!!main)
    __scatterload                            0x000000ed   Thumb Code     0  __scatter.o(!!!scatter)
    __scatterload_rt2                        0x000000ed   Thumb Code    44  __scatter.o(!!!scatter)
    __scatterload_rt2_thumb_only             0x000000ed   Thumb Code     0  __scatter.o(!!!scatter)
    __scatterload_null                       0x000000fb   Thumb Code     0  __scatter.o(!!!scatter)
    __scatterload_copy                       0x00000121   Thumb Code    26  __scatter_copy.o(!!handler_copy)
    __scatterload_zeroinit                   0x0000013d   Thumb Code    28  __scatter_zi.o(!!handler_zi)
    _printf_percent                          0x00000159   Thumb Code     0  _printf_percent.o(.ARM.Collect$$_printf_percent$$00000000)
    _printf_u                                0x00000159   Thumb Code     0  _printf_u.o(.ARM.Collect$$_printf_percent$$0000000A)
    _printf_percent_end                      0x0000015f   Thumb Code     0  _printf_percent_end.o(.ARM.Collect$$_printf_percent$$00000017)
    __rt_lib_init                            0x00000163   Thumb Code     0  libinit.o(.ARM.Collect$$libinit$$00000000)
    __rt_lib_init_fp_1                       0x00000165   Thumb Code     0  libinit2.o(.ARM.Collect$$libinit$$00000001)
    __rt_lib_init_heap_2                     0x00000169   Thumb Code     0  libinit2.o(.ARM.Collect$$libinit$$00000005)
    __rt_lib_init_preinit_1                  0x00000169   Thumb Code     0  libinit2.o(.ARM.Collect$$libinit$$00000004)
    __rt_lib_init_alloca_1                   0x00000171   Thumb Code     0  libinit2.o(.ARM.Collect$$libinit$$0000002E)
    __rt_lib_init_argv_1                     0x00000171   Thumb Code     0  libinit2.o(.ARM.Collect$$libinit$$0000002C)
    __rt_lib_init_atexit_1                   0x00000171   Thumb Code     0  libinit2.o(.ARM.Collect$$libinit$$0000001B)
    __rt_lib_init_clock_1                    0x00000171   Thumb Code     0  libinit2.o(.ARM.Collect$$libinit$$00000021)
    __rt_lib_init_cpp_1                      0x00000171   Thumb Code     0  libinit2.o(.ARM.Collect$$libinit$$00000032)
    __rt_lib_init_exceptions_1               0x00000171   Thumb Code     0  libinit2.o(.ARM.Collect$$libinit$$00000030)
    __rt_lib_init_fp_trap_1                  0x00000171   Thumb Code     0  libinit2.o(.ARM.Collect$$libinit$$0000001F)
    __rt_lib_init_getenv_1                   0x00000171   Thumb Code     0  libinit2.o(.ARM.Collect$$libinit$$00000023)
    __rt_lib_init_heap_1                     0x00000171   Thumb Code     0  libinit2.o(.ARM.Collect$$libinit$$0000000A)
    __rt_lib_init_lc_collate_1               0x00000171   Thumb Code     0  libinit2.o(.ARM.Collect$$libinit$$00000011)
    __rt_lib_init_lc_ctype_1                 0x00000171   Thumb Code     0  libinit2.o(.ARM.Collect$$libinit$$00000013)
    __rt_lib_init_lc_monetary_1              0x00000171   Thumb Code     0  libinit2.o(.ARM.Collect$$libinit$$00000015)
    __rt_lib_init_lc_numeric_1               0x00000171   Thumb Code     0  libinit2.o(.ARM.Collect$$libinit$$00000017)
    __rt_lib_init_lc_time_1                  0x00000171   Thumb Code     0  libinit2.o(.ARM.Collect$$libinit$$00000019)
    __rt_lib_init_rand_1                     0x00000171   Thumb Code     0  libinit2.o(.ARM.Collect$$libinit$$0000000E)
    __rt_lib_init_return                     0x00000171   Thumb Code     0  libinit2.o(.ARM.Collect$$libinit$$00000033)
    __rt_lib_init_signal_1                   0x00000171   Thumb Code     0  libinit2.o(.ARM.Collect$$libinit$$0000001D)
    __rt_lib_init_stdio_1                    0x00000171   Thumb Code     0  libinit2.o(.ARM.Collect$$libinit$$00000025)
    __rt_lib_init_user_alloc_1               0x00000171   Thumb Code     0  libinit2.o(.ARM.Collect$$libinit$$0000000C)
    __rt_lib_shutdown                        0x00000173   Thumb Code     0  libshutdown.o(.ARM.Collect$$libshutdown$$00000000)
    __rt_lib_shutdown_cpp_1                  0x00000175   Thumb Code     0  libshutdown2.o(.ARM.Collect$$libshutdown$$00000002)
    __rt_lib_shutdown_fp_trap_1              0x00000175   Thumb Code     0  libshutdown2.o(.ARM.Collect$$libshutdown$$00000007)
    __rt_lib_shutdown_heap_1                 0x00000175   Thumb Code     0  libshutdown2.o(.ARM.Collect$$libshutdown$$0000000F)
    __rt_lib_shutdown_return                 0x00000175   Thumb Code     0  libshutdown2.o(.ARM.Collect$$libshutdown$$00000010)
    __rt_lib_shutdown_signal_1               0x00000175   Thumb Code     0  libshutdown2.o(.ARM.Collect$$libshutdown$$0000000A)
    __rt_lib_shutdown_stdio_1                0x00000175   Thumb Code     0  libshutdown2.o(.ARM.Collect$$libshutdown$$00000004)
    __rt_lib_shutdown_user_alloc_1           0x00000175   Thumb Code     0  libshutdown2.o(.ARM.Collect$$libshutdown$$0000000C)
    __rt_entry                               0x00000177   Thumb Code     0  __rtentry.o(.ARM.Collect$$rtentry$$00000000)
    __rt_entry_presh_1                       0x00000177   Thumb Code     0  __rtentry2.o(.ARM.Collect$$rtentry$$00000002)
    __rt_entry_sh                            0x00000177   Thumb Code     0  __rtentry4.o(.ARM.Collect$$rtentry$$00000004)
    __rt_entry_li                            0x0000017d   Thumb Code     0  __rtentry2.o(.ARM.Collect$$rtentry$$0000000A)
    __rt_entry_postsh_1                      0x0000017d   Thumb Code     0  __rtentry2.o(.ARM.Collect$$rtentry$$00000009)
    __rt_entry_main                          0x00000181   Thumb Code     0  __rtentry2.o(.ARM.Collect$$rtentry$$0000000D)
    __rt_entry_postli_1                      0x00000181   Thumb Code     0  __rtentry2.o(.ARM.Collect$$rtentry$$0000000C)
    __rt_exit                                0x00000189   Thumb Code     0  rtexit.o(.ARM.Collect$$rtexit$$00000000)
    __rt_exit_ls                             0x0000018b   Thumb Code     0  rtexit2.o(.ARM.Collect$$rtexit$$00000003)
    __rt_exit_prels_1                        0x0000018b   Thumb Code     0  rtexit2.o(.ARM.Collect$$rtexit$$00000002)
    __rt_exit_exit                           0x0000018f   Thumb Code     0  rtexit2.o(.ARM.Collect$$rtexit$$00000004)
    _maybe_terminate_alloc                   0x00000195   Thumb Code     0  maybetermalloc1.o(.emb_text)
    retardo_software_fijar_escala            0x00000195   Thumb Code     6  retardo_software_asm.o(.text)
    retardo_software_us                      0x0000019b   Thumb Code    14  retardo_software_asm.o(.text)
    Reset_Handler                            0x000001ad   Thumb Code     8  startup_lpc407x_8x_177x_8x.o(.text)
    NMI_Handler                              0x000001b5   Thumb Code     2  startup_lpc407x_8x_177x_8x.o(.text)
    HardFault_Handler                        0x000001b7   Thumb Code     2  startup_lpc407x_8x_177x_8x.o(.text)
    MemManage_Handler                        0x000001b9   Thumb Code     2  startup_lpc407x_8x_177x_8x.o(.text)
    BusFault_Handler                         0x000001bb   Thumb Code     2  startup_lpc407x_8x_177x_8x.o(.text)
    UsageFault_Handler                       0x000001bd   Thumb Code     2  startup_lpc407x_8x_177x_8x.o(.text)
    SVC_Handler                              0x000001bf   Thumb Code     2  startup_lpc407x_8x_177x_8x.o(.text)
    DebugMon_Handler                         0x000001c1   Thumb Code     2  startup_lpc407x_8x_177x_8x.o(.text)
    PendSV_Handler                           0x000001c3   Thumb Code     2  startup_lpc407x_8x_177x_8x.o(.text)
    SysTick_Handler                          0x000001c5   Thumb Code     2  startup_lpc407x_8x_177x_8x.o(.text)
    ADC_IRQHandler                           0x000001c7   Thumb Code     0  startup_lpc407x_8x_177x_8x.o(.text)
    BOD_IRQHandler                           0x000001c7   Thumb Code     0  startup_lpc407x_8x_177x_8x.o(.text)
    CANActivity_IRQHandler                   0x000001c7   Thumb Code     0  startup_lpc407x_8x_177x_8x.o(.text)
    CAN_IRQHandler                           0x000001c7   Thumb Code     0  startup_lpc407x_8x_177x_8x.o(.text)
    DMA_IRQHandler                           0x000001c7   Thumb Code     0  startup_lpc407x_8x_177x_8x.o(.text)
    EEPROM_IRQHandler                        0x000001c7   Thumb Code     0  startup_lpc407x_8x_177x_8x.o(.text)
    EINT0_IRQHandler                         0x000001c7   Thumb Code     0  startup_lpc407x_8x_177x_8x.o(.text)
    EINT1_IRQHandler                         0x000001c7   Thumb Code     0  startup_lpc407x_8x_177x_8x.o(.text)
    EINT2_IRQHandler                         0x000001c7   Thumb Code     0  startup_lpc407x_8x_177x_8x.o(.text)
    EINT3_IRQHandler                         0x000001c7   Thumb Code     0  startup_lpc407x_8x_177x_8x.o(.text)
    ENET_IRQHandler                          0x000001c7   Thumb Code     0  startup_lpc407x_8x_177x_8x.o(.text)
    I2C0_IRQHandler                          0x000001c7   Thumb Code     0  startup_lpc407x_8x_177x_8x.o(.text)
    I2C1_IRQHandler                          0x000001c7   Thumb Code     0  startup_lpc407x_8x_177x_8x.o(.text)
    I2C2_IRQHandler                          0x000001c7   Thumb Code     0  startup_lpc407x_8x_177x_8x.o(.text)
    LCD_IRQHandler                           0x000001c7   Thumb Code     0  startup_lpc407x_8x_177x_8x.o(.text)
    MCI_IRQHandler                           0x000001c7   Thumb Code     0  startup_lpc407x_8x_177x_8x.o(.text)
    MCPWM_IRQHandler                         0x000001c7   Thumb Code     0  startup_lpc407x_8x_177x_8x.o(.text)
    PLL0_IRQHandler                          0x000001c7   Thumb Code     0  startup_lpc407x_8x_177x_8x.o(.text)
    PLL1_IRQHandler                          0x000001c7   Thumb Code     0  startup_lpc407x_8x_177x_8x.o(.text)
    PWM0_IRQHandler                          0x000001c7   Thumb Code     0  startup_lpc407x_8x_177x_8x.o(.text)
    PWM1_IRQHandler                          0x000001c7   Thumb Code     0  startup_lpc407x_8x_177x_8x.o(.text)
    QEI_IRQHandler                           0x000001c7   Thumb Code     0  startup_lpc407x_8x_177x_8x.o(.text)
    RTC_IRQHandler                           0x000001c7   Thumb Code     0  startup_lpc407x_8x_177x_8x.o(.text)
    SSP0_IRQHandler                          0x000001c7   Thumb Code     0  startup_lpc407x_8x_177x_8x.o(.text)
    SSP1_IRQHandler                          0x000001c7   Thumb Code     0  startup_lpc407x_8x_177x_8x.o(.text)
    SSP2_IRQHandler                          0x000001c7   Thumb Code     0  startup_lpc407x_8x_177x_8x.o(.text)
    TIMER0_IRQHandler                        0x000001c7   Thumb Code     0  startup_lpc407x_8x_177x_8x.o(.text)
    TIMER1_IRQHandler                        0x000001c7   Thumb Code     0  startup_lpc407x_8x_177x_8x.o(.text)
    TIMER2_IRQHandler                        0x000001c7   Thumb Code     0  startup_lpc407x_8x_177x_8x.o(.text)
    TIMER3_IRQHandler                        0x000001c7   Thumb Code     0  startup_lpc407x_8x_177x_8x.o(.text)
    USBActivity_IRQHandler                   0x000001c7   Thumb Code     0  startup_lpc407x_8x_177x_8x.o(.text)
    USB_IRQHandler                           0x000001c7   Thumb Code     0  startup_lpc407x_8x_177x_8x.o(.text)
    WDT_IRQHandler                           0x000001c7   Thumb Code     0  startup_lpc407x_8x_177x_8x.o(.text)
    __user_initial_stackheap                 0x000001c9   Thumb Code     0  startup_lpc407x_8x_177x_8x.o(.text)
    calloc                                   0x000001ed   Thumb Code    40  calloc.o(.text)
    malloc                                   0x00000215   Thumb Code    94  h1_alloc.o(.text)
    free                                     0x00000273   Thumb Code    78  h1_free.o(.text)
    __2snprintf                              0x000002c1   Thumb Code    48  noretval__2snprintf.o(.text)
    __use_two_region_memory                  0x000002f5   Thumb Code     2  heapauxi.o(.text)
    __rt_heap_escrow                         0x000002f7   Thumb Code     2  heapauxi.o(.text)
    __rt_heap_expand                         0x000002f9   Thumb Code     2  heapauxi.o(.text)
    __I$use$semihosting                      0x000002fb   Thumb Code     0  use_no_semi.o(.text)
    __use_no_semihosting_swi                 0x000002fb   Thumb Code     2  use_no_semi.o(.text)
    __printf                                 0x00000301   Thumb Code   104  __printf.o(.text)
    _printf_int_dec                          0x00000369   Thumb Code   104  _printf_dec.o(.text)
    abort                                    0x000003e1   Thumb Code    22  abort.o(.text)
    strcpy                                   0x000003f7   Thumb Code    72  strcpy.o(.text)
    __aeabi_memcpy                           0x0000043f   Thumb Code     0  rt_memcpy_v6.o(.text)
    __rt_memcpy                              0x0000043f   Thumb Code   138  rt_memcpy_v6.o(.text)
    _memcpy_lastbytes                        0x000004a5   Thumb Code     0  rt_memcpy_v6.o(.text)
    __aeabi_memmove                          0x000004c9   Thumb Code     0  rt_memmove_v6.o(.text)
    __rt_memmove                             0x000004c9   Thumb Code   132  rt_memmove_v6.o(.text)
    __memmove_lastfew                        0x00000529   Thumb Code     0  rt_memmove_v6.o(.text)
    __aeabi_memcpy4                          0x0000054d   Thumb Code     0  rt_memcpy_w.o(.text)
    __aeabi_memcpy8                          0x0000054d   Thumb Code     0  rt_memcpy_w.o(.text)
    __rt_memcpy_w                            0x0000054d   Thumb Code   100  rt_memcpy_w.o(.text)
    _memcpy_lastbytes_aligned                0x00000595   Thumb Code     0  rt_memcpy_w.o(.text)
    strcmp                                   0x000005b1   Thumb Code   128  strcmpv7m.o(.text)
    _sys_exit                                0x00000631   Thumb Code     8  sys_exit.o(.text)
    __rt_heap_descriptor                     0x0000063d   Thumb Code     8  rt_heap_descriptor_intlibspace.o(.text)
    __use_no_heap                            0x00000645   Thumb Code     2  hguard.o(.text)
    __heap$guard                             0x00000647   Thumb Code     2  hguard.o(.text)
    _terminate_user_alloc                    0x00000649   Thumb Code     2  init_alloc.o(.text)
    _init_user_alloc                         0x0000064b   Thumb Code     2  init_alloc.o(.text)
    __Heap_Full                              0x0000064d   Thumb Code    34  init_alloc.o(.text)
    __Heap_Broken                            0x0000066f   Thumb Code     6  init_alloc.o(.text)
    _init_alloc                              0x00000675   Thumb Code    94  init_alloc.o(.text)
    __Heap_Initialize                        0x000006d3   Thumb Code    10  h1_init.o(.text)
    __Heap_DescSize                          0x000006dd   Thumb Code     4  h1_init.o(.text)
    _printf_int_common                       0x000006e1   Thumb Code   178  _printf_intcommon.o(.text)
    _printf_char_common                      0x0000079f   Thumb Code    32  _printf_char_common.o(.text)
    _sputc                                   0x000007c5   Thumb Code    10  _sputc.o(.text)
    _snputc                                  0x000007cf   Thumb Code    16  _snputc.o(.text)
    __rt_SIGABRT                             0x000007df   Thumb Code    14  defsig_abrt_outer.o(.text)
    __aeabi_memmove4                         0x000007ed   Thumb Code     0  rt_memmove_w.o(.text)
    __aeabi_memmove8                         0x000007ed   Thumb Code     0  rt_memmove_w.o(.text)
    __rt_memmove_w                           0x000007ed   Thumb Code   122  rt_memmove_w.o(.text)
    __memmove_aligned                        0x00000813   Thumb Code     0  rt_memmove_w.o(.text)
    __memmove_lastfew_aligned                0x0000084b   Thumb Code     0  rt_memmove_w.o(.text)
    __aeabi_memclr                           0x00000867   Thumb Code     0  rt_memclr.o(.text)
    __rt_memclr                              0x00000867   Thumb Code    68  rt_memclr.o(.text)
    _memset                                  0x0000086b   Thumb Code     0  rt_memclr.o(.text)
    __user_libspace                          0x000008ad   Thumb Code     8  libspace.o(.text)
    __user_perproc_libspace                  0x000008ad   Thumb Code     0  libspace.o(.text)
    __user_perthread_libspace                0x000008ad   Thumb Code     0  libspace.o(.text)
    __Heap_ProvideMemory                     0x000008b5   Thumb Code    52  h1_extend.o(.text)
    __semihosting_library_function           0x000008b5   Thumb Code     0  indicate_semi.o(.text)
    __sig_exit                               0x000008e9   Thumb Code    10  defsig_exit.o(.text)
    __rt_SIGABRT_inner                       0x000008f5   Thumb Code    14  defsig_abrt_inner.o(.text)
    __rt_SIGRTMEM                            0x00000925   Thumb Code    14  defsig_rtmem_outer.o(.text)
    __aeabi_memclr4                          0x00000933   Thumb Code     0  rt_memclr_w.o(.text)
    __aeabi_memclr8                          0x00000933   Thumb Code     0  rt_memclr_w.o(.text)
    __rt_memclr_w                            0x00000933   Thumb Code    78  rt_memclr_w.o(.text)
    _memset_w                                0x00000937   Thumb Code     0  rt_memclr_w.o(.text)
    __user_setup_stackheap                   0x00000981   Thumb Code    74  sys_stackheap_outer.o(.text)
    exit                                     0x000009cb   Thumb Code    18  exit.o(.text)
    __default_signal_display                 0x000009dd   Thumb Code    50  defsig_general.o(.text)
    __rt_SIGRTMEM_inner                      0x00000a11   Thumb Code    22  defsig_rtmem_inner.o(.text)
    _ttywrch                                 0x00000a61   Thumb Code    14  sys_wrch.o(.text)
    GPIO_IRQHandler                          0x00000a71   Thumb Code    42  generacion_audio_con_uda1380.o(i.GPIO_IRQHandler)
    I2S_IRQHandler                           0x00000aa5   Thumb Code   212  generacion_audio_con_uda1380.o(i.I2S_IRQHandler)
    SystemCoreClockUpdate                    0x00002935   Thumb Code   696  system_lpc407x_8x_177x_8x.o(i.SystemCoreClockUpdate)
    SystemInit                               0x00002c09   Thumb Code   220  system_lpc407x_8x_177x_8x.o(i.SystemInit)
    UART0_IRQHandler                         0x00002cf5   Thumb Code    10  uart_lpc40xx_xon_xoff.o(i.UART0_IRQHandler)
    UART1_IRQHandler                         0x00002cff   Thumb Code    10  uart_lpc40xx_xon_xoff.o(i.UART1_IRQHandler)
    UART2_IRQHandler                         0x00002d09   Thumb Code    10  uart_lpc40xx_xon_xoff.o(i.UART2_IRQHandler)
    UART3_IRQHandler                         0x00002d13   Thumb Code    10  uart_lpc40xx_xon_xoff.o(i.UART3_IRQHandler)
    UART4_IRQHandler                         0x00002d1d   Thumb Code    10  uart_lpc40xx_xon_xoff.o(i.UART4_IRQHandler)
    __hardfp_fabs                            0x00002d7f   Thumb Code    20  fabs.o(i.__hardfp_fabs)
    fpu_init                                 0x00003fc5   Thumb Code    62  system_lpc407x_8x_177x_8x.o(i.fpu_init)
    generacion_audio_ajustar_tasa_muestreo   0x0000412b   Thumb Code     2  generacion_audio_con_uda1380.o(i.generacion_audio_ajustar_tasa_muestreo)
    generacion_audio_deshabilitar            0x0000412d   Thumb Code    64  generacion_audio_con_uda1380.o(i.generacion_audio_deshabilitar)
    generacion_audio_encolar_bloque_muestras 0x00004175   Thumb Code   340  generacion_audio_con_uda1380.o(i.generacion_audio_encolar_bloque_muestras)
    generacion_audio_esperar_fin_fragmento   0x00004319   Thumb Code     8  generacion_audio_con_uda1380.o(i.generacion_audio_esperar_fin_fragmento)
    generacion_audio_habilitar               0x00004321   Thumb Code    96  generacion_audio_con_uda1380.o(i.generacion_audio_habilitar)
    generacion_audio_inicializar             0x00004391   Thumb Code    32  generacion_audio_con_uda1380.o(i.generacion_audio_inicializar)
    i2c_inicializar                          0x000043c9   Thumb Code   254  i2c_lpc40xx.o(i.i2c_inicializar)
    i2c_start                                0x00004549   Thumb Code    44  i2c_lpc40xx.o(i.i2c_start)
    i2c_stop                                 0x000045b9   Thumb Code    56  i2c_lpc40xx.o(i.i2c_stop)
    i2c_transmitir_byte                      0x00004635   Thumb Code    86  i2c_lpc40xx.o(i.i2c_transmitir_byte)
    iocon_configurar_pin                     0x000048f5   Thumb Code   254  iocon_lpc40xx.o(i.iocon_configurar_pin)
    lcd_borrar                               0x00004af9   Thumb Code    10  lcd_hd44780_lpc40xx.o(i.lcd_borrar)
    lcd_cursor_xy_16x2                       0x00004b03   Thumb Code    22  lcd_hd44780_lpc40xx.o(i.lcd_cursor_xy_16x2)
    lcd_escribir_dr                          0x00004b19   Thumb Code   122  lcd_hd44780_lpc40xx.o(i.lcd_escribir_dr)
    lcd_escribir_ir                          0x00004b99   Thumb Code   108  lcd_hd44780_lpc40xx.o(i.lcd_escribir_ir)
    lcd_esperar_mientras_ocupado             0x00004c09   Thumb Code   112  lcd_hd44780_lpc40xx.o(i.lcd_esperar_mientras_ocupado)
    lcd_imprimir_cadena_xy_16x2              0x00004c7d   Thumb Code    50  lcd_hd44780_lpc40xx.o(i.lcd_imprimir_cadena_xy_16x2)
    lcd_inicializar                          0x00004ce1   Thumb Code   212  lcd_hd44780_lpc40xx.o(i.lcd_inicializar)
    mad_bit_crc                              0x00004db9   Thumb Code   236  bit.o(i.mad_bit_crc)
    mad_bit_init                             0x00004ea9   Thumb Code    12  bit.o(i.mad_bit_init)
    mad_bit_length                           0x00004eb5   Thumb Code    30  bit.o(i.mad_bit_length)
    mad_bit_nextbyte                         0x00004ed3   Thumb Code    18  bit.o(i.mad_bit_nextbyte)
    mad_bit_read                             0x00004ee5   Thumb Code   130  bit.o(i.mad_bit_read)
    mad_bit_skip                             0x00004f67   Thumb Code    50  bit.o(i.mad_bit_skip)
    mad_decoder_finish                       0x00004f99   Thumb Code     6  decoder.o(i.mad_decoder_finish)
    mad_decoder_init                         0x00004f9f   Thumb Code    62  decoder.o(i.mad_decoder_init)
    mad_decoder_run                          0x00004fdd   Thumb Code    78  decoder.o(i.mad_decoder_run)
    mad_frame_decode                         0x00005031   Thumb Code   122  frame.o(i.mad_frame_decode)
    mad_frame_finish                         0x000050b1   Thumb Code    32  frame.o(i.mad_frame_finish)
    mad_frame_init                           0x000050d1   Thumb Code    30  frame.o(i.mad_frame_init)
    mad_frame_mute                           0x000050ef   Thumb Code   126  frame.o(i.mad_frame_mute)
    mad_header_decode                        0x0000516d   Thumb Code   450  frame.o(i.mad_header_decode)
    mad_header_init                          0x00005335   Thumb Code    32  frame.o(i.mad_header_init)
    mad_layer_I                              0x00005359   Thumb Code   550  layer12.o(i.mad_layer_I)
    mad_layer_II                             0x00005585   Thumb Code  1238  layer12.o(i.mad_layer_II)
    mad_layer_III                            0x00005a5d   Thumb Code   690  layer3.o(i.mad_layer_III)
    mad_stream_buffer                        0x00005d15   Thumb Code    34  stream.o(i.mad_stream_buffer)
    mad_stream_finish                        0x00005d37   Thumb Code    20  stream.o(i.mad_stream_finish)
    mad_stream_init                          0x00005d4b   Thumb Code    54  stream.o(i.mad_stream_init)
    mad_stream_sync                          0x00005d81   Thumb Code    68  stream.o(i.mad_stream_sync)
    mad_synth_frame                          0x00005dc5   Thumb Code   162  synth.o(i.mad_synth_frame)
    mad_synth_init                           0x00005e71   Thumb Code    42  synth.o(i.mad_synth_init)
    mad_synth_mute                           0x00005e9b   Thumb Code    98  synth.o(i.mad_synth_mute)
    mad_timer_set                            0x00005efd   Thumb Code   284  timer.o(i.mad_timer_set)
    main                                     0x00006025   Thumb Code     8  main.o(i.main)
    parar_con_error                          0x00006069   Thumb Code    22  error.o(i.parar_con_error)
    reproducir_mp3                           0x000060d1   Thumb Code   574  reproductor_mp3.o(i.reproducir_mp3)
    retardo_software_inicializar             0x00006365   Thumb Code   132  retardo_software.o(i.retardo_software_inicializar)
    timer_inicializar                        0x00006de1   Thumb Code   114  timer_lpc40xx.o(i.timer_inicializar)
    timer_retardo_ms                         0x00006e91   Thumb Code   110  timer_lpc40xx.o(i.timer_retardo_ms)
    uart_bytes_disponibles                   0x00006f41   Thumb Code   114  uart_lpc40xx_xon_xoff.o(i.uart_bytes_disponibles)
    uart_enviar_xoff                         0x0000702d   Thumb Code    42  uart_lpc40xx_xon_xoff.o(i.uart_enviar_xoff)
    uart_enviar_xon                          0x00007061   Thumb Code    42  uart_lpc40xx_xon_xoff.o(i.uart_enviar_xon)
    uart_inicializar                         0x00007095   Thumb Code  1314  uart_lpc40xx_xon_xoff.o(i.uart_inicializar)
    uart_leer                                0x000075c1   Thumb Code   238  uart_lpc40xx_xon_xoff.o(i.uart_leer)
    uart_manejador_interrupciones            0x00007751   Thumb Code   186  uart_lpc40xx_xon_xoff.o(i.uart_manejador_interrupciones)
    uart_puntero_a_numero                    0x00007855   Thumb Code    70  uart_lpc40xx_xon_xoff.o(i.uart_puntero_a_numero)
    uart_transmitir                          0x000078e9   Thumb Code   264  uart_lpc40xx_xon_xoff.o(i.uart_transmitir)
    uda1380_escribir_registro_configuracion  0x00007ae5   Thumb Code    56  uda1380_lpc4078fbd80.o(i.uda1380_escribir_registro_configuracion)
    uda1380_inicializar                      0x00007b21   Thumb Code   260  uda1380_lpc4078fbd80.o(i.uda1380_inicializar)
    __aeabi_d2f                              0x00007c4d   Thumb Code     0  d2f.o(x$fpl$d2f)
    _d2f                                     0x00007c4d   Thumb Code    98  d2f.o(x$fpl$d2f)
    __fpl_dnaninf                            0x00007caf   Thumb Code   156  dnaninf.o(x$fpl$dnaninf)
    __fpl_dretinf                            0x00007d4b   Thumb Code    12  dretinf.o(x$fpl$dretinf)
    __aeabi_f2d                              0x00007d59   Thumb Code     0  f2d.o(x$fpl$f2d)
    _f2d                                     0x00007d59   Thumb Code    86  f2d.o(x$fpl$f2d)
    __fpl_fnaninf                            0x00007daf   Thumb Code   140  fnaninf.o(x$fpl$fnaninf)
    _fp_init                                 0x00007e3b   Thumb Code    10  fpinit.o(x$fpl$fpinit)
    __fplib_config_fpu_vfp                   0x00007e43   Thumb Code     0  fpinit.o(x$fpl$fpinit)
    __fplib_config_pureend_doubles           0x00007e43   Thumb Code     0  fpinit.o(x$fpl$fpinit)
    __fpl_fretinf                            0x00007e45   Thumb Code    10  fretinf.o(x$fpl$fretinf)
    __I$use$fp                               0x00007e4e   Number         0  usenofp.o(x$fpl$usenofp)
    mad_huff_quad_table                      0x0000a148   Data           8  huffman.o(.constdata)
    mad_huff_pair_table                      0x0000a150   Data         256  huffman.o(.constdata)
    mad_timer_zero                           0x00013474   Data           8  timer.o(.constdata)
    Region$$Table$$Base                      0x0001347c   Number         0  anon$$obj.o(Region$$Table)
    Region$$Table$$Limit                     0x000134ac   Number         0  anon$$obj.o(Region$$Table)
    bitsAtruncar                             0x20000000   Data           4  reproductor_mp3.o(.data)
    iter                                     0x20000004   Data           4  reproductor_mp3.o(.data)
    generando_audio                          0x2000000c   Data           1  generacion_audio_con_uda1380.o(.data)
    SystemCoreClock                          0x20000018   Data           4  system_lpc407x_8x_177x_8x.o(.data)
    PeripheralClock                          0x2000001c   Data           4  system_lpc407x_8x_177x_8x.o(.data)
    EMCClock                                 0x20000020   Data           4  system_lpc407x_8x_177x_8x.o(.data)
    USBClock                                 0x20000024   Data           4  system_lpc407x_8x_177x_8x.o(.data)
    __libspace_start                         0x2000142c   Data          96  libspace.o(.bss)
    __temporary_stack_top$libspace           0x2000148c   Data           0  libspace.o(.bss)



==============================================================================

Memory Map of the image

  Image Entry point : 0x000000e5

  Load Region LR_IROM1 (Base: 0x00000000, Size: 0x000134d4, Max: 0x00080000, ABSOLUTE)

    Execution Region ER_IROM1 (Exec base: 0x00000000, Load base: 0x00000000, Size: 0x000134ac, Max: 0x00080000, ABSOLUTE)

    Exec Addr    Load Addr    Size         Type   Attr      Idx    E Section Name        Object

    0x00000000   0x00000000   0x000000e4   Data   RO         1330    RESET               startup_lpc407x_8x_177x_8x.o
    0x000000e4   0x000000e4   0x00000008   Code   RO         1490  * !!!main             c_w.l(__main.o)
    0x000000ec   0x000000ec   0x00000034   Code   RO         1731    !!!scatter          c_w.l(__scatter.o)
    0x00000120   0x00000120   0x0000001a   Code   RO         1733    !!handler_copy      c_w.l(__scatter_copy.o)
    0x0000013a   0x0000013a   0x00000002   PAD
    0x0000013c   0x0000013c   0x0000001c   Code   RO         1735    !!handler_zi        c_w.l(__scatter_zi.o)
    0x00000158   0x00000158   0x00000000   Code   RO         1475    .ARM.Collect$$_printf_percent$$00000000  c_w.l(_printf_percent.o)
    0x00000158   0x00000158   0x00000006   Code   RO         1474    .ARM.Collect$$_printf_percent$$0000000A  c_w.l(_printf_u.o)
    0x0000015e   0x0000015e   0x00000004   Code   RO         1540    .ARM.Collect$$_printf_percent$$00000017  c_w.l(_printf_percent_end.o)
    0x00000162   0x00000162   0x00000002   Code   RO         1678    .ARM.Collect$$libinit$$00000000  c_w.l(libinit.o)
    0x00000164   0x00000164   0x00000004   Code   RO         1551    .ARM.Collect$$libinit$$00000001  c_w.l(libinit2.o)
    0x00000168   0x00000168   0x00000000   Code   RO         1554    .ARM.Collect$$libinit$$00000004  c_w.l(libinit2.o)
    0x00000168   0x00000168   0x00000008   Code   RO         1555    .ARM.Collect$$libinit$$00000005  c_w.l(libinit2.o)
    0x00000170   0x00000170   0x00000000   Code   RO         1557    .ARM.Collect$$libinit$$0000000A  c_w.l(libinit2.o)
    0x00000170   0x00000170   0x00000000   Code   RO         1559    .ARM.Collect$$libinit$$0000000C  c_w.l(libinit2.o)
    0x00000170   0x00000170   0x00000000   Code   RO         1561    .ARM.Collect$$libinit$$0000000E  c_w.l(libinit2.o)
    0x00000170   0x00000170   0x00000000   Code   RO         1564    .ARM.Collect$$libinit$$00000011  c_w.l(libinit2.o)
    0x00000170   0x00000170   0x00000000   Code   RO         1566    .ARM.Collect$$libinit$$00000013  c_w.l(libinit2.o)
    0x00000170   0x00000170   0x00000000   Code   RO         1568    .ARM.Collect$$libinit$$00000015  c_w.l(libinit2.o)
    0x00000170   0x00000170   0x00000000   Code   RO         1570    .ARM.Collect$$libinit$$00000017  c_w.l(libinit2.o)
    0x00000170   0x00000170   0x00000000   Code   RO         1572    .ARM.Collect$$libinit$$00000019  c_w.l(libinit2.o)
    0x00000170   0x00000170   0x00000000   Code   RO         1574    .ARM.Collect$$libinit$$0000001B  c_w.l(libinit2.o)
    0x00000170   0x00000170   0x00000000   Code   RO         1576    .ARM.Collect$$libinit$$0000001D  c_w.l(libinit2.o)
    0x00000170   0x00000170   0x00000000   Code   RO         1578    .ARM.Collect$$libinit$$0000001F  c_w.l(libinit2.o)
    0x00000170   0x00000170   0x00000000   Code   RO         1580    .ARM.Collect$$libinit$$00000021  c_w.l(libinit2.o)
    0x00000170   0x00000170   0x00000000   Code   RO         1582    .ARM.Collect$$libinit$$00000023  c_w.l(libinit2.o)
    0x00000170   0x00000170   0x00000000   Code   RO         1584    .ARM.Collect$$libinit$$00000025  c_w.l(libinit2.o)
    0x00000170   0x00000170   0x00000000   Code   RO         1588    .ARM.Collect$$libinit$$0000002C  c_w.l(libinit2.o)
    0x00000170   0x00000170   0x00000000   Code   RO         1590    .ARM.Collect$$libinit$$0000002E  c_w.l(libinit2.o)
    0x00000170   0x00000170   0x00000000   Code   RO         1592    .ARM.Collect$$libinit$$00000030  c_w.l(libinit2.o)
    0x00000170   0x00000170   0x00000000   Code   RO         1594    .ARM.Collect$$libinit$$00000032  c_w.l(libinit2.o)
    0x00000170   0x00000170   0x00000002   Code   RO         1595    .ARM.Collect$$libinit$$00000033  c_w.l(libinit2.o)
    0x00000172   0x00000172   0x00000002   Code   RO         1728    .ARM.Collect$$libshutdown$$00000000  c_w.l(libshutdown.o)
    0x00000174   0x00000174   0x00000000   Code   RO         1690    .ARM.Collect$$libshutdown$$00000002  c_w.l(libshutdown2.o)
    0x00000174   0x00000174   0x00000000   Code   RO         1692    .ARM.Collect$$libshutdown$$00000004  c_w.l(libshutdown2.o)
    0x00000174   0x00000174   0x00000000   Code   RO         1695    .ARM.Collect$$libshutdown$$00000007  c_w.l(libshutdown2.o)
    0x00000174   0x00000174   0x00000000   Code   RO         1698    .ARM.Collect$$libshutdown$$0000000A  c_w.l(libshutdown2.o)
    0x00000174   0x00000174   0x00000000   Code   RO         1700    .ARM.Collect$$libshutdown$$0000000C  c_w.l(libshutdown2.o)
    0x00000174   0x00000174   0x00000000   Code   RO         1703    .ARM.Collect$$libshutdown$$0000000F  c_w.l(libshutdown2.o)
    0x00000174   0x00000174   0x00000002   Code   RO         1704    .ARM.Collect$$libshutdown$$00000010  c_w.l(libshutdown2.o)
    0x00000176   0x00000176   0x00000000   Code   RO         1506    .ARM.Collect$$rtentry$$00000000  c_w.l(__rtentry.o)
    0x00000176   0x00000176   0x00000000   Code   RO         1614    .ARM.Collect$$rtentry$$00000002  c_w.l(__rtentry2.o)
    0x00000176   0x00000176   0x00000006   Code   RO         1626    .ARM.Collect$$rtentry$$00000004  c_w.l(__rtentry4.o)
    0x0000017c   0x0000017c   0x00000000   Code   RO         1616    .ARM.Collect$$rtentry$$00000009  c_w.l(__rtentry2.o)
    0x0000017c   0x0000017c   0x00000004   Code   RO         1617    .ARM.Collect$$rtentry$$0000000A  c_w.l(__rtentry2.o)
    0x00000180   0x00000180   0x00000000   Code   RO         1619    .ARM.Collect$$rtentry$$0000000C  c_w.l(__rtentry2.o)
    0x00000180   0x00000180   0x00000008   Code   RO         1620    .ARM.Collect$$rtentry$$0000000D  c_w.l(__rtentry2.o)
    0x00000188   0x00000188   0x00000002   Code   RO         1681    .ARM.Collect$$rtexit$$00000000  c_w.l(rtexit.o)
    0x0000018a   0x0000018a   0x00000000   Code   RO         1706    .ARM.Collect$$rtexit$$00000002  c_w.l(rtexit2.o)
    0x0000018a   0x0000018a   0x00000004   Code   RO         1707    .ARM.Collect$$rtexit$$00000003  c_w.l(rtexit2.o)
    0x0000018e   0x0000018e   0x00000006   Code   RO         1708    .ARM.Collect$$rtexit$$00000004  c_w.l(rtexit2.o)
    0x00000194   0x00000194   0x00000000   Code   RO         1632    .emb_text           c_w.l(maybetermalloc1.o)
    0x00000194   0x00000194   0x00000018   Code   RO          808    .text               retardo_software_asm.o
    0x000001ac   0x000001ac   0x00000040   Code   RO         1332    .text               startup_lpc407x_8x_177x_8x.o
    0x000001ec   0x000001ec   0x00000028   Code   RO         1386    .text               c_w.l(calloc.o)
    0x00000214   0x00000214   0x0000005e   Code   RO         1388    .text               c_w.l(h1_alloc.o)
    0x00000272   0x00000272   0x0000004e   Code   RO         1390    .text               c_w.l(h1_free.o)
    0x000002c0   0x000002c0   0x00000034   Code   RO         1448    .text               c_w.l(noretval__2snprintf.o)
    0x000002f4   0x000002f4   0x00000006   Code   RO         1488    .text               c_w.l(heapauxi.o)
    0x000002fa   0x000002fa   0x00000002   Code   RO         1610    .text               c_w.l(use_no_semi.o)
    0x000002fc   0x000002fc   0x00000004   Code   RO         1331    .ARM.__at_0x02FC    startup_lpc407x_8x_177x_8x.o
    0x00000300   0x00000300   0x00000068   Code   RO         1450    .text               c_w.l(__printf.o)
    0x00000368   0x00000368   0x00000078   Code   RO         1452    .text               c_w.l(_printf_dec.o)
    0x000003e0   0x000003e0   0x00000016   Code   RO         1476    .text               c_w.l(abort.o)
    0x000003f6   0x000003f6   0x00000048   Code   RO         1478    .text               c_w.l(strcpy.o)
    0x0000043e   0x0000043e   0x0000008a   Code   RO         1480    .text               c_w.l(rt_memcpy_v6.o)
    0x000004c8   0x000004c8   0x00000084   Code   RO         1482    .text               c_w.l(rt_memmove_v6.o)
    0x0000054c   0x0000054c   0x00000064   Code   RO         1484    .text               c_w.l(rt_memcpy_w.o)
    0x000005b0   0x000005b0   0x00000080   Code   RO         1486    .text               c_w.l(strcmpv7m.o)
    0x00000630   0x00000630   0x0000000c   Code   RO         1502    .text               c_w.l(sys_exit.o)
    0x0000063c   0x0000063c   0x00000008   Code   RO         1510    .text               c_w.l(rt_heap_descriptor_intlibspace.o)
    0x00000644   0x00000644   0x00000004   Code   RO         1512    .text               c_w.l(hguard.o)
    0x00000648   0x00000648   0x0000008a   Code   RO         1514    .text               c_w.l(init_alloc.o)
    0x000006d2   0x000006d2   0x0000000e   Code   RO         1518    .text               c_w.l(h1_init.o)
    0x000006e0   0x000006e0   0x000000b2   Code   RO         1532    .text               c_w.l(_printf_intcommon.o)
    0x00000792   0x00000792   0x00000002   PAD
    0x00000794   0x00000794   0x00000030   Code   RO         1534    .text               c_w.l(_printf_char_common.o)
    0x000007c4   0x000007c4   0x0000000a   Code   RO         1536    .text               c_w.l(_sputc.o)
    0x000007ce   0x000007ce   0x00000010   Code   RO         1538    .text               c_w.l(_snputc.o)
    0x000007de   0x000007de   0x0000000e   Code   RO         1541    .text               c_w.l(defsig_abrt_outer.o)
    0x000007ec   0x000007ec   0x0000007a   Code   RO         1545    .text               c_w.l(rt_memmove_w.o)
    0x00000866   0x00000866   0x00000044   Code   RO         1547    .text               c_w.l(rt_memclr.o)
    0x000008aa   0x000008aa   0x00000002   PAD
    0x000008ac   0x000008ac   0x00000008   Code   RO         1607    .text               c_w.l(libspace.o)
    0x000008b4   0x000008b4   0x00000000   Code   RO         1612    .text               c_w.l(indicate_semi.o)
    0x000008b4   0x000008b4   0x00000034   Code   RO         1634    .text               c_w.l(h1_extend.o)
    0x000008e8   0x000008e8   0x0000000a   Code   RO         1640    .text               c_w.l(defsig_exit.o)
    0x000008f2   0x000008f2   0x00000002   PAD
    0x000008f4   0x000008f4   0x00000030   Code   RO         1642    .text               c_w.l(defsig_abrt_inner.o)
    0x00000924   0x00000924   0x0000000e   Code   RO         1644    .text               c_w.l(defsig_rtmem_outer.o)
    0x00000932   0x00000932   0x0000004e   Code   RO         1648    .text               c_w.l(rt_memclr_w.o)
    0x00000980   0x00000980   0x0000004a   Code   RO         1657    .text               c_w.l(sys_stackheap_outer.o)
    0x000009ca   0x000009ca   0x00000012   Code   RO         1661    .text               c_w.l(exit.o)
    0x000009dc   0x000009dc   0x00000032   Code   RO         1665    .text               c_w.l(defsig_general.o)
    0x00000a0e   0x00000a0e   0x00000002   PAD
    0x00000a10   0x00000a10   0x00000050   Code   RO         1667    .text               c_w.l(defsig_rtmem_inner.o)
    0x00000a60   0x00000a60   0x0000000e   Code   RO         1679    .text               c_w.l(sys_wrch.o)
    0x00000a6e   0x00000a6e   0x00000002   PAD
    0x00000a70   0x00000a70   0x00000034   Code   RO          396    i.GPIO_IRQHandler   generacion_audio_con_uda1380.o
    0x00000aa4   0x00000aa4   0x000000e4   Code   RO          397    i.I2S_IRQHandler    generacion_audio_con_uda1380.o
    0x00000b88   0x00000b88   0x000000a4   Code   RO         1014    i.III_aliasreduce   layer3.o
    0x00000c2c   0x00000c2c   0x00000460   Code   RO         1015    i.III_decode        layer3.o
    0x0000108c   0x0000108c   0x00000150   Code   RO         1016    i.III_exponents     layer3.o
    0x000011dc   0x000011dc   0x0000006e   Code   RO         1017    i.III_freqinver     layer3.o
    0x0000124a   0x0000124a   0x00000002   PAD
    0x0000124c   0x0000124c   0x000005a0   Code   RO         1018    i.III_huffdecode    layer3.o
    0x000017ec   0x000017ec   0x000001fc   Code   RO         1019    i.III_imdct_l       layer3.o
    0x000019e8   0x000019e8   0x00000284   Code   RO         1020    i.III_imdct_s       layer3.o
    0x00001c6c   0x00001c6c   0x0000002e   Code   RO         1021    i.III_overlap       layer3.o
    0x00001c9a   0x00001c9a   0x000000ea   Code   RO         1022    i.III_reorder       layer3.o
    0x00001d84   0x00001d84   0x0000007c   Code   RO         1023    i.III_requantize    layer3.o
    0x00001e00   0x00001e00   0x00000198   Code   RO         1024    i.III_scalefactors  layer3.o
    0x00001f98   0x00001f98   0x00000234   Code   RO         1025    i.III_scalefactors_lsf  layer3.o
    0x000021cc   0x000021cc   0x000001f6   Code   RO         1026    i.III_sideinfo      layer3.o
    0x000023c2   0x000023c2   0x00000002   PAD
    0x000023c4   0x000023c4   0x00000480   Code   RO         1027    i.III_stereo        layer3.o
    0x00002844   0x00002844   0x0000009c   Code   RO         1125    i.II_samples        layer12.o
    0x000028e0   0x000028e0   0x00000054   Code   RO         1126    i.I_sample          layer12.o
    0x00002934   0x00002934   0x000002d4   Code   RO         1341    i.SystemCoreClockUpdate  system_lpc407x_8x_177x_8x.o
    0x00002c08   0x00002c08   0x000000ec   Code   RO         1342    i.SystemInit        system_lpc407x_8x_177x_8x.o
    0x00002cf4   0x00002cf4   0x0000000a   Code   RO          530    i.UART0_IRQHandler  uart_lpc40xx_xon_xoff.o
    0x00002cfe   0x00002cfe   0x0000000a   Code   RO          531    i.UART1_IRQHandler  uart_lpc40xx_xon_xoff.o
    0x00002d08   0x00002d08   0x0000000a   Code   RO          532    i.UART2_IRQHandler  uart_lpc40xx_xon_xoff.o
    0x00002d12   0x00002d12   0x0000000a   Code   RO          533    i.UART3_IRQHandler  uart_lpc40xx_xon_xoff.o
    0x00002d1c   0x00002d1c   0x0000000a   Code   RO          534    i.UART4_IRQHandler  uart_lpc40xx_xon_xoff.o
    0x00002d26   0x00002d26   0x00000002   PAD
    0x00002d28   0x00002d28   0x0000003c   Code   RO          535    i.__NVIC_DisableIRQ  uart_lpc40xx_xon_xoff.o
    0x00002d64   0x00002d64   0x0000001a   Code   RO          536    i.__NVIC_EnableIRQ  uart_lpc40xx_xon_xoff.o
    0x00002d7e   0x00002d7e   0x00000014   Code   RO         1496    i.__hardfp_fabs     m_wm.l(fabs.o)
    0x00002d92   0x00002d92   0x00000cd4   Code   RO         1197    i.dct32             synth.o
    0x00003a66   0x00003a66   0x00000002   PAD
    0x00003a68   0x00003a68   0x00000104   Code   RO         1028    i.dctIV             layer3.o
    0x00003b6c   0x00003b6c   0x000001c4   Code   RO          942    i.decode_header     frame.o
    0x00003d30   0x00003d30   0x00000006   Code   RO          253    i.error             reproductor_mp3.o
    0x00003d36   0x00003d36   0x0000002e   Code   RO          862    i.error_default     decoder.o
    0x00003d64   0x00003d64   0x00000260   Code   RO         1029    i.fastsdct          layer3.o
    0x00003fc4   0x00003fc4   0x00000050   Code   RO         1343    i.fpu_init          system_lpc407x_8x_177x_8x.o
    0x00004014   0x00004014   0x00000102   Code   RO          943    i.free_bitrate      frame.o
    0x00004116   0x00004116   0x00000014   Code   RO         1238    i.gcd               timer.o
    0x0000412a   0x0000412a   0x00000002   Code   RO          398    i.generacion_audio_ajustar_tasa_muestreo  generacion_audio_con_uda1380.o
    0x0000412c   0x0000412c   0x00000048   Code   RO          399    i.generacion_audio_deshabilitar  generacion_audio_con_uda1380.o
    0x00004174   0x00004174   0x000001a4   Code   RO          400    i.generacion_audio_encolar_bloque_muestras  generacion_audio_con_uda1380.o
    0x00004318   0x00004318   0x00000008   Code   RO          401    i.generacion_audio_esperar_fin_fragmento  generacion_audio_con_uda1380.o
    0x00004320   0x00004320   0x00000070   Code   RO          402    i.generacion_audio_habilitar  generacion_audio_con_uda1380.o
    0x00004390   0x00004390   0x00000028   Code   RO          403    i.generacion_audio_inicializar  generacion_audio_con_uda1380.o
    0x000043b8   0x000043b8   0x00000010   Code   RO          254    i.gpio_leer_pin     reproductor_mp3.o
    0x000043c8   0x000043c8   0x00000180   Code   RO          122    i.i2c_inicializar   i2c_lpc40xx.o
    0x00004548   0x00004548   0x00000070   Code   RO          124    i.i2c_start         i2c_lpc40xx.o
    0x000045b8   0x000045b8   0x0000007c   Code   RO          125    i.i2c_stop          i2c_lpc40xx.o
    0x00004634   0x00004634   0x0000009c   Code   RO          126    i.i2c_transmitir_byte  i2c_lpc40xx.o
    0x000046d0   0x000046d0   0x000000bc   Code   RO         1030    i.imdct36           layer3.o
    0x0000478c   0x0000478c   0x00000168   Code   RO          255    i.input             reproductor_mp3.o
    0x000048f4   0x000048f4   0x00000204   Code   RO          178    i.iocon_configurar_pin  iocon_lpc40xx.o
    0x00004af8   0x00004af8   0x0000000a   Code   RO          666    i.lcd_borrar        lcd_hd44780_lpc40xx.o
    0x00004b02   0x00004b02   0x00000016   Code   RO          667    i.lcd_cursor_xy_16x2  lcd_hd44780_lpc40xx.o
    0x00004b18   0x00004b18   0x00000080   Code   RO          670    i.lcd_escribir_dr   lcd_hd44780_lpc40xx.o
    0x00004b98   0x00004b98   0x00000070   Code   RO          671    i.lcd_escribir_ir   lcd_hd44780_lpc40xx.o
    0x00004c08   0x00004c08   0x00000074   Code   RO          672    i.lcd_esperar_mientras_ocupado  lcd_hd44780_lpc40xx.o
    0x00004c7c   0x00004c7c   0x00000064   Code   RO          674    i.lcd_imprimir_cadena_xy_16x2  lcd_hd44780_lpc40xx.o
    0x00004ce0   0x00004ce0   0x000000d8   Code   RO          679    i.lcd_inicializar   lcd_hd44780_lpc40xx.o
    0x00004db8   0x00004db8   0x000000f0   Code   RO          812    i.mad_bit_crc       bit.o
    0x00004ea8   0x00004ea8   0x0000000c   Code   RO          813    i.mad_bit_init      bit.o
    0x00004eb4   0x00004eb4   0x0000001e   Code   RO          814    i.mad_bit_length    bit.o
    0x00004ed2   0x00004ed2   0x00000012   Code   RO          815    i.mad_bit_nextbyte  bit.o
    0x00004ee4   0x00004ee4   0x00000082   Code   RO          816    i.mad_bit_read      bit.o
    0x00004f66   0x00004f66   0x00000032   Code   RO          817    i.mad_bit_skip      bit.o
    0x00004f98   0x00004f98   0x00000006   Code   RO          863    i.mad_decoder_finish  decoder.o
    0x00004f9e   0x00004f9e   0x0000003e   Code   RO          864    i.mad_decoder_init  decoder.o
    0x00004fdc   0x00004fdc   0x00000054   Code   RO          866    i.mad_decoder_run   decoder.o
    0x00005030   0x00005030   0x00000080   Code   RO          944    i.mad_frame_decode  frame.o
    0x000050b0   0x000050b0   0x00000020   Code   RO          945    i.mad_frame_finish  frame.o
    0x000050d0   0x000050d0   0x0000001e   Code   RO          946    i.mad_frame_init    frame.o
    0x000050ee   0x000050ee   0x0000007e   Code   RO          947    i.mad_frame_mute    frame.o
    0x0000516c   0x0000516c   0x000001c8   Code   RO          948    i.mad_header_decode  frame.o
    0x00005334   0x00005334   0x00000024   Code   RO          949    i.mad_header_init   frame.o
    0x00005358   0x00005358   0x0000022c   Code   RO         1127    i.mad_layer_I       layer12.o
    0x00005584   0x00005584   0x000004d6   Code   RO         1128    i.mad_layer_II      layer12.o
    0x00005a5a   0x00005a5a   0x00000002   PAD
    0x00005a5c   0x00005a5c   0x000002b8   Code   RO         1031    i.mad_layer_III     layer3.o
    0x00005d14   0x00005d14   0x00000022   Code   RO         1155    i.mad_stream_buffer  stream.o
    0x00005d36   0x00005d36   0x00000014   Code   RO         1157    i.mad_stream_finish  stream.o
    0x00005d4a   0x00005d4a   0x00000036   Code   RO         1158    i.mad_stream_init   stream.o
    0x00005d80   0x00005d80   0x00000044   Code   RO         1160    i.mad_stream_sync   stream.o
    0x00005dc4   0x00005dc4   0x000000ac   Code   RO         1198    i.mad_synth_frame   synth.o
    0x00005e70   0x00005e70   0x0000002a   Code   RO         1199    i.mad_synth_init    synth.o
    0x00005e9a   0x00005e9a   0x00000062   Code   RO         1200    i.mad_synth_mute    synth.o
    0x00005efc   0x00005efc   0x00000128   Code   RO         1246    i.mad_timer_set     timer.o
    0x00006024   0x00006024   0x00000008   Code   RO          209    i.main              main.o
    0x0000602c   0x0000602c   0x0000003c   Code   RO          256    i.output            reproductor_mp3.o
    0x00006068   0x00006068   0x00000016   Code   RO           66    i.parar_con_error   error.o
    0x0000607e   0x0000607e   0x0000002c   Code   RO         1248    i.reduce_rational   timer.o
    0x000060aa   0x000060aa   0x00000002   PAD
    0x000060ac   0x000060ac   0x00000024   Code   RO         1249    i.reduce_timer      timer.o
    0x000060d0   0x000060d0   0x00000294   Code   RO          257    i.reproducir_mp3    reproductor_mp3.o
    0x00006364   0x00006364   0x00000094   Code   RO          781    i.retardo_software_inicializar  retardo_software.o
    0x000063f8   0x000063f8   0x0000019c   Code   RO          867    i.run_sync          decoder.o
    0x00006594   0x00006594   0x00000088   Code   RO         1250    i.scale_rational    timer.o
    0x0000661c   0x0000661c   0x00000150   Code   RO         1032    i.sdctII            layer3.o
    0x0000676c   0x0000676c   0x00000334   Code   RO         1201    i.synth_full        synth.o
    0x00006aa0   0x00006aa0   0x00000340   Code   RO         1202    i.synth_half        synth.o
    0x00006de0   0x00006de0   0x000000b0   Code   RO          324    i.timer_inicializar  timer_lpc40xx.o
    0x00006e90   0x00006e90   0x000000b0   Code   RO          330    i.timer_retardo_ms  timer_lpc40xx.o
    0x00006f40   0x00006f40   0x000000ec   Code   RO          537    i.uart_bytes_disponibles  uart_lpc40xx_xon_xoff.o
    0x0000702c   0x0000702c   0x00000034   Code   RO          538    i.uart_enviar_xoff  uart_lpc40xx_xon_xoff.o
    0x00007060   0x00007060   0x00000034   Code   RO          539    i.uart_enviar_xon   uart_lpc40xx_xon_xoff.o
    0x00007094   0x00007094   0x0000052c   Code   RO          542    i.uart_inicializar  uart_lpc40xx_xon_xoff.o
    0x000075c0   0x000075c0   0x00000190   Code   RO          543    i.uart_leer         uart_lpc40xx_xon_xoff.o
    0x00007750   0x00007750   0x00000104   Code   RO          544    i.uart_manejador_interrupciones  uart_lpc40xx_xon_xoff.o
    0x00007854   0x00007854   0x00000094   Code   RO          546    i.uart_puntero_a_numero  uart_lpc40xx_xon_xoff.o
    0x000078e8   0x000078e8   0x000001fc   Code   RO          547    i.uart_transmitir   uart_lpc40xx_xon_xoff.o
    0x00007ae4   0x00007ae4   0x0000003c   Code   RO          491    i.uda1380_escribir_registro_configuracion  uda1380_lpc4078fbd80.o
    0x00007b20   0x00007b20   0x0000012c   Code   RO          492    i.uda1380_inicializar  uda1380_lpc4078fbd80.o
    0x00007c4c   0x00007c4c   0x00000062   Code   RO         1492    x$fpl$d2f           fz_wm.l(d2f.o)
    0x00007cae   0x00007cae   0x0000009c   Code   RO         1596    x$fpl$dnaninf       fz_wm.l(dnaninf.o)
    0x00007d4a   0x00007d4a   0x0000000c   Code   RO         1598    x$fpl$dretinf       fz_wm.l(dretinf.o)
    0x00007d56   0x00007d56   0x00000002   PAD
    0x00007d58   0x00007d58   0x00000056   Code   RO         1494    x$fpl$f2d           fz_wm.l(f2d.o)
    0x00007dae   0x00007dae   0x0000008c   Code   RO         1600    x$fpl$fnaninf       fz_wm.l(fnaninf.o)
    0x00007e3a   0x00007e3a   0x0000000a   Code   RO         1655    x$fpl$fpinit        fz_wm.l(fpinit.o)
    0x00007e44   0x00007e44   0x0000000a   Code   RO         1602    x$fpl$fretinf       fz_wm.l(fretinf.o)
    0x00007e4e   0x00007e4e   0x00000000   Code   RO         1604    x$fpl$usenofp       fz_wm.l(usenofp.o)
    0x00007e4e   0x00007e4e   0x00000048   Data   RO          127    .constdata          i2c_lpc40xx.o
    0x00007e96   0x00007e96   0x00000c32   Data   RO          179    .constdata          iocon_lpc40xx.o
    0x00008ac8   0x00008ac8   0x000000b7   Data   RO          332    .constdata          timer_lpc40xx.o
    0x00008b7f   0x00008b7f   0x00000029   Data   RO          405    .constdata          generacion_audio_con_uda1380.o
    0x00008ba8   0x00008ba8   0x000000ec   Data   RO          549    .constdata          uart_lpc40xx_xon_xoff.o
    0x00008c94   0x00008c94   0x0000004f   Data   RO          682    .constdata          lcd_hd44780_lpc40xx.o
    0x00008ce3   0x00008ce3   0x00000001   PAD
    0x00008ce4   0x00008ce4   0x00000200   Data   RO          818    .constdata          bit.o
    0x00008ee4   0x00008ee4   0x00000144   Data   RO          950    .constdata          frame.o
    0x00009028   0x00009028   0x00001228   Data   RO         1002    .constdata          huffman.o
    0x0000a250   0x0000a250   0x00008670   Data   RO         1033    .constdata          layer3.o
    0x000128c0   0x000128c0   0x00000334   Data   RO         1129    .constdata          layer12.o
    0x00012bf4   0x00012bf4   0x00000880   Data   RO         1203    .constdata          synth.o
    0x00013474   0x00013474   0x00000008   Data   RO         1251    .constdata          timer.o
    0x0001347c   0x0001347c   0x00000030   Data   RO         1729    Region$$Table       anon$$obj.o


    Execution Region RW_IRAM1 (Exec base: 0x10000000, Load base: 0x000134ac, Size: 0x0000f8b0, Max: 0x00010000, ABSOLUTE)

    Exec Addr    Load Addr    Size         Type   Attr      Idx    E Section Name        Object

    0x10000000        -       0x000078ac   Zero   RW          548    .bss                uart_lpc40xx_xon_xoff.o
    0x100078ac   0x000134ac   0x00000004   PAD
    0x100078b0        -       0x00008000   Zero   RW         1329    HEAP                startup_lpc407x_8x_177x_8x.o


    Execution Region RW_IRAM2 (Exec base: 0x20000000, Load base: 0x000134ac, Size: 0x00004490, Max: 0x00008000, ABSOLUTE)

    Exec Addr    Load Addr    Size         Type   Attr      Idx    E Section Name        Object

    0x20000000   0x000134ac   0x0000000c   Data   RW          259    .data               reproductor_mp3.o
    0x2000000c   0x000134b8   0x00000001   Data   RW          406    .data               generacion_audio_con_uda1380.o
    0x2000000d   0x000134b9   0x00000005   Data   RW          550    .data               uart_lpc40xx_xon_xoff.o
    0x20000012   0x000134be   0x00000001   Data   RW          782    .data               retardo_software.o
    0x20000013   0x000134bf   0x00000001   PAD
    0x20000014   0x000134c0   0x00000004   Data   RW          807    .data               retardo_software_asm.o
    0x20000018   0x000134c4   0x00000010   Data   RW         1344    .data               system_lpc407x_8x_177x_8x.o
    0x20000028        -       0x00000200   Zero   RW          258    .bss                reproductor_mp3.o
    0x20000228        -       0x00001204   Zero   RW          404    .bss                generacion_audio_con_uda1380.o
    0x2000142c        -       0x00000060   Zero   RW         1608    .bss                c_w.l(libspace.o)
    0x2000148c   0x000134d4   0x00000004   PAD
    0x20001490        -       0x00003000   Zero   RW         1328    STACK               startup_lpc407x_8x_177x_8x.o


==============================================================================

Image component sizes


      Code (inc. data)   RO Data    RW Data    ZI Data      Debug   Object Name

       480          4        512          0          0       5307   bit.o
         0          0          0          0          0      27276   dac_lpc40xx.o
       610         12          0          0          0      12311   decoder.o
        22          0          0          0          0       1106   error.o
      1518         26        324          0          0       7494   frame.o
       934        138         41          1       4612      37436   generacion_audio_con_uda1380.o
         0          0       4648          0          0       2222   huffman.o
       776        336         72          0          0       8742   i2c_lpc40xx.o
       516        262       3122          0          0       2326   iocon_lpc40xx.o
      2034         42        820          0          0       6365   layer12.o
      9440        118      34416          0          0      27966   layer3.o
       704         68         79          0          0       6488   lcd_hd44780_lpc40xx.o
         8          0          0          0          0       7079   main.o
      1102        112          0         12        512      39044   reproductor_mp3.o
       148         16          0          1          0       6155   retardo_software.o
        24          4          0          4          0        504   retardo_software_asm.o
        68         30        228          0      45056       1220   startup_lpc407x_8x_177x_8x.o
       176          0          0          0          0       3140   stream.o
      5248         20       2176          0          0      11900   synth.o
      1040         62          0         16          0       7428   system_lpc407x_8x_177x_8x.o
       532         18          8          0          0       5049   timer.o
       352        128        183          0          0       5769   timer_lpc40xx.o
      3116       1010        236          5      30892      45461   uart_lpc40xx_xon_xoff.o
       360         44          0          0          0       1460   uda1380_lpc4078fbd80.o

    ----------------------------------------------------------------------
     29220       2450      46914         40      81076     279248   Object Totals
         0          0         48          0          0          0   (incl. Generated)
        12          0          1          1          4          0   (incl. Padding)

    ----------------------------------------------------------------------

      Code (inc. data)   RO Data    RW Data    ZI Data      Debug   Library Member Name

         8          0          0          0          0         68   __main.o
       104          0          0          0          0         84   __printf.o
         0          0          0          0          0          0   __rtentry.o
        12          0          0          0          0          0   __rtentry2.o
         6          0          0          0          0          0   __rtentry4.o
        52          8          0          0          0          0   __scatter.o
        26          0          0          0          0          0   __scatter_copy.o
        28          0          0          0          0          0   __scatter_zi.o
        48          6          0          0          0         96   _printf_char_common.o
       120         16          0          0          0         92   _printf_dec.o
       178          0          0          0          0         88   _printf_intcommon.o
         0          0          0          0          0          0   _printf_percent.o
         4          0          0          0          0          0   _printf_percent_end.o
         6          0          0          0          0          0   _printf_u.o
        16          0          0          0          0         68   _snputc.o
        10          0          0          0          0         68   _sputc.o
        22          0          0          0          0         80   abort.o
        40          0          0          0          0         80   calloc.o
        48         34          0          0          0         76   defsig_abrt_inner.o
        14          0          0          0          0         80   defsig_abrt_outer.o
        10          0          0          0          0         68   defsig_exit.o
        50          0          0          0          0         88   defsig_general.o
        80         58          0          0          0         76   defsig_rtmem_inner.o
        14          0          0          0          0         80   defsig_rtmem_outer.o
        18          0          0          0          0         80   exit.o
        94          0          0          0          0         80   h1_alloc.o
        52          0          0          0          0         68   h1_extend.o
        78          0          0          0          0         80   h1_free.o
        14          0          0          0          0         84   h1_init.o
         6          0          0          0          0        152   heapauxi.o
         4          0          0          0          0        136   hguard.o
         0          0          0          0          0          0   indicate_semi.o
       138          0          0          0          0        168   init_alloc.o
         2          0          0          0          0          0   libinit.o
        14          0          0          0          0          0   libinit2.o
         2          0          0          0          0          0   libshutdown.o
         2          0          0          0          0          0   libshutdown2.o
         8          4          0          0         96         68   libspace.o
         0          0          0          0          0          0   maybetermalloc1.o
        52          4          0          0          0         84   noretval__2snprintf.o
         8          4          0          0          0         68   rt_heap_descriptor_intlibspace.o
        68          0          0          0          0         68   rt_memclr.o
        78          0          0          0          0         80   rt_memclr_w.o
       138          0          0          0          0         68   rt_memcpy_v6.o
       100          0          0          0          0         80   rt_memcpy_w.o
       132          0          0          0          0         68   rt_memmove_v6.o
       122          0          0          0          0         80   rt_memmove_w.o
         2          0          0          0          0          0   rtexit.o
        10          0          0          0          0          0   rtexit2.o
       128          0          0          0          0         68   strcmpv7m.o
        72          0          0          0          0         80   strcpy.o
        12          4          0          0          0         68   sys_exit.o
        74          0          0          0          0         80   sys_stackheap_outer.o
        14          0          0          0          0         76   sys_wrch.o
         2          0          0          0          0         68   use_no_semi.o
        98          4          0          0          0        140   d2f.o
       156          4          0          0          0        140   dnaninf.o
        12          0          0          0          0        116   dretinf.o
        86          4          0          0          0        132   f2d.o
       140          4          0          0          0        132   fnaninf.o
        10          0          0          0          0        116   fpinit.o
        10          0          0          0          0        116   fretinf.o
         0          0          0          0          0          0   usenofp.o
        20          0          0          0          0        124   fabs.o

    ----------------------------------------------------------------------
      2886        154          0          0        100       4160   Library Totals
        14          0          0          0          4          0   (incl. Padding)

    ----------------------------------------------------------------------

      Code (inc. data)   RO Data    RW Data    ZI Data      Debug   Library Name

      2340        138          0          0         96       3144   c_w.l
       512         16          0          0          0        892   fz_wm.l
        20          0          0          0          0        124   m_wm.l

    ----------------------------------------------------------------------
      2886        154          0          0        100       4160   Library Totals

    ----------------------------------------------------------------------

==============================================================================


      Code (inc. data)   RO Data    RW Data    ZI Data      Debug   

     32106       2604      46914         40      81176     270588   Grand Totals
     32106       2604      46914         40      81176     270588   ELF Image Totals
     32106       2604      46914         40          0          0   ROM Totals

==============================================================================

    Total RO  Size (Code + RO Data)                79020 (  77.17kB)
    Total RW  Size (RW Data + ZI Data)             81216 (  79.31kB)
    Total ROM Size (Code + RO Data + RW Data)      79060 (  77.21kB)

==============================================================================

