--------------------------------------------------------------------------------
Release 14.2 Trace  (nt64)
Copyright (c) 1995-2012 Xilinx, Inc.  All rights reserved.

C:\Xilinx\14.2\ISE_DS\ISE\bin\nt64\unwrapped\trce.exe -intstyle ise -v 3 -s 4
-n 3 -fastpaths -xml Inc_3bits.twx Inc_3bits.ncd -o Inc_3bits.twr Inc_3bits.pcf

Design file:              Inc_3bits.ncd
Physical constraint file: Inc_3bits.pcf
Device,package,speed:     xc3s100e,cp132,-4 (PRODUCTION 1.27 2012-07-09)
Report level:             verbose report

Environment Variable      Effect 
--------------------      ------ 
NONE                      No environment variables were set
--------------------------------------------------------------------------------

INFO:Timing:2698 - No timing constraints found, doing default enumeration.
INFO:Timing:3412 - To improve timing, see the Timing Closure User Guide (UG612).
INFO:Timing:2752 - To get complete path coverage, use the unconstrained paths 
   option. All paths that are not constrained will be reported in the 
   unconstrained paths section(s) of the report.
INFO:Timing:3339 - The clock-to-out numbers in this timing report are based on 
   a 50 Ohm transmission line loading model.  For the details of this model, 
   and for more information on accounting for different loading conditions, 
   please see the device datasheet.
INFO:Timing:3390 - This architecture does not support a default System Jitter 
   value, please add SYSTEM_JITTER constraint to the UCF to modify the Clock 
   Uncertainty calculation.
INFO:Timing:3389 - This architecture does not support 'Discrete Jitter' and 
   'Phase Error' calculations, these terms will be zero in the Clock 
   Uncertainty calculation.  Please make appropriate modification to 
   SYSTEM_JITTER to account for the unsupported Discrete Jitter and Phase 
   Error.



Data Sheet report:
-----------------
All values displayed in nanoseconds (ns)

Pad to Pad
---------------+---------------+---------+
Source Pad     |Destination Pad|  Delay  |
---------------+---------------+---------+
Value<0>       |Value_Inc<0>   |    4.807|
Value<0>       |Value_Inc<1>   |    6.481|
Value<0>       |Value_Inc<2>   |    6.475|
Value<0>       |Value_Inc<3>   |    6.536|
Value<0>       |Value_Inc<4>   |    7.260|
Value<0>       |Value_Inc<5>   |    8.281|
Value<0>       |Value_Inc<6>   |    8.226|
Value<0>       |Value_Inc<7>   |    8.047|
Value<1>       |Value_Inc<1>   |    6.640|
Value<1>       |Value_Inc<2>   |    7.184|
Value<1>       |Value_Inc<3>   |    7.421|
Value<1>       |Value_Inc<4>   |    7.698|
Value<1>       |Value_Inc<5>   |    8.719|
Value<1>       |Value_Inc<6>   |    8.664|
Value<1>       |Value_Inc<7>   |    8.485|
Value<2>       |Value_Inc<2>   |    6.554|
Value<2>       |Value_Inc<3>   |    6.986|
Value<2>       |Value_Inc<4>   |    7.230|
Value<2>       |Value_Inc<5>   |    8.251|
Value<2>       |Value_Inc<6>   |    8.196|
Value<2>       |Value_Inc<7>   |    8.017|
Value<3>       |Value_Inc<3>   |    6.730|
Value<3>       |Value_Inc<4>   |    7.145|
Value<3>       |Value_Inc<5>   |    8.166|
Value<3>       |Value_Inc<6>   |    8.111|
Value<3>       |Value_Inc<7>   |    7.932|
Value<4>       |Value_Inc<4>   |    7.355|
Value<4>       |Value_Inc<5>   |    6.303|
Value<4>       |Value_Inc<6>   |    6.273|
Value<4>       |Value_Inc<7>   |    6.876|
Value<5>       |Value_Inc<5>   |    6.266|
Value<5>       |Value_Inc<6>   |    6.271|
Value<5>       |Value_Inc<7>   |    6.707|
Value<6>       |Value_Inc<6>   |    6.526|
Value<6>       |Value_Inc<7>   |    6.614|
Value<7>       |Value_Inc<7>   |    6.490|
---------------+---------------+---------+


Analysis completed Thu Nov 02 18:11:24 2017 
--------------------------------------------------------------------------------

Trace Settings:
-------------------------
Trace Settings 

Peak Memory Usage: 158 MB



