V3 3
FL C:/Users/Jesus/Xilinx/Proyecto14/Toggle.vhd 2017/11/08.11:20:22 P.28xd
EN work/Toggle 1510136851 FL C:/Users/Jesus/Xilinx/Proyecto14/Toggle.vhd \
      PB ieee/std_logic_1164 1341906176
AR work/Toggle/Behavioral 1510136852 \
      FL C:/Users/Jesus/Xilinx/Proyecto14/Toggle.vhd EN work/Toggle 1510136851
