Release 14.2 - xst P.28xd (nt64)
Copyright (c) 1995-2012 Xilinx, Inc.  All rights reserved.
--> Parameter TMPDIR set to xst/projnav.tmp


Total REAL time to Xst completion: 0.00 secs
Total CPU time to Xst completion: 0.20 secs
 
--> Parameter xsthdpdir set to xst


Total REAL time to Xst completion: 0.00 secs
Total CPU time to Xst completion: 0.21 secs
 
--> Reading design: Top01.prj

TABLE OF CONTENTS
  1) Synthesis Options Summary
  2) HDL Compilation
  3) Design Hierarchy Analysis
  4) HDL Analysis
  5) HDL Synthesis
     5.1) HDL Synthesis Report
  6) Advanced HDL Synthesis
     6.1) Advanced HDL Synthesis Report
  7) Low Level Synthesis
  8) Partition Report
  9) Final Report
	9.1) Device utilization summary
	9.2) Partition Resource Summary
	9.3) TIMING REPORT


=========================================================================
*                      Synthesis Options Summary                        *
=========================================================================
---- Source Parameters
Input File Name                    : "Top01.prj"
Input Format                       : mixed
Ignore Synthesis Constraint File   : NO

---- Target Parameters
Output File Name                   : "Top01"
Output Format                      : NGC
Target Device                      : xc3s100e-5-cp132

---- Source Options
Top Module Name                    : Top01
Automatic FSM Extraction           : YES
FSM Encoding Algorithm             : Auto
Safe Implementation                : No
FSM Style                          : LUT
RAM Extraction                     : Yes
RAM Style                          : Auto
ROM Extraction                     : Yes
Mux Style                          : Auto
Decoder Extraction                 : YES
Priority Encoder Extraction        : Yes
Shift Register Extraction          : YES
Logical Shifter Extraction         : YES
XOR Collapsing                     : YES
ROM Style                          : Auto
Mux Extraction                     : Yes
Resource Sharing                   : YES
Asynchronous To Synchronous        : NO
Multiplier Style                   : Auto
Automatic Register Balancing       : No

---- Target Options
Add IO Buffers                     : YES
Global Maximum Fanout              : 100000
Add Generic Clock Buffer(BUFG)     : 24
Register Duplication               : YES
Slice Packing                      : YES
Optimize Instantiated Primitives   : NO
Use Clock Enable                   : Yes
Use Synchronous Set                : Yes
Use Synchronous Reset              : Yes
Pack IO Registers into IOBs        : Auto
Equivalent register Removal        : YES

---- General Options
Optimization Goal                  : Speed
Optimization Effort                : 1
Keep Hierarchy                     : No
Netlist Hierarchy                  : As_Optimized
RTL Output                         : Yes
Global Optimization                : AllClockNets
Read Cores                         : YES
Write Timing Constraints           : NO
Cross Clock Analysis               : NO
Hierarchy Separator                : /
Bus Delimiter                      : <>
Case Specifier                     : Maintain
Slice Utilization Ratio            : 100
BRAM Utilization Ratio             : 100
Verilog 2001                       : YES
Auto BRAM Packing                  : NO
Slice Utilization Ratio Delta      : 5

=========================================================================


=========================================================================
*                          HDL Compilation                              *
=========================================================================
Compiling vhdl file "C:/Users/Jesus/Xilinx/Proyecto23/CLK_1KHz.vhd" in Library work.
Architecture behavioral of Entity clk_1khz is up to date.
Compiling vhdl file "C:/Users/Jesus/Xilinx/Proyecto23/Counter_2bits.vhd" in Library work.
Architecture behavioral of Entity counter_2bits is up to date.
Compiling vhdl file "C:/Users/Jesus/Xilinx/Proyecto23/Disp7Seg.vhd" in Library work.
Architecture behavioral of Entity disp7seg is up to date.
Compiling vhdl file "C:/Users/Jesus/Xilinx/Proyecto23/Reg_4bits.vhd" in Library work.
Architecture behavioral of Entity reg_4bits is up to date.
Compiling vhdl file "C:/Users/Jesus/Xilinx/Proyecto23/ALU_4bits.vhd" in Library work.
Architecture behavioral of Entity alu_4bits is up to date.
Compiling vhdl file "C:/Users/Jesus/Xilinx/Proyecto23/FFD.vhd" in Library work.
Architecture behavioral of Entity ffd is up to date.
Compiling vhdl file "C:/Users/Jesus/Xilinx/Proyecto23/DataPath_01.vhd" in Library work.
Architecture behavioral of Entity datapath_01 is up to date.
Compiling vhdl file "C:/Users/Jesus/Xilinx/Proyecto23/Display7Seg_4ON.vhd" in Library work.
Architecture behavioral of Entity display7seg_4on is up to date.
Compiling vhdl file "C:/Users/Jesus/Xilinx/Proyecto23/Top01.vhd" in Library work.
Entity <top01> compiled.
Entity <top01> (Architecture <behavioral>) compiled.

=========================================================================
*                     Design Hierarchy Analysis                         *
=========================================================================
Analyzing hierarchy for entity <Top01> in library <work> (architecture <behavioral>).

Analyzing hierarchy for entity <DataPath_01> in library <work> (architecture <behavioral>).

Analyzing hierarchy for entity <Display7Seg_4ON> in library <work> (architecture <behavioral>).

Analyzing hierarchy for entity <Reg_4bits> in library <work> (architecture <behavioral>).

Analyzing hierarchy for entity <ALU_4bits> in library <work> (architecture <behavioral>).

Analyzing hierarchy for entity <FFD> in library <work> (architecture <behavioral>).

Analyzing hierarchy for entity <CLK_1KHz> in library <work> (architecture <behavioral>).

Analyzing hierarchy for entity <Counter_2bits> in library <work> (architecture <behavioral>).

Analyzing hierarchy for entity <Disp7Seg> in library <work> (architecture <behavioral>).


=========================================================================
*                            HDL Analysis                               *
=========================================================================
Analyzing Entity <Top01> in library <work> (Architecture <behavioral>).
Entity <Top01> analyzed. Unit <Top01> generated.

Analyzing Entity <DataPath_01> in library <work> (Architecture <behavioral>).
Entity <DataPath_01> analyzed. Unit <DataPath_01> generated.

Analyzing Entity <Reg_4bits> in library <work> (Architecture <behavioral>).
Entity <Reg_4bits> analyzed. Unit <Reg_4bits> generated.

Analyzing Entity <ALU_4bits> in library <work> (Architecture <behavioral>).
INFO:Xst:1561 - "C:/Users/Jesus/Xilinx/Proyecto23/ALU_4bits.vhd" line 55: Mux is complete : default of case is discarded
Entity <ALU_4bits> analyzed. Unit <ALU_4bits> generated.

Analyzing Entity <FFD> in library <work> (Architecture <behavioral>).
Entity <FFD> analyzed. Unit <FFD> generated.

Analyzing Entity <Display7Seg_4ON> in library <work> (Architecture <behavioral>).
INFO:Xst:1561 - "C:/Users/Jesus/Xilinx/Proyecto23/Display7Seg_4ON.vhd" line 104: Mux is complete : default of case is discarded
Entity <Display7Seg_4ON> analyzed. Unit <Display7Seg_4ON> generated.

Analyzing Entity <CLK_1KHz> in library <work> (Architecture <behavioral>).
Entity <CLK_1KHz> analyzed. Unit <CLK_1KHz> generated.

Analyzing Entity <Counter_2bits> in library <work> (Architecture <behavioral>).
Entity <Counter_2bits> analyzed. Unit <Counter_2bits> generated.

Analyzing Entity <Disp7Seg> in library <work> (Architecture <behavioral>).
INFO:Xst:1561 - "C:/Users/Jesus/Xilinx/Proyecto23/Disp7Seg.vhd" line 49: Mux is complete : default of case is discarded
INFO:Xst:1561 - "C:/Users/Jesus/Xilinx/Proyecto23/Disp7Seg.vhd" line 69: Mux is complete : default of case is discarded
Entity <Disp7Seg> analyzed. Unit <Disp7Seg> generated.


=========================================================================
*                           HDL Synthesis                               *
=========================================================================

Performing bidirectional port resolution...

Synthesizing Unit <Reg_4bits>.
    Related source file is "C:/Users/Jesus/Xilinx/Proyecto23/Reg_4bits.vhd".
    Found 4-bit register for signal <DataOut>.
    Summary:
	inferred   4 D-type flip-flop(s).
Unit <Reg_4bits> synthesized.


Synthesizing Unit <ALU_4bits>.
    Related source file is "C:/Users/Jesus/Xilinx/Proyecto23/ALU_4bits.vhd".
    Found 4-bit 4-to-1 multiplexer for signal <Resultado>.
    Found 4-bit addsub for signal <Resultado$addsub0000>.
    Summary:
	inferred   1 Adder/Subtractor(s).
	inferred   4 Multiplexer(s).
Unit <ALU_4bits> synthesized.


Synthesizing Unit <FFD>.
    Related source file is "C:/Users/Jesus/Xilinx/Proyecto23/FFD.vhd".
    Found 1-bit register for signal <Q>.
    Summary:
	inferred   1 D-type flip-flop(s).
Unit <FFD> synthesized.


Synthesizing Unit <CLK_1KHz>.
    Related source file is "C:/Users/Jesus/Xilinx/Proyecto23/CLK_1KHz.vhd".
    Found 1-bit register for signal <Out_1KHz>.
    Found 16-bit up counter for signal <Count>.
    Summary:
	inferred   1 Counter(s).
	inferred   1 D-type flip-flop(s).
Unit <CLK_1KHz> synthesized.


Synthesizing Unit <Counter_2bits>.
    Related source file is "C:/Users/Jesus/Xilinx/Proyecto23/Counter_2bits.vhd".
    Found 2-bit up counter for signal <CUENTA>.
    Summary:
	inferred   1 Counter(s).
Unit <Counter_2bits> synthesized.


Synthesizing Unit <Disp7Seg>.
    Related source file is "C:/Users/Jesus/Xilinx/Proyecto23/Disp7Seg.vhd".
    Found 16x7-bit ROM for signal <Seg>.
    Found 1-of-4 decoder for signal <Anode>.
    Summary:
	inferred   1 ROM(s).
	inferred   1 Decoder(s).
Unit <Disp7Seg> synthesized.


Synthesizing Unit <DataPath_01>.
    Related source file is "C:/Users/Jesus/Xilinx/Proyecto23/DataPath_01.vhd".
Unit <DataPath_01> synthesized.


Synthesizing Unit <Display7Seg_4ON>.
    Related source file is "C:/Users/Jesus/Xilinx/Proyecto23/Display7Seg_4ON.vhd".
    Found 4-bit 4-to-1 multiplexer for signal <salida_mux>.
    Summary:
	inferred   4 Multiplexer(s).
Unit <Display7Seg_4ON> synthesized.


Synthesizing Unit <Top01>.
    Related source file is "C:/Users/Jesus/Xilinx/Proyecto23/Top01.vhd".
Unit <Top01> synthesized.

INFO:Xst:1767 - HDL ADVISOR - Resource sharing has identified that some arithmetic operations in this design can share the same physical resources for reduced device utilization. For improved clock frequency you may try to disable resource sharing.

=========================================================================
HDL Synthesis Report

Macro Statistics
# ROMs                                                 : 1
 16x7-bit ROM                                          : 1
# Adders/Subtractors                                   : 1
 4-bit addsub                                          : 1
# Counters                                             : 2
 16-bit up counter                                     : 1
 2-bit up counter                                      : 1
# Registers                                            : 4
 1-bit register                                        : 2
 4-bit register                                        : 2
# Multiplexers                                         : 2
 4-bit 4-to-1 multiplexer                              : 2
# Decoders                                             : 1
 1-of-4 decoder                                        : 1

=========================================================================

=========================================================================
*                       Advanced HDL Synthesis                          *
=========================================================================


=========================================================================
Advanced HDL Synthesis Report

Macro Statistics
# ROMs                                                 : 1
 16x7-bit ROM                                          : 1
# Adders/Subtractors                                   : 1
 4-bit addsub                                          : 1
# Counters                                             : 2
 16-bit up counter                                     : 1
 2-bit up counter                                      : 1
# Registers                                            : 10
 Flip-Flops                                            : 10
# Multiplexers                                         : 2
 4-bit 4-to-1 multiplexer                              : 2
# Decoders                                             : 1
 1-of-4 decoder                                        : 1

=========================================================================

=========================================================================
*                         Low Level Synthesis                           *
=========================================================================

Optimizing unit <Top01> ...

Mapping all equations...
Building and optimizing final netlist ...
Found area constraint ratio of 100 (+ 5) on block Top01, actual ratio is 4.

Final Macro Processing ...

=========================================================================
Final Register Report

Macro Statistics
# Registers                                            : 28
 Flip-Flops                                            : 28

=========================================================================

=========================================================================
*                           Partition Report                            *
=========================================================================

Partition Implementation Status
-------------------------------

  No Partitions were found in this design.

-------------------------------

=========================================================================
*                            Final Report                               *
=========================================================================
Final Results
RTL Top Level Output File Name     : Top01.ngr
Top Level Output File Name         : Top01
Output Format                      : NGC
Optimization Goal                  : Speed
Keep Hierarchy                     : No

Design Statistics
# IOs                              : 23

Cell Usage :
# BELS                             : 115
#      GND                         : 1
#      INV                         : 2
#      LUT1                        : 15
#      LUT2                        : 23
#      LUT3                        : 4
#      LUT3_D                      : 1
#      LUT4                        : 28
#      LUT4_D                      : 1
#      LUT4_L                      : 2
#      MUXCY                       : 15
#      MUXF5                       : 6
#      VCC                         : 1
#      XORCY                       : 16
# FlipFlops/Latches                : 28
#      FDC                         : 17
#      FDCE                        : 11
# Clock Buffers                    : 1
#      BUFGP                       : 1
# IO Buffers                       : 22
#      IBUF                        : 10
#      OBUF                        : 12
=========================================================================

Device utilization summary:
---------------------------

Selected Device : 3s100ecp132-5 

 Number of Slices:                       40  out of    960     4%  
 Number of Slice Flip Flops:             28  out of   1920     1%  
 Number of 4 input LUTs:                 76  out of   1920     3%  
 Number of IOs:                          23
 Number of bonded IOBs:                  23  out of     83    27%  
 Number of GCLKs:                         1  out of     24     4%  

---------------------------
Partition Resource Summary:
---------------------------

  No Partitions were found in this design.

---------------------------


=========================================================================
TIMING REPORT

NOTE: THESE TIMING NUMBERS ARE ONLY A SYNTHESIS ESTIMATE.
      FOR ACCURATE TIMING INFORMATION PLEASE REFER TO THE TRACE REPORT
      GENERATED AFTER PLACE-and-ROUTE.

Clock Information:
------------------
-----------------------------------+------------------------+-------+
Clock Signal                       | Clock buffer(FF name)  | Load  |
-----------------------------------+------------------------+-------+
CLK                                | BUFGP                  | 28    |
-----------------------------------+------------------------+-------+

Asynchronous Control Signals Information:
----------------------------------------
-----------------------------------+------------------------+-------+
Control Signal                     | Buffer(FF name)        | Load  |
-----------------------------------+------------------------+-------+
RESET                              | IBUF                   | 28    |
-----------------------------------+------------------------+-------+

Timing Summary:
---------------
Speed Grade: -5

   Minimum period: 5.125ns (Maximum Frequency: 195.107MHz)
   Minimum input arrival time before clock: 7.318ns
   Maximum output required time after clock: 10.430ns
   Maximum combinational path delay: 12.598ns

Timing Detail:
--------------
All values displayed in nanoseconds (ns)

=========================================================================
Timing constraint: Default period analysis for Clock 'CLK'
  Clock period: 5.125ns (frequency: 195.107MHz)
  Total number of paths / destination ports: 445 / 22
-------------------------------------------------------------------------
Delay:               5.125ns (Levels of Logic = 5)
  Source:            Inst_DataPath_01/REGB/DataOut_1 (FF)
  Destination:       Inst_DataPath_01/Inst_FFD/Q (FF)
  Source Clock:      CLK rising
  Destination Clock: CLK rising

  Data Path: Inst_DataPath_01/REGB/DataOut_1 to Inst_DataPath_01/Inst_FFD/Q
                                Gate     Net
    Cell:in->out      fanout   Delay   Delay  Logical Name (Net Name)
    ----------------------------------------  ------------
     FDCE:C->Q             5   0.514   0.607  Inst_DataPath_01/REGB/DataOut_1 (Inst_DataPath_01/REGB/DataOut_1)
     LUT4_L:I1->LO         1   0.612   0.103  Inst_DataPath_01/Inst_ALU_4bits/Mmux_Resultado2_SW2 (N32)
     LUT4:I3->O            3   0.612   0.481  Inst_DataPath_01/Inst_ALU_4bits/Mmux_Resultado2 (Salida_ALU<1>)
     LUT3:I2->O            1   0.612   0.000  Inst_DataPath_01/Inst_ALU_4bits/Mmux_Resultado4_SW21 (Inst_DataPath_01/Inst_ALU_4bits/Mmux_Resultado4_SW2)
     MUXF5:I1->O           1   0.278   0.426  Inst_DataPath_01/Inst_ALU_4bits/Mmux_Resultado4_SW2_f5 (N21)
     LUT4:I1->O            1   0.612   0.000  Inst_DataPath_01/Inst_ALU_4bits/SalFZ_cmp_eq00001 (Inst_DataPath_01/FlagZero)
     FDCE:D                    0.268          Inst_DataPath_01/Inst_FFD/Q
    ----------------------------------------
    Total                      5.125ns (3.508ns logic, 1.617ns route)
                                       (68.4% logic, 31.6% route)

=========================================================================
Timing constraint: Default OFFSET IN BEFORE for Clock 'CLK'
  Total number of paths / destination ports: 47 / 18
-------------------------------------------------------------------------
Offset:              7.318ns (Levels of Logic = 7)
  Source:            SEL_ALU<1> (PAD)
  Destination:       Inst_DataPath_01/Inst_FFD/Q (FF)
  Destination Clock: CLK rising

  Data Path: SEL_ALU<1> to Inst_DataPath_01/Inst_FFD/Q
                                Gate     Net
    Cell:in->out      fanout   Delay   Delay  Logical Name (Net Name)
    ----------------------------------------  ------------
     IBUF:I->O            11   1.106   0.945  SEL_ALU_1_IBUF (SEL_ALU_1_IBUF)
     LUT2:I0->O            4   0.612   0.651  Inst_DataPath_01/Inst_ALU_4bits/Resultado_mux00001 (Inst_DataPath_01/Inst_ALU_4bits/Resultado_mux0000)
     LUT4_L:I0->LO         1   0.612   0.103  Inst_DataPath_01/Inst_ALU_4bits/Mmux_Resultado2_SW2 (N32)
     LUT4:I3->O            3   0.612   0.481  Inst_DataPath_01/Inst_ALU_4bits/Mmux_Resultado2 (Salida_ALU<1>)
     LUT3:I2->O            1   0.612   0.000  Inst_DataPath_01/Inst_ALU_4bits/Mmux_Resultado4_SW21 (Inst_DataPath_01/Inst_ALU_4bits/Mmux_Resultado4_SW2)
     MUXF5:I1->O           1   0.278   0.426  Inst_DataPath_01/Inst_ALU_4bits/Mmux_Resultado4_SW2_f5 (N21)
     LUT4:I1->O            1   0.612   0.000  Inst_DataPath_01/Inst_ALU_4bits/SalFZ_cmp_eq00001 (Inst_DataPath_01/FlagZero)
     FDCE:D                    0.268          Inst_DataPath_01/Inst_FFD/Q
    ----------------------------------------
    Total                      7.318ns (4.712ns logic, 2.606ns route)
                                       (64.4% logic, 35.6% route)

=========================================================================
Timing constraint: Default OFFSET OUT AFTER for Clock 'CLK'
  Total number of paths / destination ports: 366 / 12
-------------------------------------------------------------------------
Offset:              10.430ns (Levels of Logic = 7)
  Source:            Inst_DataPath_01/REGA/DataOut_0 (FF)
  Destination:       Catodo<2> (PAD)
  Source Clock:      CLK rising

  Data Path: Inst_DataPath_01/REGA/DataOut_0 to Catodo<2>
                                Gate     Net
    Cell:in->out      fanout   Delay   Delay  Logical Name (Net Name)
    ----------------------------------------  ------------
     FDCE:C->Q             7   0.514   0.632  Inst_DataPath_01/REGA/DataOut_0 (Inst_DataPath_01/REGA/DataOut_0)
     LUT3_D:I2->LO         1   0.612   0.103  Inst_DataPath_01/Inst_ALU_4bits/Mmux_Resultado2_SW1 (N38)
     LUT4:I3->O            1   0.612   0.360  Inst_DataPath_01/Inst_ALU_4bits/Mmux_Resultado4_SW0_SW0 (N23)
     LUT4_D:I3->O          1   0.612   0.360  Inst_DataPath_01/Inst_ALU_4bits/Mmux_Resultado4_SW0 (N15)
     LUT4:I3->O            1   0.612   0.509  Inst_DataPath_01/Inst_ALU_4bits/Mmux_Resultado4 (Salida_ALU<3>)
     LUT4:I0->O            7   0.612   0.754  Inst_Display7Seg_4ON/Mmux_salida_mux8 (Inst_Display7Seg_4ON/salida_mux<3>)
     LUT4:I0->O            1   0.612   0.357  Inst_Display7Seg_4ON/Inst_Disp7Seg/Mrom_Seg12 (Catodo_0_OBUF)
     OBUF:I->O                 3.169          Catodo_0_OBUF (Catodo<0>)
    ----------------------------------------
    Total                     10.430ns (7.355ns logic, 3.075ns route)
                                       (70.5% logic, 29.5% route)

=========================================================================
Timing constraint: Default path analysis
  Total number of paths / destination ports: 168 / 7
-------------------------------------------------------------------------
Delay:               12.598ns (Levels of Logic = 9)
  Source:            SEL_ALU<1> (PAD)
  Destination:       Catodo<2> (PAD)

  Data Path: SEL_ALU<1> to Catodo<2>
                                Gate     Net
    Cell:in->out      fanout   Delay   Delay  Logical Name (Net Name)
    ----------------------------------------  ------------
     IBUF:I->O            11   1.106   0.945  SEL_ALU_1_IBUF (SEL_ALU_1_IBUF)
     LUT2:I0->O            4   0.612   0.651  Inst_DataPath_01/Inst_ALU_4bits/Resultado_mux00001 (Inst_DataPath_01/Inst_ALU_4bits/Resultado_mux0000)
     LUT3_D:I0->LO         1   0.612   0.103  Inst_DataPath_01/Inst_ALU_4bits/Mmux_Resultado2_SW1 (N38)
     LUT4:I3->O            1   0.612   0.360  Inst_DataPath_01/Inst_ALU_4bits/Mmux_Resultado4_SW0_SW0 (N23)
     LUT4_D:I3->O          1   0.612   0.360  Inst_DataPath_01/Inst_ALU_4bits/Mmux_Resultado4_SW0 (N15)
     LUT4:I3->O            1   0.612   0.509  Inst_DataPath_01/Inst_ALU_4bits/Mmux_Resultado4 (Salida_ALU<3>)
     LUT4:I0->O            7   0.612   0.754  Inst_Display7Seg_4ON/Mmux_salida_mux8 (Inst_Display7Seg_4ON/salida_mux<3>)
     LUT4:I0->O            1   0.612   0.357  Inst_Display7Seg_4ON/Inst_Disp7Seg/Mrom_Seg12 (Catodo_0_OBUF)
     OBUF:I->O                 3.169          Catodo_0_OBUF (Catodo<0>)
    ----------------------------------------
    Total                     12.598ns (8.559ns logic, 4.039ns route)
                                       (67.9% logic, 32.1% route)

=========================================================================


Total REAL time to Xst completion: 6.00 secs
Total CPU time to Xst completion: 6.25 secs
 
--> 

Total memory usage is 259332 kilobytes

Number of errors   :    0 (   0 filtered)
Number of warnings :    0 (   0 filtered)
Number of infos    :    5 (   0 filtered)

