Component: ARM Compiler 5.06 update 5 (build 528) Tool: armlink [4d35e2]

==============================================================================

Section Cross References

    adc_lpc40xx.o(i.adc_convertir) refers to error.o(i.parar_con_error) for parar_con_error
    adc_lpc40xx.o(i.adc_convertir) refers to adc_lpc40xx.o(.constdata) for __FUNCTION__
    adc_lpc40xx.o(i.adc_inicializar) refers to rt_memcpy_w.o(.text) for __aeabi_memcpy4
    adc_lpc40xx.o(i.adc_inicializar) refers to error.o(i.parar_con_error) for parar_con_error
    adc_lpc40xx.o(i.adc_inicializar) refers to adc_lpc40xx.o(.constdata) for .constdata
    adc_lpc40xx.o(i.adc_inicializar) refers to system_lpc407x_8x_177x_8x.o(.data) for PeripheralClock
    adc_lpc40xx.o(i.adc_traducir_a_tension) refers to error.o(i.parar_con_error) for parar_con_error
    adc_lpc40xx.o(i.adc_traducir_a_tension) refers to adc_lpc40xx.o(.constdata) for __FUNCTION__
    error.o(.rev16_text) refers (Special) to use_no_semi.o(.text) for __use_no_semihosting_swi
    error.o(.revsh_text) refers (Special) to use_no_semi.o(.text) for __use_no_semihosting_swi
    error.o(.rrx_text) refers (Special) to use_no_semi.o(.text) for __use_no_semihosting_swi
    error.o(i.parar_con_error) refers (Special) to use_no_semi.o(.text) for __use_no_semihosting_swi
    error.o(i.parar_con_error) refers to _printf_percent.o(.ARM.Collect$$_printf_percent$$00000000) for _printf_percent
    error.o(i.parar_con_error) refers to _printf_s.o(.ARM.Collect$$_printf_percent$$00000014) for _printf_s
    error.o(i.parar_con_error) refers to _printf_str.o(.text) for _printf_str
    error.o(i.parar_con_error) refers to _printf_u.o(.ARM.Collect$$_printf_percent$$0000000A) for _printf_u
    error.o(i.parar_con_error) refers to _printf_dec.o(.text) for _printf_int_dec
    error.o(i.parar_con_error) refers to __2snprintf.o(.text) for __2snprintf
    error.o(i.parar_con_error) refers to glcd.o(i.glcd_texto) for glcd_texto
    glcd.o(.rev16_text) refers (Special) to use_no_semi.o(.text) for __use_no_semihosting_swi
    glcd.o(.revsh_text) refers (Special) to use_no_semi.o(.text) for __use_no_semihosting_swi
    glcd.o(.rrx_text) refers (Special) to use_no_semi.o(.text) for __use_no_semihosting_swi
    glcd.o(i._sys_exit) refers (Special) to use_no_semi.o(.text) for __use_no_semihosting_swi
    glcd.o(i.ferror) refers (Special) to use_no_semi.o(.text) for __use_no_semihosting_swi
    glcd.o(i.ferror) refers to glcd.o(.data) for __stdout
    glcd.o(i.fgetc) refers (Special) to use_no_semi.o(.text) for __use_no_semihosting_swi
    glcd.o(i.fputc) refers (Special) to use_no_semi.o(.text) for __use_no_semihosting_swi
    glcd.o(i.fputc) refers to glcd.o(i.glcd_desplazar) for glcd_desplazar
    glcd.o(i.fputc) refers to glcd.o(i.glcd_caracter) for glcd_caracter
    glcd.o(i.fputc) refers to glcd.o(.data) for tabla_fonts
    glcd.o(i.glcd_activar_desplazamiento) refers (Special) to use_no_semi.o(.text) for __use_no_semihosting_swi
    glcd.o(i.glcd_activar_desplazamiento) refers to glcd.o(.data) for desplazamiento_activado
    glcd.o(i.glcd_borrar) refers (Special) to use_no_semi.o(.text) for __use_no_semihosting_swi
    glcd.o(i.glcd_caracter) refers (Special) to use_no_semi.o(.text) for __use_no_semihosting_swi
    glcd.o(i.glcd_caracter) refers to error.o(i.parar_con_error) for parar_con_error
    glcd.o(i.glcd_caracter) refers to glcd.o(.constdata) for __FUNCTION__
    glcd.o(i.glcd_caracter) refers to glcd.o(.data) for tabla_fonts
    glcd.o(i.glcd_circulo) refers (Special) to use_no_semi.o(.text) for __use_no_semihosting_swi
    glcd.o(i.glcd_circulo) refers to glcd.o(i.glcd_linea) for glcd_linea
    glcd.o(i.glcd_circunferencia) refers (Special) to use_no_semi.o(.text) for __use_no_semihosting_swi
    glcd.o(i.glcd_circunferencia) refers to glcd.o(i.glcd_punto) for glcd_punto
    glcd.o(i.glcd_color_texto) refers (Special) to use_no_semi.o(.text) for __use_no_semihosting_swi
    glcd.o(i.glcd_color_texto) refers to glcd.o(.data) for color_texto_actual
    glcd.o(i.glcd_desplazar) refers (Special) to use_no_semi.o(.text) for __use_no_semihosting_swi
    glcd.o(i.glcd_desplazar) refers to rt_memmove_v6.o(.text) for __aeabi_memmove
    glcd.o(i.glcd_desplazar) refers to glcd.o(.data) for color_fondo_texto_actual
    glcd.o(i.glcd_fondo_texto) refers (Special) to use_no_semi.o(.text) for __use_no_semihosting_swi
    glcd.o(i.glcd_fondo_texto) refers to glcd.o(.data) for color_fondo_texto_actual
    glcd.o(i.glcd_i2c0_inicializar) refers (Special) to use_no_semi.o(.text) for __use_no_semihosting_swi
    glcd.o(i.glcd_i2c0_start) refers (Special) to use_no_semi.o(.text) for __use_no_semihosting_swi
    glcd.o(i.glcd_i2c0_stop) refers (Special) to use_no_semi.o(.text) for __use_no_semihosting_swi
    glcd.o(i.glcd_i2c0_transmitir_buffer) refers (Special) to use_no_semi.o(.text) for __use_no_semihosting_swi
[...]
    _DelayMs                                 0x0000233d   Thumb Code    38  system_lpc407x_8x_177x_8x.o(i._DelayMs)
    i.__ARM_fpclassify                       0x00002368   Section        0  fpclassify.o(i.__ARM_fpclassify)
    i.__hardfp_log                           0x00002398   Section        0  log.o(i.__hardfp_log)
    i.__hardfp_pow                           0x00002760   Section        0  pow.o(i.__hardfp_pow)
    i.__kernel_poly                          0x000033b0   Section        0  poly.o(i.__kernel_poly)
    i.__mathlib_dbl_divzero                  0x000034a8   Section        0  dunder.o(i.__mathlib_dbl_divzero)
    i.__mathlib_dbl_infnan                   0x000034d8   Section        0  dunder.o(i.__mathlib_dbl_infnan)
    i.__mathlib_dbl_infnan2                  0x000034ec   Section        0  dunder.o(i.__mathlib_dbl_infnan2)
    i.__mathlib_dbl_invalid                  0x00003500   Section        0  dunder.o(i.__mathlib_dbl_invalid)
    i.__mathlib_dbl_overflow                 0x00003520   Section        0  dunder.o(i.__mathlib_dbl_overflow)
    i.__mathlib_dbl_underflow                0x00003540   Section        0  dunder.o(i.__mathlib_dbl_underflow)
    i._is_digit                              0x00003560   Section        0  __printf_wp.o(i._is_digit)
    i._sys_exit                              0x0000356e   Section        0  glcd.o(i._sys_exit)
    i.adc_convertir                          0x00003574   Section        0  adc_lpc40xx.o(i.adc_convertir)
    i.adc_inicializar                        0x000035e8   Section        0  adc_lpc40xx.o(i.adc_inicializar)
    i.adc_traducir_a_tension                 0x00003758   Section        0  adc_lpc40xx.o(i.adc_traducir_a_tension)
    i.adjust_timing                          0x000037c8   Section        0  sdram.o(i.adjust_timing)
    i.calibration                            0x00003820   Section        0  sdram.o(i.calibration)
    calibration                              0x00003821   Thumb Code    62  sdram.o(i.calibration)
    i.fabs                                   0x00003868   Section        0  fabs.o(i.fabs)
    i.ferror                                 0x00003880   Section        0  glcd.o(i.ferror)
    i.find_cmddly                            0x00003894   Section        0  sdram.o(i.find_cmddly)
    find_cmddly                              0x00003895   Thumb Code   124  sdram.o(i.find_cmddly)
    i.find_fbclkdly                          0x00003918   Section        0  sdram.o(i.find_fbclkdly)
    find_fbclkdly                            0x00003919   Thumb Code   124  sdram.o(i.find_fbclkdly)
    i.fpu_init                               0x0000399c   Section        0  system_lpc407x_8x_177x_8x.o(i.fpu_init)
    i.fputc                                  0x000039ec   Section        0  glcd.o(i.fputc)
    i.glcd_borrar                            0x00003b5c   Section        0  glcd.o(i.glcd_borrar)
    i.glcd_caracter                          0x00003b74   Section        0  glcd.o(i.glcd_caracter)
    i.glcd_desplazar                         0x00003c8c   Section        0  glcd.o(i.glcd_desplazar)
    i.glcd_i2c0_inicializar                  0x00003ce4   Section        0  glcd.o(i.glcd_i2c0_inicializar)
    glcd_i2c0_inicializar                    0x00003ce5   Thumb Code    56  glcd.o(i.glcd_i2c0_inicializar)
    i.glcd_i2c0_start                        0x00003d28   Section        0  glcd.o(i.glcd_i2c0_start)
    glcd_i2c0_start                          0x00003d29   Thumb Code    48  glcd.o(i.glcd_i2c0_start)
    i.glcd_i2c0_stop                         0x00003d5c   Section        0  glcd.o(i.glcd_i2c0_stop)
    glcd_i2c0_stop                           0x00003d5d   Thumb Code    26  glcd.o(i.glcd_i2c0_stop)
    i.glcd_i2c0_transmitir_buffer            0x00003d7c   Section        0  glcd.o(i.glcd_i2c0_transmitir_buffer)
    glcd_i2c0_transmitir_buffer              0x00003d7d   Thumb Code    50  glcd.o(i.glcd_i2c0_transmitir_buffer)
    i.glcd_i2c0_transmitir_byte              0x00003db0   Section        0  glcd.o(i.glcd_i2c0_transmitir_byte)
    glcd_i2c0_transmitir_byte                0x00003db1   Thumb Code    32  glcd.o(i.glcd_i2c0_transmitir_byte)
    i.glcd_inicializar                       0x00003dd4   Section        0  glcd.o(i.glcd_inicializar)
    i.glcd_texto                             0x00004168   Section        0  glcd.o(i.glcd_texto)
    i.glcd_timer0_retardo_ms                 0x00004234   Section        0  glcd.o(i.glcd_timer0_retardo_ms)
    glcd_timer0_retardo_ms                   0x00004235   Thumb Code    80  glcd.o(i.glcd_timer0_retardo_ms)
    i.glcd_xprintf                           0x0000428c   Section        0  glcd.o(i.glcd_xprintf)
    i.main                                   0x0000431c   Section        0  main.o(i.main)
    i.ntc_traducir_tension_a_temperatura     0x0000445c   Section        0  termistor_ntc.o(i.ntc_traducir_tension_a_temperatura)
    i.parar_con_error                        0x000045bc   Section        0  error.o(i.parar_con_error)
    i.pinConfig                              0x00004688   Section        0  sdram.o(i.pinConfig)
    pinConfig                                0x00004689   Thumb Code  1034  sdram.o(i.pinConfig)
    i.sdram_inicializar                      0x00004a94   Section        0  sdram.o(i.sdram_inicializar)
    i.sdram_test                             0x00004b78   Section        0  sdram.o(i.sdram_test)
    sdram_test                               0x00004b79   Thumb Code    92  sdram.o(i.sdram_test)
    i.sqrt                                   0x00004bd4   Section        0  sqrt.o(i.sqrt)
    i.timer_esperar_fin_ciclo                0x00004c44   Section        0  timer_lpc40xx.o(i.timer_esperar_fin_ciclo)
    i.timer_inicializar                      0x00004cb8   Section        0  timer_lpc40xx.o(i.timer_inicializar)
    i.timer_iniciar_ciclos_ms                0x00004d68   Section        0  timer_lpc40xx.o(i.timer_iniciar_ciclos_ms)
    locale$$code                             0x00004e20   Section       44  lc_numeric_c.o(locale$$code)
    locale$$code                             0x00004e4c   Section       44  lc_ctype_c.o(locale$$code)
    x$fpl$basic                              0x00004e78   Section       24  basic.o(x$fpl$basic)
    $v0                                      0x00004e78   Number         0  basic.o(x$fpl$basic)
    x$fpl$d2f                                0x00004e90   Section       98  d2f.o(x$fpl$d2f)
    $v0                                      0x00004e90   Number         0  d2f.o(x$fpl$d2f)
    x$fpl$dadd                               0x00004ef4   Section      336  daddsub_clz.o(x$fpl$dadd)
    $v0                                      0x00004ef4   Number         0  daddsub_clz.o(x$fpl$dadd)
    _dadd1                                   0x00004f05   Thumb Code     0  daddsub_clz.o(x$fpl$dadd)
    x$fpl$dcheck1                            0x00005044   Section       16  dcheck1.o(x$fpl$dcheck1)
    $v0                                      0x00005044   Number         0  dcheck1.o(x$fpl$dcheck1)
    x$fpl$dcmpinf                            0x00005054   Section       24  dcmpi.o(x$fpl$dcmpinf)
    $v0                                      0x00005054   Number         0  dcmpi.o(x$fpl$dcmpinf)
    x$fpl$ddiv                               0x0000506c   Section      688  ddiv.o(x$fpl$ddiv)
    $v0                                      0x0000506c   Number         0  ddiv.o(x$fpl$ddiv)
    ddiv_entry                               0x00005073   Thumb Code     0  ddiv.o(x$fpl$ddiv)
    x$fpl$deqf                               0x0000531c   Section      120  deqf.o(x$fpl$deqf)
    $v0                                      0x0000531c   Number         0  deqf.o(x$fpl$deqf)
    x$fpl$dflt                               0x00005394   Section       46  dflt_clz.o(x$fpl$dflt)
    $v0                                      0x00005394   Number         0  dflt_clz.o(x$fpl$dflt)
    x$fpl$dleqf                              0x000053c4   Section      120  dleqf.o(x$fpl$dleqf)
    $v0                                      0x000053c4   Number         0  dleqf.o(x$fpl$dleqf)
    x$fpl$dmul                               0x0000543c   Section      340  dmul.o(x$fpl$dmul)
    $v0                                      0x0000543c   Number         0  dmul.o(x$fpl$dmul)
    x$fpl$dnaninf                            0x00005590   Section      156  dnaninf.o(x$fpl$dnaninf)
    $v0                                      0x00005590   Number         0  dnaninf.o(x$fpl$dnaninf)
    x$fpl$dretinf                            0x0000562c   Section       12  dretinf.o(x$fpl$dretinf)
    $v0                                      0x0000562c   Number         0  dretinf.o(x$fpl$dretinf)
    x$fpl$drleqf                             0x00005638   Section      108  drleqf.o(x$fpl$drleqf)
    $v0                                      0x00005638   Number         0  drleqf.o(x$fpl$drleqf)
    x$fpl$drsb                               0x000056a4   Section       22  daddsub_clz.o(x$fpl$drsb)
    $v0                                      0x000056a4   Number         0  daddsub_clz.o(x$fpl$drsb)
    x$fpl$dsqrt                              0x000056bc   Section      408  dsqrt_umaal.o(x$fpl$dsqrt)
    $v0                                      0x000056bc   Number         0  dsqrt_umaal.o(x$fpl$dsqrt)
    x$fpl$dsub                               0x00005854   Section      468  daddsub_clz.o(x$fpl$dsub)
    $v0                                      0x00005854   Number         0  daddsub_clz.o(x$fpl$dsub)
    _dsub1                                   0x00005865   Thumb Code     0  daddsub_clz.o(x$fpl$dsub)
    x$fpl$f2d                                0x00005a28   Section       86  f2d.o(x$fpl$f2d)
    $v0                                      0x00005a28   Number         0  f2d.o(x$fpl$f2d)
    x$fpl$fnaninf                            0x00005a7e   Section      140  fnaninf.o(x$fpl$fnaninf)
    $v0                                      0x00005a7e   Number         0  fnaninf.o(x$fpl$fnaninf)
    x$fpl$fpinit                             0x00005b0a   Section       10  fpinit.o(x$fpl$fpinit)
    $v0                                      0x00005b0a   Number         0  fpinit.o(x$fpl$fpinit)
    x$fpl$fretinf                            0x00005b14   Section       10  fretinf.o(x$fpl$fretinf)
    $v0                                      0x00005b14   Number         0  fretinf.o(x$fpl$fretinf)
    x$fpl$printf1                            0x00005b1e   Section        4  printf1.o(x$fpl$printf1)
    $v0                                      0x00005b1e   Number         0  printf1.o(x$fpl$printf1)
    x$fpl$printf2                            0x00005b22   Section        4  printf2.o(x$fpl$printf2)
    $v0                                      0x00005b22   Number         0  printf2.o(x$fpl$printf2)
    x$fpl$retnan                             0x00005b26   Section      100  retnan.o(x$fpl$retnan)
    $v0                                      0x00005b26   Number         0  retnan.o(x$fpl$retnan)
    x$fpl$scalbn                             0x00005b8a   Section       92  scalbn.o(x$fpl$scalbn)
    $v0                                      0x00005b8a   Number         0  scalbn.o(x$fpl$scalbn)
    x$fpl$trapveneer                         0x00005be6   Section       48  trapv.o(x$fpl$trapveneer)
    $v0                                      0x00005be6   Number         0  trapv.o(x$fpl$trapveneer)
    x$fpl$usenofp                            0x00005c16   Section        0  usenofp.o(x$fpl$usenofp)
    .constdata                               0x00005c18   Section      149  adc_lpc40xx.o(.constdata)
    __FUNCTION__                             0x00005c18   Data          16  adc_lpc40xx.o(.constdata)
    __FUNCTION__                             0x00005c88   Data          14  adc_lpc40xx.o(.constdata)
    __FUNCTION__                             0x00005c96   Data          23  adc_lpc40xx.o(.constdata)
    .constdata                               0x00005cb0   Section     3604  font_8x16.o(.constdata)
    .constdata                               0x00006ac4   Section    10772  font_12x24.o(.constdata)
    .constdata                               0x000094d8   Section    14356  font_16x32.o(.constdata)
    .constdata                               0x0000ccec   Section       47  glcd.o(.constdata)
    __FUNCTION__                             0x0000ccec   Data          22  glcd.o(.constdata)
    __FUNCTION__                             0x0000cd02   Data          14  glcd.o(.constdata)
    __FUNCTION__                             0x0000cd10   Data          11  glcd.o(.constdata)
    .constdata                               0x0000cd1b   Section      183  timer_lpc40xx.o(.constdata)
    __FUNCTION__                             0x0000cd1b   Data          18  timer_lpc40xx.o(.constdata)
    __FUNCTION__                             0x0000cd2d   Data          17  timer_lpc40xx.o(.constdata)
    __FUNCTION__                             0x0000cd3e   Data          17  timer_lpc40xx.o(.constdata)
    __FUNCTION__                             0x0000cd4f   Data          24  timer_lpc40xx.o(.constdata)
    __FUNCTION__                             0x0000cd67   Data          24  timer_lpc40xx.o(.constdata)
    __FUNCTION__                             0x0000cd7f   Data          24  timer_lpc40xx.o(.constdata)
    __FUNCTION__                             0x0000cd97   Data          24  timer_lpc40xx.o(.constdata)
    __FUNCTION__                             0x0000cdaf   Data          24  timer_lpc40xx.o(.constdata)
    __FUNCTION__                             0x0000cdc7   Data          11  timer_lpc40xx.o(.constdata)
    .constdata                               0x0000cdd2   Section       17  __printf_flags_ss_wp.o(.constdata)
    maptable                                 0x0000cdd2   Data          17  __printf_flags_ss_wp.o(.constdata)
    .constdata                               0x0000cde8   Section       56  log.o(.constdata)
    Lg2                                      0x0000cde8   Data          24  log.o(.constdata)
    Lg                                       0x0000ce00   Data          32  log.o(.constdata)
    .constdata                               0x0000ce20   Section      136  pow.o(.constdata)
    bp                                       0x0000ce20   Data          16  pow.o(.constdata)
    dp_h                                     0x0000ce30   Data          16  pow.o(.constdata)
    dp_l                                     0x0000ce40   Data          16  pow.o(.constdata)
    L                                        0x0000ce50   Data          48  pow.o(.constdata)
    P                                        0x0000ce80   Data          40  pow.o(.constdata)
    .constdata                               0x0000cea8   Section        8  _printf_wctomb.o(.constdata)
    initial_mbstate                          0x0000cea8   Data           8  _printf_wctomb.o(.constdata)
    .constdata                               0x0000ceb0   Section       40  _printf_hex_int_ll_ptr.o(.constdata)
    uc_hextab                                0x0000ceb0   Data          20  _printf_hex_int_ll_ptr.o(.constdata)
    lc_hextab                                0x0000cec4   Data          20  _printf_hex_int_ll_ptr.o(.constdata)
    .constdata                               0x0000ced8   Section        8  qnan.o(.constdata)
    .constdata                               0x0000cee0   Section       38  _printf_fp_hex.o(.constdata)
    lc_hextab                                0x0000cee0   Data          19  _printf_fp_hex.o(.constdata)
    uc_hextab                                0x0000cef3   Data          19  _printf_fp_hex.o(.constdata)
    .constdata                               0x0000cf08   Section      148  bigflt0.o(.constdata)
    tenpwrs_x                                0x0000cf08   Data          60  bigflt0.o(.constdata)
    tenpwrs_i                                0x0000cf44   Data          64  bigflt0.o(.constdata)
    locale$$data                             0x0000cfbc   Section       28  lc_numeric_c.o(locale$$data)
    __lcnum_c_name                           0x0000cfc0   Data           2  lc_numeric_c.o(locale$$data)
    __lcnum_c_start                          0x0000cfc8   Data           0  lc_numeric_c.o(locale$$data)
    __lcnum_c_point                          0x0000cfd4   Data           0  lc_numeric_c.o(locale$$data)
    __lcnum_c_thousands                      0x0000cfd6   Data           0  lc_numeric_c.o(locale$$data)
    __lcnum_c_grouping                       0x0000cfd7   Data           0  lc_numeric_c.o(locale$$data)
    locale$$data                             0x0000cfd8   Section      272  lc_ctype_c.o(locale$$data)
    __lcnum_c_end                            0x0000cfd8   Data           0  lc_numeric_c.o(locale$$data)
    __lcctype_c_name                         0x0000cfdc   Data           2  lc_ctype_c.o(locale$$data)
    __lcctype_c_start                        0x0000cfe4   Data           0  lc_ctype_c.o(locale$$data)
    __lcctype_c_end                          0x0000d0e8   Data           0  lc_ctype_c.o(locale$$data)
    .data                                    0x10000000   Section       44  glcd.o(.data)
    tabla_fonts                              0x10000000   Data          12  glcd.o(.data)
    color_texto_actual                       0x1000000c   Data           2  glcd.o(.data)
    color_fondo_texto_actual                 0x1000000e   Data           2  glcd.o(.data)
    font_actual                              0x10000010   Data           4  glcd.o(.data)
    x_texto_actual                           0x10000014   Data           4  glcd.o(.data)
    y_texto_actual                           0x10000018   Data           4  glcd.o(.data)
    desplazamiento_activado                  0x1000001c   Data           1  glcd.o(.data)
    .data                                    0x1000002c   Section        8  sdram.o(.data)
    ringosccount                             0x1000002c   Data           8  sdram.o(.data)
    .data                                    0x10000034   Section       16  system_lpc407x_8x_177x_8x.o(.data)
    .bss                                     0x10000044   Section       96  libspace.o(.bss)
    HEAP                                     0x100000a8   Section        0  startup_lpc407x_8x_177x_8x.o(HEAP)
    STACK                                    0x100000a8   Section     1024  startup_lpc407x_8x_177x_8x.o(STACK)
    Heap_Mem                                 0x100000a8   Data           0  startup_lpc407x_8x_177x_8x.o(HEAP)
    Stack_Mem                                0x100000a8   Data        1024  startup_lpc407x_8x_177x_8x.o(STACK)
    __initial_sp                             0x100004a8   Data           0  startup_lpc407x_8x_177x_8x.o(STACK)

    Global Symbols

    Symbol Name                              Value     Ov Type        Size  Object(Section)

    BuildAttributes$$THM_ISAv4$E$P$D$K$B$S$7EM$VFPi3$EXTD16$VFPS$VFMA$PE$A:L22UL41UL21$X:L11$S22US41US21$IEEE1$IW$USESV6$~STKCKD$USESV7$~SHL$OTIME$ROPI$IEEEX$EBA8$UX$STANDARDLIB$REQ8$PRES8$EABIv2 0x00000000   Number         0  anon$$obj.o ABSOLUTE
    __ARM_use_no_argv                        0x00000000   Number         0  main.o ABSOLUTE
    __Vectors                                0x00000000   Data           4  startup_lpc407x_8x_177x_8x.o(RESET)
    _printf_flags                            0x00000000   Number         0  printf_stubs.o ABSOLUTE
    _printf_return_value                     0x00000000   Number         0  printf_stubs.o ABSOLUTE
    _printf_sizespec                         0x00000000   Number         0  printf_stubs.o ABSOLUTE
    _printf_widthprec                        0x00000000   Number         0  printf_stubs.o ABSOLUTE
    __ARM_exceptions_init                     - Undefined Weak Reference
    __alloca_initialize                       - Undefined Weak Reference
    __arm_preinit_                            - Undefined Weak Reference
    __cpp_initialize__aeabi_                  - Undefined Weak Reference
    __cxa_finalize                            - Undefined Weak Reference
    __sigvec_lookup                           - Undefined Weak Reference
    _atexit_init                              - Undefined Weak Reference
    _call_atexit_fns                          - Undefined Weak Reference
    _clock_init                               - Undefined Weak Reference
    _fp_trap_init                             - Undefined Weak Reference
    _fp_trap_shutdown                         - Undefined Weak Reference
    _get_lc_collate                           - Undefined Weak Reference
    _get_lc_monetary                          - Undefined Weak Reference
    _get_lc_time                              - Undefined Weak Reference
    _getenv_init                              - Undefined Weak Reference
    _handle_redirection                       - Undefined Weak Reference
    _init_alloc                               - Undefined Weak Reference
    _init_user_alloc                          - Undefined Weak Reference
    _initio                                   - Undefined Weak Reference
    _printf_mbtowc                            - Undefined Weak Reference
    _printf_wc                                - Undefined Weak Reference
    _rand_init                                - Undefined Weak Reference
    _signal_finish                            - Undefined Weak Reference
    _signal_init                              - Undefined Weak Reference
    _terminate_alloc                          - Undefined Weak Reference
    _terminate_user_alloc                     - Undefined Weak Reference
    _terminateio                              - Undefined Weak Reference
    __main                                   0x000000e5   Thumb Code     8  __main.o(!!!main)
    __scatterload                            0x000000ed   Thumb Code     0  __scatter.o(!!!scatter)
    __scatterload_rt2                        0x000000ed   Thumb Code    44  __scatter.o(!!!scatter)
    __scatterload_rt2_thumb_only             0x000000ed   Thumb Code     0  __scatter.o(!!!scatter)
    __scatterload_null                       0x000000fb   Thumb Code     0  __scatter.o(!!!scatter)
    __scatterload_copy                       0x00000121   Thumb Code    26  __scatter_copy.o(!!handler_copy)
    __scatterload_zeroinit                   0x0000013d   Thumb Code    28  __scatter_zi.o(!!handler_zi)
    _printf_n                                0x00000159   Thumb Code     0  _printf_n.o(.ARM.Collect$$_printf_percent$$00000001)
    _printf_percent                          0x00000159   Thumb Code     0  _printf_percent.o(.ARM.Collect$$_printf_percent$$00000000)
    _printf_p                                0x0000015f   Thumb Code     0  _printf_p.o(.ARM.Collect$$_printf_percent$$00000002)
    _printf_f                                0x00000165   Thumb Code     0  _printf_f.o(.ARM.Collect$$_printf_percent$$00000003)
    _printf_e                                0x0000016b   Thumb Code     0  _printf_e.o(.ARM.Collect$$_printf_percent$$00000004)
    _printf_g                                0x00000171   Thumb Code     0  _printf_g.o(.ARM.Collect$$_printf_percent$$00000005)
    _printf_a                                0x00000177   Thumb Code     0  _printf_a.o(.ARM.Collect$$_printf_percent$$00000006)
    _printf_ll                               0x0000017d   Thumb Code     0  _printf_ll.o(.ARM.Collect$$_printf_percent$$00000007)
    _printf_i                                0x00000187   Thumb Code     0  _printf_i.o(.ARM.Collect$$_printf_percent$$00000008)
    _printf_d                                0x0000018d   Thumb Code     0  _printf_d.o(.ARM.Collect$$_printf_percent$$00000009)
    _printf_u                                0x00000193   Thumb Code     0  _printf_u.o(.ARM.Collect$$_printf_percent$$0000000A)
    _printf_o                                0x00000199   Thumb Code     0  _printf_o.o(.ARM.Collect$$_printf_percent$$0000000B)
    _printf_x                                0x0000019f   Thumb Code     0  _printf_x.o(.ARM.Collect$$_printf_percent$$0000000C)
    _printf_lli                              0x000001a5   Thumb Code     0  _printf_lli.o(.ARM.Collect$$_printf_percent$$0000000D)
    _printf_lld                              0x000001ab   Thumb Code     0  _printf_lld.o(.ARM.Collect$$_printf_percent$$0000000E)
    _printf_llu                              0x000001b1   Thumb Code     0  _printf_llu.o(.ARM.Collect$$_printf_percent$$0000000F)
    _printf_llo                              0x000001b7   Thumb Code     0  _printf_llo.o(.ARM.Collect$$_printf_percent$$00000010)
    _printf_llx                              0x000001bd   Thumb Code     0  _printf_llx.o(.ARM.Collect$$_printf_percent$$00000011)
    _printf_l                                0x000001c3   Thumb Code     0  _printf_l.o(.ARM.Collect$$_printf_percent$$00000012)
    _printf_c                                0x000001cd   Thumb Code     0  _printf_c.o(.ARM.Collect$$_printf_percent$$00000013)
    _printf_s                                0x000001d3   Thumb Code     0  _printf_s.o(.ARM.Collect$$_printf_percent$$00000014)
    _printf_lc                               0x000001d9   Thumb Code     0  _printf_lc.o(.ARM.Collect$$_printf_percent$$00000015)
    _printf_ls                               0x000001df   Thumb Code     0  _printf_ls.o(.ARM.Collect$$_printf_percent$$00000016)
    _printf_percent_end                      0x000001e5   Thumb Code     0  _printf_percent_end.o(.ARM.Collect$$_printf_percent$$00000017)
    __rt_lib_init                            0x000001e9   Thumb Code     0  libinit.o(.ARM.Collect$$libinit$$00000000)
    __rt_lib_init_fp_1                       0x000001eb   Thumb Code     0  libinit2.o(.ARM.Collect$$libinit$$00000001)
    __rt_lib_init_heap_1                     0x000001ef   Thumb Code     0  libinit2.o(.ARM.Collect$$libinit$$0000000A)
    __rt_lib_init_lc_common                  0x000001ef   Thumb Code     0  libinit2.o(.ARM.Collect$$libinit$$0000000F)
    __rt_lib_init_preinit_1                  0x000001ef   Thumb Code     0  libinit2.o(.ARM.Collect$$libinit$$00000004)
    __rt_lib_init_rand_1                     0x000001ef   Thumb Code     0  libinit2.o(.ARM.Collect$$libinit$$0000000E)
    __rt_lib_init_user_alloc_1               0x000001ef   Thumb Code     0  libinit2.o(.ARM.Collect$$libinit$$0000000C)
    __rt_lib_init_lc_collate_1               0x000001f5   Thumb Code     0  libinit2.o(.ARM.Collect$$libinit$$00000011)
    __rt_lib_init_lc_ctype_2                 0x000001f5   Thumb Code     0  libinit2.o(.ARM.Collect$$libinit$$00000012)
    __rt_lib_init_lc_ctype_1                 0x00000201   Thumb Code     0  libinit2.o(.ARM.Collect$$libinit$$00000013)
    __rt_lib_init_lc_monetary_1              0x00000201   Thumb Code     0  libinit2.o(.ARM.Collect$$libinit$$00000015)
    __rt_lib_init_lc_numeric_2               0x00000201   Thumb Code     0  libinit2.o(.ARM.Collect$$libinit$$00000016)
    __rt_lib_init_alloca_1                   0x0000020b   Thumb Code     0  libinit2.o(.ARM.Collect$$libinit$$0000002E)
    __rt_lib_init_argv_1                     0x0000020b   Thumb Code     0  libinit2.o(.ARM.Collect$$libinit$$0000002C)
    __rt_lib_init_atexit_1                   0x0000020b   Thumb Code     0  libinit2.o(.ARM.Collect$$libinit$$0000001B)
    __rt_lib_init_clock_1                    0x0000020b   Thumb Code     0  libinit2.o(.ARM.Collect$$libinit$$00000021)
    __rt_lib_init_cpp_1                      0x0000020b   Thumb Code     0  libinit2.o(.ARM.Collect$$libinit$$00000032)
    __rt_lib_init_exceptions_1               0x0000020b   Thumb Code     0  libinit2.o(.ARM.Collect$$libinit$$00000030)
    __rt_lib_init_fp_trap_1                  0x0000020b   Thumb Code     0  libinit2.o(.ARM.Collect$$libinit$$0000001F)
    __rt_lib_init_getenv_1                   0x0000020b   Thumb Code     0  libinit2.o(.ARM.Collect$$libinit$$00000023)
    __rt_lib_init_lc_numeric_1               0x0000020b   Thumb Code     0  libinit2.o(.ARM.Collect$$libinit$$00000017)
    __rt_lib_init_lc_time_1                  0x0000020b   Thumb Code     0  libinit2.o(.ARM.Collect$$libinit$$00000019)
    __rt_lib_init_return                     0x0000020b   Thumb Code     0  libinit2.o(.ARM.Collect$$libinit$$00000033)
    __rt_lib_init_signal_1                   0x0000020b   Thumb Code     0  libinit2.o(.ARM.Collect$$libinit$$0000001D)
    __rt_lib_init_stdio_1                    0x0000020b   Thumb Code     0  libinit2.o(.ARM.Collect$$libinit$$00000025)
    __rt_lib_shutdown                        0x0000020d   Thumb Code     0  libshutdown.o(.ARM.Collect$$libshutdown$$00000000)
    __rt_lib_shutdown_cpp_1                  0x0000020f   Thumb Code     0  libshutdown2.o(.ARM.Collect$$libshutdown$$00000002)
    __rt_lib_shutdown_fp_trap_1              0x0000020f   Thumb Code     0  libshutdown2.o(.ARM.Collect$$libshutdown$$00000007)
    __rt_lib_shutdown_heap_1                 0x0000020f   Thumb Code     0  libshutdown2.o(.ARM.Collect$$libshutdown$$0000000F)
    __rt_lib_shutdown_return                 0x0000020f   Thumb Code     0  libshutdown2.o(.ARM.Collect$$libshutdown$$00000010)
    __rt_lib_shutdown_signal_1               0x0000020f   Thumb Code     0  libshutdown2.o(.ARM.Collect$$libshutdown$$0000000A)
    __rt_lib_shutdown_stdio_1                0x0000020f   Thumb Code     0  libshutdown2.o(.ARM.Collect$$libshutdown$$00000004)
    __rt_lib_shutdown_user_alloc_1           0x0000020f   Thumb Code     0  libshutdown2.o(.ARM.Collect$$libshutdown$$0000000C)
    __rt_entry                               0x00000211   Thumb Code     0  __rtentry.o(.ARM.Collect$$rtentry$$00000000)
    __rt_entry_presh_1                       0x00000211   Thumb Code     0  __rtentry2.o(.ARM.Collect$$rtentry$$00000002)
    __rt_entry_sh                            0x00000211   Thumb Code     0  __rtentry4.o(.ARM.Collect$$rtentry$$00000004)
    __rt_entry_li                            0x00000217   Thumb Code     0  __rtentry2.o(.ARM.Collect$$rtentry$$0000000A)
    __rt_entry_postsh_1                      0x00000217   Thumb Code     0  __rtentry2.o(.ARM.Collect$$rtentry$$00000009)
    __rt_entry_main                          0x0000021b   Thumb Code     0  __rtentry2.o(.ARM.Collect$$rtentry$$0000000D)
    __rt_entry_postli_1                      0x0000021b   Thumb Code     0  __rtentry2.o(.ARM.Collect$$rtentry$$0000000C)
    __rt_exit                                0x00000223   Thumb Code     0  rtexit.o(.ARM.Collect$$rtexit$$00000000)
    __rt_exit_ls                             0x00000225   Thumb Code     0  rtexit2.o(.ARM.Collect$$rtexit$$00000003)
    __rt_exit_prels_1                        0x00000225   Thumb Code     0  rtexit2.o(.ARM.Collect$$rtexit$$00000002)
    __rt_exit_exit                           0x00000229   Thumb Code     0  rtexit2.o(.ARM.Collect$$rtexit$$00000004)
    Reset_Handler                            0x00000231   Thumb Code     8  startup_lpc407x_8x_177x_8x.o(.text)
    NMI_Handler                              0x00000239   Thumb Code     2  startup_lpc407x_8x_177x_8x.o(.text)
    HardFault_Handler                        0x0000023b   Thumb Code     2  startup_lpc407x_8x_177x_8x.o(.text)
    MemManage_Handler                        0x0000023d   Thumb Code     2  startup_lpc407x_8x_177x_8x.o(.text)
    BusFault_Handler                         0x0000023f   Thumb Code     2  startup_lpc407x_8x_177x_8x.o(.text)
    UsageFault_Handler                       0x00000241   Thumb Code     2  startup_lpc407x_8x_177x_8x.o(.text)
    SVC_Handler                              0x00000243   Thumb Code     2  startup_lpc407x_8x_177x_8x.o(.text)
    DebugMon_Handler                         0x00000245   Thumb Code     2  startup_lpc407x_8x_177x_8x.o(.text)
    PendSV_Handler                           0x00000247   Thumb Code     2  startup_lpc407x_8x_177x_8x.o(.text)
    SysTick_Handler                          0x00000249   Thumb Code     2  startup_lpc407x_8x_177x_8x.o(.text)
    ADC_IRQHandler                           0x0000024b   Thumb Code     0  startup_lpc407x_8x_177x_8x.o(.text)
    BOD_IRQHandler                           0x0000024b   Thumb Code     0  startup_lpc407x_8x_177x_8x.o(.text)
    CANActivity_IRQHandler                   0x0000024b   Thumb Code     0  startup_lpc407x_8x_177x_8x.o(.text)
    CAN_IRQHandler                           0x0000024b   Thumb Code     0  startup_lpc407x_8x_177x_8x.o(.text)
    DMA_IRQHandler                           0x0000024b   Thumb Code     0  startup_lpc407x_8x_177x_8x.o(.text)
    EEPROM_IRQHandler                        0x0000024b   Thumb Code     0  startup_lpc407x_8x_177x_8x.o(.text)
    EINT0_IRQHandler                         0x0000024b   Thumb Code     0  startup_lpc407x_8x_177x_8x.o(.text)
    EINT1_IRQHandler                         0x0000024b   Thumb Code     0  startup_lpc407x_8x_177x_8x.o(.text)
    EINT2_IRQHandler                         0x0000024b   Thumb Code     0  startup_lpc407x_8x_177x_8x.o(.text)
    EINT3_IRQHandler                         0x0000024b   Thumb Code     0  startup_lpc407x_8x_177x_8x.o(.text)
    ENET_IRQHandler                          0x0000024b   Thumb Code     0  startup_lpc407x_8x_177x_8x.o(.text)
    GPIO_IRQHandler                          0x0000024b   Thumb Code     0  startup_lpc407x_8x_177x_8x.o(.text)
    I2C0_IRQHandler                          0x0000024b   Thumb Code     0  startup_lpc407x_8x_177x_8x.o(.text)
    I2C1_IRQHandler                          0x0000024b   Thumb Code     0  startup_lpc407x_8x_177x_8x.o(.text)
    I2C2_IRQHandler                          0x0000024b   Thumb Code     0  startup_lpc407x_8x_177x_8x.o(.text)
    I2S_IRQHandler                           0x0000024b   Thumb Code     0  startup_lpc407x_8x_177x_8x.o(.text)
    LCD_IRQHandler                           0x0000024b   Thumb Code     0  startup_lpc407x_8x_177x_8x.o(.text)
    MCI_IRQHandler                           0x0000024b   Thumb Code     0  startup_lpc407x_8x_177x_8x.o(.text)
    MCPWM_IRQHandler                         0x0000024b   Thumb Code     0  startup_lpc407x_8x_177x_8x.o(.text)
    PLL0_IRQHandler                          0x0000024b   Thumb Code     0  startup_lpc407x_8x_177x_8x.o(.text)
    PLL1_IRQHandler                          0x0000024b   Thumb Code     0  startup_lpc407x_8x_177x_8x.o(.text)
    PWM0_IRQHandler                          0x0000024b   Thumb Code     0  startup_lpc407x_8x_177x_8x.o(.text)
    PWM1_IRQHandler                          0x0000024b   Thumb Code     0  startup_lpc407x_8x_177x_8x.o(.text)
    QEI_IRQHandler                           0x0000024b   Thumb Code     0  startup_lpc407x_8x_177x_8x.o(.text)
    RTC_IRQHandler                           0x0000024b   Thumb Code     0  startup_lpc407x_8x_177x_8x.o(.text)
    SSP0_IRQHandler                          0x0000024b   Thumb Code     0  startup_lpc407x_8x_177x_8x.o(.text)
    SSP1_IRQHandler                          0x0000024b   Thumb Code     0  startup_lpc407x_8x_177x_8x.o(.text)
    SSP2_IRQHandler                          0x0000024b   Thumb Code     0  startup_lpc407x_8x_177x_8x.o(.text)
    TIMER0_IRQHandler                        0x0000024b   Thumb Code     0  startup_lpc407x_8x_177x_8x.o(.text)
    TIMER1_IRQHandler                        0x0000024b   Thumb Code     0  startup_lpc407x_8x_177x_8x.o(.text)
    TIMER2_IRQHandler                        0x0000024b   Thumb Code     0  startup_lpc407x_8x_177x_8x.o(.text)
    TIMER3_IRQHandler                        0x0000024b   Thumb Code     0  startup_lpc407x_8x_177x_8x.o(.text)
    UART0_IRQHandler                         0x0000024b   Thumb Code     0  startup_lpc407x_8x_177x_8x.o(.text)
    UART1_IRQHandler                         0x0000024b   Thumb Code     0  startup_lpc407x_8x_177x_8x.o(.text)
    UART2_IRQHandler                         0x0000024b   Thumb Code     0  startup_lpc407x_8x_177x_8x.o(.text)
    UART3_IRQHandler                         0x0000024b   Thumb Code     0  startup_lpc407x_8x_177x_8x.o(.text)
    UART4_IRQHandler                         0x0000024b   Thumb Code     0  startup_lpc407x_8x_177x_8x.o(.text)
    USBActivity_IRQHandler                   0x0000024b   Thumb Code     0  startup_lpc407x_8x_177x_8x.o(.text)
    USB_IRQHandler                           0x0000024b   Thumb Code     0  startup_lpc407x_8x_177x_8x.o(.text)
    WDT_IRQHandler                           0x0000024b   Thumb Code     0  startup_lpc407x_8x_177x_8x.o(.text)
    __user_initial_stackheap                 0x0000024d   Thumb Code     0  startup_lpc407x_8x_177x_8x.o(.text)
    __I$use$semihosting                      0x0000026d   Thumb Code     0  use_no_semi.o(.text)
    __use_no_semihosting_swi                 0x0000026d   Thumb Code     2  use_no_semi.o(.text)
    vprintf                                  0x00000271   Thumb Code     8  vprintf.o(.text)
    __2snprintf                              0x0000027d   Thumb Code    50  __2snprintf.o(.text)
    __use_two_region_memory                  0x000002b5   Thumb Code     2  heapauxi.o(.text)
    __rt_heap_escrow$2region                 0x000002b7   Thumb Code     2  heapauxi.o(.text)
    __rt_heap_expand$2region                 0x000002b9   Thumb Code     2  heapauxi.o(.text)
    __read_errno                             0x000002bb   Thumb Code    10  _rserrno.o(.text)
    __set_errno                              0x000002c5   Thumb Code    12  _rserrno.o(.text)
    _printf_truncate_signed                  0x000002d1   Thumb Code    18  _printf_truncate.o(.text)
    _printf_truncate_unsigned                0x000002e3   Thumb Code    18  _printf_truncate.o(.text)
    __aeabi_errno_addr                       0x000002f5   Thumb Code     8  rt_errno_addr_intlibspace.o(.text)
    __errno$intlibspace                      0x000002f5   Thumb Code     0  rt_errno_addr_intlibspace.o(.text)
    __rt_errno_addr$intlibspace              0x000002f5   Thumb Code     0  rt_errno_addr_intlibspace.o(.text)
    _printf_str                              0x00000301   Thumb Code    82  _printf_str.o(.text)
    _printf_int_dec                          0x00000355   Thumb Code   104  _printf_dec.o(.text)
    __printf                                 0x000003cd   Thumb Code   388  __printf_flags_ss_wp.o(.text)
    __aeabi_memmove                          0x00000555   Thumb Code     0  rt_memmove_v6.o(.text)
    __rt_memmove                             0x00000555   Thumb Code   132  rt_memmove_v6.o(.text)
    __memmove_lastfew                        0x000005b5   Thumb Code     0  rt_memmove_v6.o(.text)
    __aeabi_memcpy4                          0x000005d9   Thumb Code     0  rt_memcpy_w.o(.text)
    __aeabi_memcpy8                          0x000005d9   Thumb Code     0  rt_memcpy_w.o(.text)
    __rt_memcpy_w                            0x000005d9   Thumb Code   100  rt_memcpy_w.o(.text)
    _memcpy_lastbytes_aligned                0x00000621   Thumb Code     0  rt_memcpy_w.o(.text)
    _printf_pre_padding                      0x0000063d   Thumb Code    44  _printf_pad.o(.text)
    _printf_post_padding                     0x00000669   Thumb Code    34  _printf_pad.o(.text)
    _printf_int_common                       0x0000068b   Thumb Code   178  _printf_intcommon.o(.text)
    _printf_charcount                        0x0000073d   Thumb Code    40  _printf_charcount.o(.text)
    _printf_char_common                      0x0000076f   Thumb Code    32  _printf_char_common.o(.text)
    _sputc                                   0x00000795   Thumb Code    10  _sputc.o(.text)
    _snputc                                  0x0000079f   Thumb Code    16  _snputc.o(.text)
    _printf_cs_common                        0x000007af   Thumb Code    20  _printf_char.o(.text)
    _printf_char                             0x000007c3   Thumb Code    16  _printf_char.o(.text)
    _printf_string                           0x000007d3   Thumb Code     8  _printf_char.o(.text)
    _printf_char_file                        0x000007dd   Thumb Code    32  _printf_char_file.o(.text)
    _printf_wctomb                           0x00000801   Thumb Code   182  _printf_wctomb.o(.text)
    _printf_longlong_dec                     0x000008bd   Thumb Code   108  _printf_longlong_dec.o(.text)
    _printf_longlong_oct                     0x00000939   Thumb Code    66  _printf_oct_int_ll.o(.text)
    _printf_int_oct                          0x0000097b   Thumb Code    24  _printf_oct_int_ll.o(.text)
    _printf_ll_oct                           0x00000993   Thumb Code    12  _printf_oct_int_ll.o(.text)
    _printf_longlong_hex                     0x000009a9   Thumb Code    86  _printf_hex_int_ll_ptr.o(.text)
    _printf_int_hex                          0x000009ff   Thumb Code    28  _printf_hex_int_ll_ptr.o(.text)
    _printf_ll_hex                           0x00000a1b   Thumb Code    12  _printf_hex_int_ll_ptr.o(.text)
    _printf_hex_ptr                          0x00000a27   Thumb Code    18  _printf_hex_int_ll_ptr.o(.text)
    __aeabi_memcpy                           0x00000a3d   Thumb Code     0  rt_memcpy_v6.o(.text)
    __rt_memcpy                              0x00000a3d   Thumb Code   138  rt_memcpy_v6.o(.text)
    _memcpy_lastbytes                        0x00000aa3   Thumb Code     0  rt_memcpy_v6.o(.text)
    __aeabi_memmove4                         0x00000ac7   Thumb Code     0  rt_memmove_w.o(.text)
    __aeabi_memmove8                         0x00000ac7   Thumb Code     0  rt_memmove_w.o(.text)
    __rt_memmove_w                           0x00000ac7   Thumb Code   122  rt_memmove_w.o(.text)
    __memmove_aligned                        0x00000aed   Thumb Code     0  rt_memmove_w.o(.text)
    __memmove_lastfew_aligned                0x00000b25   Thumb Code     0  rt_memmove_w.o(.text)
    _ll_udiv10                               0x00000b41   Thumb Code   138  lludiv10.o(.text)
    __lib_sel_fp_printf                      0x00000bcb   Thumb Code     2  _printf_fp_dec.o(.text)
    _printf_fp_dec_real                      0x00000d7d   Thumb Code   620  _printf_fp_dec.o(.text)
    _printf_fp_hex_real                      0x00000fe9   Thumb Code   756  _printf_fp_hex.o(.text)
    _printf_lcs_common                       0x000012e5   Thumb Code    20  _printf_wchar.o(.text)
    _printf_wchar                            0x000012f9   Thumb Code    16  _printf_wchar.o(.text)
    _printf_wstring                          0x00001309   Thumb Code     8  _printf_wchar.o(.text)
    _wcrtomb                                 0x00001311   Thumb Code    64  _wcrtomb.o(.text)
    __user_libspace                          0x00001351   Thumb Code     8  libspace.o(.text)
    __user_perproc_libspace                  0x00001351   Thumb Code     0  libspace.o(.text)
    __user_perthread_libspace                0x00001351   Thumb Code     0  libspace.o(.text)
    __user_setup_stackheap                   0x00001359   Thumb Code    74  sys_stackheap_outer.o(.text)
    __rt_ctype_table                         0x000013a5   Thumb Code    16  rt_ctype_table.o(.text)
    __rt_locale                              0x000013b5   Thumb Code     8  rt_locale_intlibspace.o(.text)
    _printf_fp_infnan                        0x000013bd   Thumb Code   112  _printf_fp_infnan.o(.text)
    _btod_etento                             0x0000143d   Thumb Code   224  bigflt0.o(.text)
    exit                                     0x00001521   Thumb Code    18  exit.o(.text)
    strcmp                                   0x00001535   Thumb Code   128  strcmpv7m.o(.text)
    _btod_d2e                                0x000015b5   Thumb Code    62  btod.o(CL$$btod_d2e)
    _d2e_denorm_low                          0x000015f3   Thumb Code    70  btod.o(CL$$btod_d2e_denorm_low)
    _d2e_norm_op1                            0x00001639   Thumb Code    96  btod.o(CL$$btod_d2e_norm_op1)
    __btod_div_common                        0x00001699   Thumb Code   696  btod.o(CL$$btod_div_common)
    _e2e                                     0x000019d1   Thumb Code   220  btod.o(CL$$btod_e2e)
    _btod_ediv                               0x00001aad   Thumb Code    42  btod.o(CL$$btod_ediv)
    _btod_emul                               0x00001ad7   Thumb Code    42  btod.o(CL$$btod_emul)
    __btod_mult_common                       0x00001b01   Thumb Code   580  btod.o(CL$$btod_mult_common)
    SystemCoreClockUpdate                    0x00001d45   Thumb Code   696  system_lpc407x_8x_177x_8x.o(i.SystemCoreClockUpdate)
    SystemInit                               0x00002019   Thumb Code   224  system_lpc407x_8x_177x_8x.o(i.SystemInit)
    SystemInit_ExtMemCtl                     0x00002109   Thumb Code   468  system_lpc407x_8x_177x_8x.o(i.SystemInit_ExtMemCtl)
    __ARM_fpclassify                         0x00002369   Thumb Code    48  fpclassify.o(i.__ARM_fpclassify)
    __hardfp_log                             0x00002399   Thumb Code   872  log.o(i.__hardfp_log)
    __hardfp_pow                             0x00002761   Thumb Code  3072  pow.o(i.__hardfp_pow)
    __kernel_poly                            0x000033b1   Thumb Code   248  poly.o(i.__kernel_poly)
    __mathlib_dbl_divzero                    0x000034a9   Thumb Code    28  dunder.o(i.__mathlib_dbl_divzero)
    __mathlib_dbl_infnan                     0x000034d9   Thumb Code    20  dunder.o(i.__mathlib_dbl_infnan)
    __mathlib_dbl_infnan2                    0x000034ed   Thumb Code    20  dunder.o(i.__mathlib_dbl_infnan2)
    __mathlib_dbl_invalid                    0x00003501   Thumb Code    24  dunder.o(i.__mathlib_dbl_invalid)
    __mathlib_dbl_overflow                   0x00003521   Thumb Code    24  dunder.o(i.__mathlib_dbl_overflow)
    __mathlib_dbl_underflow                  0x00003541   Thumb Code    24  dunder.o(i.__mathlib_dbl_underflow)
    _is_digit                                0x00003561   Thumb Code    14  __printf_wp.o(i._is_digit)
    _sys_exit                                0x0000356f   Thumb Code     4  glcd.o(i._sys_exit)
    adc_convertir                            0x00003575   Thumb Code    66  adc_lpc40xx.o(i.adc_convertir)
    adc_inicializar                          0x000035e9   Thumb Code   188  adc_lpc40xx.o(i.adc_inicializar)
    adc_traducir_a_tension                   0x00003759   Thumb Code    48  adc_lpc40xx.o(i.adc_traducir_a_tension)
    adjust_timing                            0x000037c9   Thumb Code    76  sdram.o(i.adjust_timing)
    fabs                                     0x00003869   Thumb Code    24  fabs.o(i.fabs)
    ferror                                   0x00003881   Thumb Code    16  glcd.o(i.ferror)
    fpu_init                                 0x0000399d   Thumb Code    62  system_lpc407x_8x_177x_8x.o(i.fpu_init)
    fputc                                    0x000039ed   Thumb Code   334  glcd.o(i.fputc)
    glcd_borrar                              0x00003b5d   Thumb Code    20  glcd.o(i.glcd_borrar)
    glcd_caracter                            0x00003b75   Thumb Code   242  glcd.o(i.glcd_caracter)
    glcd_desplazar                           0x00003c8d   Thumb Code    78  glcd.o(i.glcd_desplazar)
    glcd_inicializar                         0x00003dd5   Thumb Code   876  glcd.o(i.glcd_inicializar)
    glcd_texto                               0x00004169   Thumb Code   138  glcd.o(i.glcd_texto)
    glcd_xprintf                             0x0000428d   Thumb Code   124  glcd.o(i.glcd_xprintf)
    main                                     0x0000431d   Thumb Code   254  main.o(i.main)
    ntc_traducir_tension_a_temperatura       0x0000445d   Thumb Code   294  termistor_ntc.o(i.ntc_traducir_tension_a_temperatura)
    parar_con_error                          0x000045bd   Thumb Code   150  error.o(i.parar_con_error)
    sdram_inicializar                        0x00004a95   Thumb Code   198  sdram.o(i.sdram_inicializar)
    sqrt                                     0x00004bd5   Thumb Code   110  sqrt.o(i.sqrt)
    timer_esperar_fin_ciclo                  0x00004c45   Thumb Code    58  timer_lpc40xx.o(i.timer_esperar_fin_ciclo)
    timer_inicializar                        0x00004cb9   Thumb Code   114  timer_lpc40xx.o(i.timer_inicializar)
    timer_iniciar_ciclos_ms                  0x00004d69   Thumb Code   102  timer_lpc40xx.o(i.timer_iniciar_ciclos_ms)
    _get_lc_numeric                          0x00004e21   Thumb Code    44  lc_numeric_c.o(locale$$code)
    _get_lc_ctype                            0x00004e4d   Thumb Code    44  lc_ctype_c.o(locale$$code)
    __aeabi_dneg                             0x00004e79   Thumb Code     0  basic.o(x$fpl$basic)
    _dneg                                    0x00004e79   Thumb Code     6  basic.o(x$fpl$basic)
    __aeabi_fneg                             0x00004e7f   Thumb Code     0  basic.o(x$fpl$basic)
    _fneg                                    0x00004e7f   Thumb Code     6  basic.o(x$fpl$basic)
    _dabs                                    0x00004e85   Thumb Code     6  basic.o(x$fpl$basic)
    _fabs                                    0x00004e8b   Thumb Code     6  basic.o(x$fpl$basic)
    __aeabi_d2f                              0x00004e91   Thumb Code     0  d2f.o(x$fpl$d2f)
    _d2f                                     0x00004e91   Thumb Code    98  d2f.o(x$fpl$d2f)
    __aeabi_dadd                             0x00004ef5   Thumb Code     0  daddsub_clz.o(x$fpl$dadd)
    _dadd                                    0x00004ef5   Thumb Code   332  daddsub_clz.o(x$fpl$dadd)
    __fpl_dcheck_NaN1                        0x00005045   Thumb Code    10  dcheck1.o(x$fpl$dcheck1)
    __fpl_dcmp_Inf                           0x00005055   Thumb Code    24  dcmpi.o(x$fpl$dcmpinf)
    __aeabi_ddiv                             0x0000506d   Thumb Code     0  ddiv.o(x$fpl$ddiv)
    _ddiv                                    0x0000506d   Thumb Code   552  ddiv.o(x$fpl$ddiv)
    __aeabi_cdcmpeq                          0x0000531d   Thumb Code     0  deqf.o(x$fpl$deqf)
    _dcmpeq                                  0x0000531d   Thumb Code   120  deqf.o(x$fpl$deqf)
    __aeabi_i2d                              0x00005395   Thumb Code     0  dflt_clz.o(x$fpl$dflt)
    _dflt                                    0x00005395   Thumb Code    46  dflt_clz.o(x$fpl$dflt)
    __aeabi_cdcmple                          0x000053c5   Thumb Code     0  dleqf.o(x$fpl$dleqf)
    _dcmple                                  0x000053c5   Thumb Code   120  dleqf.o(x$fpl$dleqf)
    __fpl_dcmple_InfNaN                      0x00005427   Thumb Code     0  dleqf.o(x$fpl$dleqf)
    __aeabi_dmul                             0x0000543d   Thumb Code     0  dmul.o(x$fpl$dmul)
    _dmul                                    0x0000543d   Thumb Code   332  dmul.o(x$fpl$dmul)
    __fpl_dnaninf                            0x00005591   Thumb Code   156  dnaninf.o(x$fpl$dnaninf)
    __fpl_dretinf                            0x0000562d   Thumb Code    12  dretinf.o(x$fpl$dretinf)
    __aeabi_cdrcmple                         0x00005639   Thumb Code     0  drleqf.o(x$fpl$drleqf)
    _drcmple                                 0x00005639   Thumb Code   108  drleqf.o(x$fpl$drleqf)
    __aeabi_drsub                            0x000056a5   Thumb Code     0  daddsub_clz.o(x$fpl$drsb)
    _drsb                                    0x000056a5   Thumb Code    22  daddsub_clz.o(x$fpl$drsb)
    _dsqrt                                   0x000056bd   Thumb Code   404  dsqrt_umaal.o(x$fpl$dsqrt)
    __aeabi_dsub                             0x00005855   Thumb Code     0  daddsub_clz.o(x$fpl$dsub)
    _dsub                                    0x00005855   Thumb Code   464  daddsub_clz.o(x$fpl$dsub)
    __aeabi_f2d                              0x00005a29   Thumb Code     0  f2d.o(x$fpl$f2d)
    _f2d                                     0x00005a29   Thumb Code    86  f2d.o(x$fpl$f2d)
    __fpl_fnaninf                            0x00005a7f   Thumb Code   140  fnaninf.o(x$fpl$fnaninf)
    _fp_init                                 0x00005b0b   Thumb Code    10  fpinit.o(x$fpl$fpinit)
    __fplib_config_fpu_vfp                   0x00005b13   Thumb Code     0  fpinit.o(x$fpl$fpinit)
    __fplib_config_pureend_doubles           0x00005b13   Thumb Code     0  fpinit.o(x$fpl$fpinit)
    __fpl_fretinf                            0x00005b15   Thumb Code    10  fretinf.o(x$fpl$fretinf)
    _printf_fp_dec                           0x00005b1f   Thumb Code     4  printf1.o(x$fpl$printf1)
    _printf_fp_hex                           0x00005b23   Thumb Code     4  printf2.o(x$fpl$printf2)
    __fpl_return_NaN                         0x00005b27   Thumb Code   100  retnan.o(x$fpl$retnan)
    __ARM_scalbn                             0x00005b8b   Thumb Code    92  scalbn.o(x$fpl$scalbn)
    __fpl_cmpreturn                          0x00005be7   Thumb Code    48  trapv.o(x$fpl$trapveneer)
    __I$use$fp                               0x00005c16   Number         0  usenofp.o(x$fpl$usenofp)
    font_8x16                                0x00005cb0   Data          20  font_8x16.o(.constdata)
    font_8x16_datos                          0x00005cc4   Data        3584  font_8x16.o(.constdata)
    font_12x24                               0x00006ac4   Data          20  font_12x24.o(.constdata)
    font_12x24_datos                         0x00006ad8   Data       10752  font_12x24.o(.constdata)
    font_16x32                               0x000094d8   Data          20  font_16x32.o(.constdata)
    font_16x32_datos                         0x000094ec   Data       14336  font_16x32.o(.constdata)
    __mathlib_zero                           0x0000ced8   Data           8  qnan.o(.constdata)
    Region$$Table$$Base                      0x0000cf9c   Number         0  anon$$obj.o(Region$$Table)
    Region$$Table$$Limit                     0x0000cfbc   Number         0  anon$$obj.o(Region$$Table)
    __ctype                                  0x0000cfe5   Data           0  lc_ctype_c.o(locale$$data)
    __stdout                                 0x10000020   Data           4  glcd.o(.data)
    __stdin                                  0x10000024   Data           4  glcd.o(.data)
    __stderr                                 0x10000028   Data           4  glcd.o(.data)
    SystemCoreClock                          0x10000034   Data           4  system_lpc407x_8x_177x_8x.o(.data)
    PeripheralClock                          0x10000038   Data           4  system_lpc407x_8x_177x_8x.o(.data)
    EMCClock                                 0x1000003c   Data           4  system_lpc407x_8x_177x_8x.o(.data)
    USBClock                                 0x10000040   Data           4  system_lpc407x_8x_177x_8x.o(.data)
    __libspace_start                         0x10000044   Data          96  libspace.o(.bss)
    __temporary_stack_top$libspace           0x100000a4   Data           0  libspace.o(.bss)



==============================================================================

Memory Map of the image

  Image Entry point : 0x000000e5

  Load Region LR_IROM1 (Base: 0x00000000, Size: 0x0000d12c, Max: 0x00080000, ABSOLUTE)

    Execution Region ER_IROM1 (Exec base: 0x00000000, Load base: 0x00000000, Size: 0x0000d0e8, Max: 0x00080000, ABSOLUTE)

    Exec Addr    Load Addr    Size         Type   Attr      Idx    E Section Name        Object

    0x00000000   0x00000000   0x000000e4   Data   RO          683    RESET               startup_lpc407x_8x_177x_8x.o
    0x000000e4   0x000000e4   0x00000008   Code   RO          789  * !!!main             c_w.l(__main.o)
    0x000000ec   0x000000ec   0x00000034   Code   RO         1205    !!!scatter          c_w.l(__scatter.o)
    0x00000120   0x00000120   0x0000001a   Code   RO         1207    !!handler_copy      c_w.l(__scatter_copy.o)
    0x0000013a   0x0000013a   0x00000002   PAD
    0x0000013c   0x0000013c   0x0000001c   Code   RO         1209    !!handler_zi        c_w.l(__scatter_zi.o)
    0x00000158   0x00000158   0x00000000   Code   RO          782    .ARM.Collect$$_printf_percent$$00000000  c_w.l(_printf_percent.o)
    0x00000158   0x00000158   0x00000006   Code   RO          889    .ARM.Collect$$_printf_percent$$00000001  c_w.l(_printf_n.o)
    0x0000015e   0x0000015e   0x00000006   Code   RO          891    .ARM.Collect$$_printf_percent$$00000002  c_w.l(_printf_p.o)
    0x00000164   0x00000164   0x00000006   Code   RO          895    .ARM.Collect$$_printf_percent$$00000003  c_w.l(_printf_f.o)
    0x0000016a   0x0000016a   0x00000006   Code   RO          896    .ARM.Collect$$_printf_percent$$00000004  c_w.l(_printf_e.o)
    0x00000170   0x00000170   0x00000006   Code   RO          897    .ARM.Collect$$_printf_percent$$00000005  c_w.l(_printf_g.o)
    0x00000176   0x00000176   0x00000006   Code   RO          898    .ARM.Collect$$_printf_percent$$00000006  c_w.l(_printf_a.o)
    0x0000017c   0x0000017c   0x0000000a   Code   RO          903    .ARM.Collect$$_printf_percent$$00000007  c_w.l(_printf_ll.o)
    0x00000186   0x00000186   0x00000006   Code   RO          893    .ARM.Collect$$_printf_percent$$00000008  c_w.l(_printf_i.o)
    0x0000018c   0x0000018c   0x00000006   Code   RO          894    .ARM.Collect$$_printf_percent$$00000009  c_w.l(_printf_d.o)
    0x00000192   0x00000192   0x00000006   Code   RO          781    .ARM.Collect$$_printf_percent$$0000000A  c_w.l(_printf_u.o)
    0x00000198   0x00000198   0x00000006   Code   RO          892    .ARM.Collect$$_printf_percent$$0000000B  c_w.l(_printf_o.o)
    0x0000019e   0x0000019e   0x00000006   Code   RO          890    .ARM.Collect$$_printf_percent$$0000000C  c_w.l(_printf_x.o)
    0x000001a4   0x000001a4   0x00000006   Code   RO          900    .ARM.Collect$$_printf_percent$$0000000D  c_w.l(_printf_lli.o)
    0x000001aa   0x000001aa   0x00000006   Code   RO          901    .ARM.Collect$$_printf_percent$$0000000E  c_w.l(_printf_lld.o)
    0x000001b0   0x000001b0   0x00000006   Code   RO          902    .ARM.Collect$$_printf_percent$$0000000F  c_w.l(_printf_llu.o)
    0x000001b6   0x000001b6   0x00000006   Code   RO          907    .ARM.Collect$$_printf_percent$$00000010  c_w.l(_printf_llo.o)
    0x000001bc   0x000001bc   0x00000006   Code   RO          908    .ARM.Collect$$_printf_percent$$00000011  c_w.l(_printf_llx.o)
    0x000001c2   0x000001c2   0x0000000a   Code   RO          904    .ARM.Collect$$_printf_percent$$00000012  c_w.l(_printf_l.o)
    0x000001cc   0x000001cc   0x00000006   Code   RO          888    .ARM.Collect$$_printf_percent$$00000013  c_w.l(_printf_c.o)
    0x000001d2   0x000001d2   0x00000006   Code   RO          780    .ARM.Collect$$_printf_percent$$00000014  c_w.l(_printf_s.o)
    0x000001d8   0x000001d8   0x00000006   Code   RO          905    .ARM.Collect$$_printf_percent$$00000015  c_w.l(_printf_lc.o)
    0x000001de   0x000001de   0x00000006   Code   RO          906    .ARM.Collect$$_printf_percent$$00000016  c_w.l(_printf_ls.o)
    0x000001e4   0x000001e4   0x00000004   Code   RO          899    .ARM.Collect$$_printf_percent$$00000017  c_w.l(_printf_percent_end.o)
    0x000001e8   0x000001e8   0x00000002   Code   RO         1071    .ARM.Collect$$libinit$$00000000  c_w.l(libinit.o)
    0x000001ea   0x000001ea   0x00000004   Code   RO         1083    .ARM.Collect$$libinit$$00000001  c_w.l(libinit2.o)
    0x000001ee   0x000001ee   0x00000000   Code   RO         1086    .ARM.Collect$$libinit$$00000004  c_w.l(libinit2.o)
    0x000001ee   0x000001ee   0x00000000   Code   RO         1089    .ARM.Collect$$libinit$$0000000A  c_w.l(libinit2.o)
    0x000001ee   0x000001ee   0x00000000   Code   RO         1091    .ARM.Collect$$libinit$$0000000C  c_w.l(libinit2.o)
    0x000001ee   0x000001ee   0x00000000   Code   RO         1093    .ARM.Collect$$libinit$$0000000E  c_w.l(libinit2.o)
    0x000001ee   0x000001ee   0x00000006   Code   RO         1094    .ARM.Collect$$libinit$$0000000F  c_w.l(libinit2.o)
    0x000001f4   0x000001f4   0x00000000   Code   RO         1096    .ARM.Collect$$libinit$$00000011  c_w.l(libinit2.o)
    0x000001f4   0x000001f4   0x0000000c   Code   RO         1097    .ARM.Collect$$libinit$$00000012  c_w.l(libinit2.o)
    0x00000200   0x00000200   0x00000000   Code   RO         1098    .ARM.Collect$$libinit$$00000013  c_w.l(libinit2.o)
    0x00000200   0x00000200   0x00000000   Code   RO         1100    .ARM.Collect$$libinit$$00000015  c_w.l(libinit2.o)
    0x00000200   0x00000200   0x0000000a   Code   RO         1101    .ARM.Collect$$libinit$$00000016  c_w.l(libinit2.o)
    0x0000020a   0x0000020a   0x00000000   Code   RO         1102    .ARM.Collect$$libinit$$00000017  c_w.l(libinit2.o)
    0x0000020a   0x0000020a   0x00000000   Code   RO         1104    .ARM.Collect$$libinit$$00000019  c_w.l(libinit2.o)
    0x0000020a   0x0000020a   0x00000000   Code   RO         1106    .ARM.Collect$$libinit$$0000001B  c_w.l(libinit2.o)
    0x0000020a   0x0000020a   0x00000000   Code   RO         1108    .ARM.Collect$$libinit$$0000001D  c_w.l(libinit2.o)
    0x0000020a   0x0000020a   0x00000000   Code   RO         1110    .ARM.Collect$$libinit$$0000001F  c_w.l(libinit2.o)
    0x0000020a   0x0000020a   0x00000000   Code   RO         1112    .ARM.Collect$$libinit$$00000021  c_w.l(libinit2.o)
    0x0000020a   0x0000020a   0x00000000   Code   RO         1114    .ARM.Collect$$libinit$$00000023  c_w.l(libinit2.o)
    0x0000020a   0x0000020a   0x00000000   Code   RO         1116    .ARM.Collect$$libinit$$00000025  c_w.l(libinit2.o)
    0x0000020a   0x0000020a   0x00000000   Code   RO         1120    .ARM.Collect$$libinit$$0000002C  c_w.l(libinit2.o)
    0x0000020a   0x0000020a   0x00000000   Code   RO         1122    .ARM.Collect$$libinit$$0000002E  c_w.l(libinit2.o)
    0x0000020a   0x0000020a   0x00000000   Code   RO         1124    .ARM.Collect$$libinit$$00000030  c_w.l(libinit2.o)
    0x0000020a   0x0000020a   0x00000000   Code   RO         1126    .ARM.Collect$$libinit$$00000032  c_w.l(libinit2.o)
    0x0000020a   0x0000020a   0x00000002   Code   RO         1127    .ARM.Collect$$libinit$$00000033  c_w.l(libinit2.o)
    0x0000020c   0x0000020c   0x00000002   Code   RO         1147    .ARM.Collect$$libshutdown$$00000000  c_w.l(libshutdown.o)
    0x0000020e   0x0000020e   0x00000000   Code   RO         1157    .ARM.Collect$$libshutdown$$00000002  c_w.l(libshutdown2.o)
    0x0000020e   0x0000020e   0x00000000   Code   RO         1159    .ARM.Collect$$libshutdown$$00000004  c_w.l(libshutdown2.o)
    0x0000020e   0x0000020e   0x00000000   Code   RO         1162    .ARM.Collect$$libshutdown$$00000007  c_w.l(libshutdown2.o)
    0x0000020e   0x0000020e   0x00000000   Code   RO         1165    .ARM.Collect$$libshutdown$$0000000A  c_w.l(libshutdown2.o)
    0x0000020e   0x0000020e   0x00000000   Code   RO         1167    .ARM.Collect$$libshutdown$$0000000C  c_w.l(libshutdown2.o)
    0x0000020e   0x0000020e   0x00000000   Code   RO         1170    .ARM.Collect$$libshutdown$$0000000F  c_w.l(libshutdown2.o)
    0x0000020e   0x0000020e   0x00000002   Code   RO         1171    .ARM.Collect$$libshutdown$$00000010  c_w.l(libshutdown2.o)
    0x00000210   0x00000210   0x00000000   Code   RO          835    .ARM.Collect$$rtentry$$00000000  c_w.l(__rtentry.o)
    0x00000210   0x00000210   0x00000000   Code   RO          982    .ARM.Collect$$rtentry$$00000002  c_w.l(__rtentry2.o)
    0x00000210   0x00000210   0x00000006   Code   RO          994    .ARM.Collect$$rtentry$$00000004  c_w.l(__rtentry4.o)
    0x00000216   0x00000216   0x00000000   Code   RO          984    .ARM.Collect$$rtentry$$00000009  c_w.l(__rtentry2.o)
    0x00000216   0x00000216   0x00000004   Code   RO          985    .ARM.Collect$$rtentry$$0000000A  c_w.l(__rtentry2.o)
    0x0000021a   0x0000021a   0x00000000   Code   RO          987    .ARM.Collect$$rtentry$$0000000C  c_w.l(__rtentry2.o)
    0x0000021a   0x0000021a   0x00000008   Code   RO          988    .ARM.Collect$$rtentry$$0000000D  c_w.l(__rtentry2.o)
    0x00000222   0x00000222   0x00000002   Code   RO         1076    .ARM.Collect$$rtexit$$00000000  c_w.l(rtexit.o)
    0x00000224   0x00000224   0x00000000   Code   RO         1131    .ARM.Collect$$rtexit$$00000002  c_w.l(rtexit2.o)
    0x00000224   0x00000224   0x00000004   Code   RO         1132    .ARM.Collect$$rtexit$$00000003  c_w.l(rtexit2.o)
    0x00000228   0x00000228   0x00000006   Code   RO         1133    .ARM.Collect$$rtexit$$00000004  c_w.l(rtexit2.o)
    0x0000022e   0x0000022e   0x00000002   PAD
    0x00000230   0x00000230   0x0000003c   Code   RO          685    .text               startup_lpc407x_8x_177x_8x.o
    0x0000026c   0x0000026c   0x00000002   Code   RO          746    .text               c_w.l(use_no_semi.o)
    0x0000026e   0x0000026e   0x00000002   PAD
    0x00000270   0x00000270   0x0000000c   Code   RO          748    .text               c_w.l(vprintf.o)
    0x0000027c   0x0000027c   0x00000038   Code   RO          750    .text               c_w.l(__2snprintf.o)
    0x000002b4   0x000002b4   0x00000006   Code   RO          787    .text               c_w.l(heapauxi.o)
    0x000002ba   0x000002ba   0x00000016   Code   RO          836    .text               c_w.l(_rserrno.o)
    0x000002d0   0x000002d0   0x00000024   Code   RO          840    .text               c_w.l(_printf_truncate.o)
    0x000002f4   0x000002f4   0x00000008   Code   RO          999    .text               c_w.l(rt_errno_addr_intlibspace.o)
    0x000002fc   0x000002fc   0x00000004   Code   RO          684    .ARM.__at_0x02FC    startup_lpc407x_8x_177x_8x.o
    0x00000300   0x00000300   0x00000052   Code   RO          756    .text               c_w.l(_printf_str.o)
    0x00000352   0x00000352   0x00000002   PAD
    0x00000354   0x00000354   0x00000078   Code   RO          758    .text               c_w.l(_printf_dec.o)
    0x000003cc   0x000003cc   0x00000188   Code   RO          777    .text               c_w.l(__printf_flags_ss_wp.o)
    0x00000554   0x00000554   0x00000084   Code   RO          783    .text               c_w.l(rt_memmove_v6.o)
    0x000005d8   0x000005d8   0x00000064   Code   RO          785    .text               c_w.l(rt_memcpy_w.o)
    0x0000063c   0x0000063c   0x0000004e   Code   RO          838    .text               c_w.l(_printf_pad.o)
    0x0000068a   0x0000068a   0x000000b2   Code   RO          842    .text               c_w.l(_printf_intcommon.o)
    0x0000073c   0x0000073c   0x00000028   Code   RO          844    .text               c_w.l(_printf_charcount.o)
    0x00000764   0x00000764   0x00000030   Code   RO          846    .text               c_w.l(_printf_char_common.o)
    0x00000794   0x00000794   0x0000000a   Code   RO          848    .text               c_w.l(_sputc.o)
    0x0000079e   0x0000079e   0x00000010   Code   RO          850    .text               c_w.l(_snputc.o)
    0x000007ae   0x000007ae   0x0000002c   Code   RO          852    .text               c_w.l(_printf_char.o)
    0x000007da   0x000007da   0x00000002   PAD
    0x000007dc   0x000007dc   0x00000024   Code   RO          854    .text               c_w.l(_printf_char_file.o)
    0x00000800   0x00000800   0x000000bc   Code   RO          856    .text               c_w.l(_printf_wctomb.o)
    0x000008bc   0x000008bc   0x0000007c   Code   RO          859    .text               c_w.l(_printf_longlong_dec.o)
    0x00000938   0x00000938   0x00000070   Code   RO          865    .text               c_w.l(_printf_oct_int_ll.o)
    0x000009a8   0x000009a8   0x00000094   Code   RO          885    .text               c_w.l(_printf_hex_int_ll_ptr.o)
    0x00000a3c   0x00000a3c   0x0000008a   Code   RO          909    .text               c_w.l(rt_memcpy_v6.o)
    0x00000ac6   0x00000ac6   0x0000007a   Code   RO          911    .text               c_w.l(rt_memmove_w.o)
    0x00000b40   0x00000b40   0x0000008a   Code   RO         1001    .text               c_w.l(lludiv10.o)
    0x00000bca   0x00000bca   0x0000041e   Code   RO         1003    .text               c_w.l(_printf_fp_dec.o)
    0x00000fe8   0x00000fe8   0x000002fc   Code   RO         1005    .text               c_w.l(_printf_fp_hex.o)
    0x000012e4   0x000012e4   0x0000002c   Code   RO         1010    .text               c_w.l(_printf_wchar.o)
    0x00001310   0x00001310   0x00000040   Code   RO         1012    .text               c_w.l(_wcrtomb.o)
    0x00001350   0x00001350   0x00000008   Code   RO         1022    .text               c_w.l(libspace.o)
    0x00001358   0x00001358   0x0000004a   Code   RO         1025    .text               c_w.l(sys_stackheap_outer.o)
    0x000013a2   0x000013a2   0x00000002   PAD
    0x000013a4   0x000013a4   0x00000010   Code   RO         1027    .text               c_w.l(rt_ctype_table.o)
    0x000013b4   0x000013b4   0x00000008   Code   RO         1032    .text               c_w.l(rt_locale_intlibspace.o)
    0x000013bc   0x000013bc   0x00000080   Code   RO         1034    .text               c_w.l(_printf_fp_infnan.o)
    0x0000143c   0x0000143c   0x000000e4   Code   RO         1036    .text               c_w.l(bigflt0.o)
    0x00001520   0x00001520   0x00000012   Code   RO         1064    .text               c_w.l(exit.o)
    0x00001532   0x00001532   0x00000002   PAD
    0x00001534   0x00001534   0x00000080   Code   RO         1081    .text               c_w.l(strcmpv7m.o)
    0x000015b4   0x000015b4   0x0000003e   Code   RO         1039    CL$$btod_d2e        c_w.l(btod.o)
    0x000015f2   0x000015f2   0x00000046   Code   RO         1041    CL$$btod_d2e_denorm_low  c_w.l(btod.o)
    0x00001638   0x00001638   0x00000060   Code   RO         1040    CL$$btod_d2e_norm_op1  c_w.l(btod.o)
    0x00001698   0x00001698   0x00000338   Code   RO         1049    CL$$btod_div_common  c_w.l(btod.o)
    0x000019d0   0x000019d0   0x000000dc   Code   RO         1046    CL$$btod_e2e        c_w.l(btod.o)
    0x00001aac   0x00001aac   0x0000002a   Code   RO         1043    CL$$btod_ediv       c_w.l(btod.o)
    0x00001ad6   0x00001ad6   0x0000002a   Code   RO         1042    CL$$btod_emul       c_w.l(btod.o)
    0x00001b00   0x00001b00   0x00000244   Code   RO         1048    CL$$btod_mult_common  c_w.l(btod.o)
    0x00001d44   0x00001d44   0x000002d4   Code   RO          694    i.SystemCoreClockUpdate  system_lpc407x_8x_177x_8x.o
    0x00002018   0x00002018   0x000000f0   Code   RO          695    i.SystemInit        system_lpc407x_8x_177x_8x.o
    0x00002108   0x00002108   0x000001f8   Code   RO          696    i.SystemInit_ExtMemCtl  system_lpc407x_8x_177x_8x.o
    0x00002300   0x00002300   0x0000003c   Code   RO          533    i.TIM_Waitms        sdram.o
    0x0000233c   0x0000233c   0x0000002c   Code   RO          697    i._DelayMs          system_lpc407x_8x_177x_8x.o
    0x00002368   0x00002368   0x00000030   Code   RO          964    i.__ARM_fpclassify  m_wm.l(fpclassify.o)
    0x00002398   0x00002398   0x000003c4   Code   RO          807    i.__hardfp_log      m_wm.l(log.o)
    0x0000275c   0x0000275c   0x00000004   PAD
    0x00002760   0x00002760   0x00000c50   Code   RO          821    i.__hardfp_pow      m_wm.l(pow.o)
    0x000033b0   0x000033b0   0x000000f8   Code   RO          966    i.__kernel_poly     m_wm.l(poly.o)
    0x000034a8   0x000034a8   0x00000030   Code   RO          944    i.__mathlib_dbl_divzero  m_wm.l(dunder.o)
    0x000034d8   0x000034d8   0x00000014   Code   RO          945    i.__mathlib_dbl_infnan  m_wm.l(dunder.o)
    0x000034ec   0x000034ec   0x00000014   Code   RO          946    i.__mathlib_dbl_infnan2  m_wm.l(dunder.o)
    0x00003500   0x00003500   0x00000020   Code   RO          947    i.__mathlib_dbl_invalid  m_wm.l(dunder.o)
    0x00003520   0x00003520   0x00000020   Code   RO          948    i.__mathlib_dbl_overflow  m_wm.l(dunder.o)
    0x00003540   0x00003540   0x00000020   Code   RO          950    i.__mathlib_dbl_underflow  m_wm.l(dunder.o)
    0x00003560   0x00003560   0x0000000e   Code   RO          770    i._is_digit         c_w.l(__printf_wp.o)
    0x0000356e   0x0000356e   0x00000004   Code   RO          143    i._sys_exit         glcd.o
    0x00003572   0x00003572   0x00000002   PAD
    0x00003574   0x00003574   0x00000074   Code   RO            4    i.adc_convertir     adc_lpc40xx.o
    0x000035e8   0x000035e8   0x00000170   Code   RO            5    i.adc_inicializar   adc_lpc40xx.o
    0x00003758   0x00003758   0x00000070   Code   RO            6    i.adc_traducir_a_tension  adc_lpc40xx.o
    0x000037c8   0x000037c8   0x00000058   Code   RO          534    i.adjust_timing     sdram.o
    0x00003820   0x00003820   0x00000048   Code   RO          535    i.calibration       sdram.o
    0x00003868   0x00003868   0x00000018   Code   RO          960    i.fabs              m_wm.l(fabs.o)
    0x00003880   0x00003880   0x00000014   Code   RO          144    i.ferror            glcd.o
    0x00003894   0x00003894   0x00000084   Code   RO          536    i.find_cmddly       sdram.o
    0x00003918   0x00003918   0x00000084   Code   RO          537    i.find_fbclkdly     sdram.o
    0x0000399c   0x0000399c   0x00000050   Code   RO          698    i.fpu_init          system_lpc407x_8x_177x_8x.o
    0x000039ec   0x000039ec   0x00000170   Code   RO          146    i.fputc             glcd.o
    0x00003b5c   0x00003b5c   0x00000018   Code   RO          148    i.glcd_borrar       glcd.o
    0x00003b74   0x00003b74   0x00000118   Code   RO          149    i.glcd_caracter     glcd.o
    0x00003c8c   0x00003c8c   0x00000058   Code   RO          153    i.glcd_desplazar    glcd.o
    0x00003ce4   0x00003ce4   0x00000044   Code   RO          155    i.glcd_i2c0_inicializar  glcd.o
    0x00003d28   0x00003d28   0x00000034   Code   RO          156    i.glcd_i2c0_start   glcd.o
    0x00003d5c   0x00003d5c   0x00000020   Code   RO          157    i.glcd_i2c0_stop    glcd.o
    0x00003d7c   0x00003d7c   0x00000032   Code   RO          158    i.glcd_i2c0_transmitir_buffer  glcd.o
    0x00003dae   0x00003dae   0x00000002   PAD
    0x00003db0   0x00003db0   0x00000024   Code   RO          159    i.glcd_i2c0_transmitir_byte  glcd.o
    0x00003dd4   0x00003dd4   0x00000394   Code   RO          160    i.glcd_inicializar  glcd.o
    0x00004168   0x00004168   0x000000cc   Code   RO          167    i.glcd_texto        glcd.o
    0x00004234   0x00004234   0x00000058   Code   RO          168    i.glcd_timer0_retardo_ms  glcd.o
    0x0000428c   0x0000428c   0x00000090   Code   RO          169    i.glcd_xprintf      glcd.o
    0x0000431c   0x0000431c   0x00000140   Code   RO          503    i.main              main.o
    0x0000445c   0x0000445c   0x00000160   Code   RO          665    i.ntc_traducir_tension_a_temperatura  termistor_ntc.o
    0x000045bc   0x000045bc   0x000000cc   Code   RO           79    i.parar_con_error   error.o
    0x00004688   0x00004688   0x0000040a   Code   RO          538    i.pinConfig         sdram.o
    0x00004a92   0x00004a92   0x00000002   PAD
    0x00004a94   0x00004a94   0x000000e4   Code   RO          539    i.sdram_inicializar  sdram.o
    0x00004b78   0x00004b78   0x0000005c   Code   RO          540    i.sdram_test        sdram.o
    0x00004bd4   0x00004bd4   0x0000006e   Code   RO          971    i.sqrt              m_wm.l(sqrt.o)
    0x00004c42   0x00004c42   0x00000002   PAD
    0x00004c44   0x00004c44   0x00000074   Code   RO          595    i.timer_esperar_fin_ciclo  timer_lpc40xx.o
    0x00004cb8   0x00004cb8   0x000000b0   Code   RO          596    i.timer_inicializar  timer_lpc40xx.o
    0x00004d68   0x00004d68   0x000000b8   Code   RO          597    i.timer_iniciar_ciclos_ms  timer_lpc40xx.o
    0x00004e20   0x00004e20   0x0000002c   Code   RO         1062    locale$$code        c_w.l(lc_numeric_c.o)
    0x00004e4c   0x00004e4c   0x0000002c   Code   RO         1079    locale$$code        c_w.l(lc_ctype_c.o)
    0x00004e78   0x00004e78   0x00000018   Code   RO          913    x$fpl$basic         fz_wm.l(basic.o)
    0x00004e90   0x00004e90   0x00000062   Code   RO          791    x$fpl$d2f           fz_wm.l(d2f.o)
    0x00004ef2   0x00004ef2   0x00000002   PAD
    0x00004ef4   0x00004ef4   0x00000150   Code   RO          793    x$fpl$dadd          fz_wm.l(daddsub_clz.o)
    0x00005044   0x00005044   0x00000010   Code   RO         1014    x$fpl$dcheck1       fz_wm.l(dcheck1.o)
    0x00005054   0x00005054   0x00000018   Code   RO         1016    x$fpl$dcmpinf       fz_wm.l(dcmpi.o)
    0x0000506c   0x0000506c   0x000002b0   Code   RO          800    x$fpl$ddiv          fz_wm.l(ddiv.o)
    0x0000531c   0x0000531c   0x00000078   Code   RO          915    x$fpl$deqf          fz_wm.l(deqf.o)
    0x00005394   0x00005394   0x0000002e   Code   RO          918    x$fpl$dflt          fz_wm.l(dflt_clz.o)
    0x000053c2   0x000053c2   0x00000002   PAD
    0x000053c4   0x000053c4   0x00000078   Code   RO         1018    x$fpl$dleqf         fz_wm.l(dleqf.o)
    0x0000543c   0x0000543c   0x00000154   Code   RO          803    x$fpl$dmul          fz_wm.l(dmul.o)
    0x00005590   0x00005590   0x0000009c   Code   RO          923    x$fpl$dnaninf       fz_wm.l(dnaninf.o)
    0x0000562c   0x0000562c   0x0000000c   Code   RO          925    x$fpl$dretinf       fz_wm.l(dretinf.o)
    0x00005638   0x00005638   0x0000006c   Code   RO          927    x$fpl$drleqf        fz_wm.l(drleqf.o)
    0x000056a4   0x000056a4   0x00000016   Code   RO          794    x$fpl$drsb          fz_wm.l(daddsub_clz.o)
    0x000056ba   0x000056ba   0x00000002   PAD
    0x000056bc   0x000056bc   0x00000198   Code   RO         1020    x$fpl$dsqrt         fz_wm.l(dsqrt_umaal.o)
    0x00005854   0x00005854   0x000001d4   Code   RO          795    x$fpl$dsub          fz_wm.l(daddsub_clz.o)
    0x00005a28   0x00005a28   0x00000056   Code   RO          805    x$fpl$f2d           fz_wm.l(f2d.o)
    0x00005a7e   0x00005a7e   0x0000008c   Code   RO          929    x$fpl$fnaninf       fz_wm.l(fnaninf.o)
    0x00005b0a   0x00005b0a   0x0000000a   Code   RO         1139    x$fpl$fpinit        fz_wm.l(fpinit.o)
    0x00005b14   0x00005b14   0x0000000a   Code   RO          931    x$fpl$fretinf       fz_wm.l(fretinf.o)
    0x00005b1e   0x00005b1e   0x00000004   Code   RO          933    x$fpl$printf1       fz_wm.l(printf1.o)
    0x00005b22   0x00005b22   0x00000004   Code   RO          935    x$fpl$printf2       fz_wm.l(printf2.o)
    0x00005b26   0x00005b26   0x00000064   Code   RO         1074    x$fpl$retnan        fz_wm.l(retnan.o)
    0x00005b8a   0x00005b8a   0x0000005c   Code   RO          941    x$fpl$scalbn        fz_wm.l(scalbn.o)
    0x00005be6   0x00005be6   0x00000030   Code   RO         1128    x$fpl$trapveneer    fz_wm.l(trapv.o)
    0x00005c16   0x00005c16   0x00000000   Code   RO          943    x$fpl$usenofp       fz_wm.l(usenofp.o)
    0x00005c16   0x00005c16   0x00000002   PAD
    0x00005c18   0x00005c18   0x00000095   Data   RO            7    .constdata          adc_lpc40xx.o
    0x00005cad   0x00005cad   0x00000003   PAD
    0x00005cb0   0x00005cb0   0x00000e14   Data   RO          113    .constdata          font_8x16.o
    0x00006ac4   0x00006ac4   0x00002a14   Data   RO          122    .constdata          font_12x24.o
    0x000094d8   0x000094d8   0x00003814   Data   RO          131    .constdata          font_16x32.o
    0x0000ccec   0x0000ccec   0x0000002f   Data   RO          171    .constdata          glcd.o
    0x0000cd1b   0x0000cd1b   0x000000b7   Data   RO          604    .constdata          timer_lpc40xx.o
    0x0000cdd2   0x0000cdd2   0x00000011   Data   RO          778    .constdata          c_w.l(__printf_flags_ss_wp.o)
    0x0000cde3   0x0000cde3   0x00000005   PAD
    0x0000cde8   0x0000cde8   0x00000038   Data   RO          810    .constdata          m_wm.l(log.o)
    0x0000ce20   0x0000ce20   0x00000088   Data   RO          824    .constdata          m_wm.l(pow.o)
    0x0000cea8   0x0000cea8   0x00000008   Data   RO          857    .constdata          c_w.l(_printf_wctomb.o)
    0x0000ceb0   0x0000ceb0   0x00000028   Data   RO          886    .constdata          c_w.l(_printf_hex_int_ll_ptr.o)
    0x0000ced8   0x0000ced8   0x00000008   Data   RO          968    .constdata          m_wm.l(qnan.o)
    0x0000cee0   0x0000cee0   0x00000026   Data   RO         1006    .constdata          c_w.l(_printf_fp_hex.o)
    0x0000cf06   0x0000cf06   0x00000002   PAD
    0x0000cf08   0x0000cf08   0x00000094   Data   RO         1037    .constdata          c_w.l(bigflt0.o)
    0x0000cf9c   0x0000cf9c   0x00000020   Data   RO         1203    Region$$Table       anon$$obj.o
    0x0000cfbc   0x0000cfbc   0x0000001c   Data   RO         1061    locale$$data        c_w.l(lc_numeric_c.o)
    0x0000cfd8   0x0000cfd8   0x00000110   Data   RO         1078    locale$$data        c_w.l(lc_ctype_c.o)


    Execution Region RW_IRAM1 (Exec base: 0x10000000, Load base: 0x0000d0e8, Size: 0x000004a8, Max: 0x00010000, ABSOLUTE)

    Exec Addr    Load Addr    Size         Type   Attr      Idx    E Section Name        Object

    0x10000000   0x0000d0e8   0x0000002c   Data   RW          172    .data               glcd.o
    0x1000002c   0x0000d114   0x00000008   Data   RW          541    .data               sdram.o
    0x10000034   0x0000d11c   0x00000010   Data   RW          699    .data               system_lpc407x_8x_177x_8x.o
    0x10000044        -       0x00000060   Zero   RW         1023    .bss                c_w.l(libspace.o)
    0x100000a4   0x0000d12c   0x00000004   PAD
    0x100000a8        -       0x00000000   Zero   RW          682    HEAP                startup_lpc407x_8x_177x_8x.o
    0x100000a8        -       0x00000400   Zero   RW          681    STACK               startup_lpc407x_8x_177x_8x.o


==============================================================================

Image component sizes


      Code (inc. data)   RO Data    RW Data    ZI Data      Debug   Object Name

       596        294        149          0          0      29763   adc_lpc40xx.o
       204         54          0          0          0       8370   error.o
         0          0      10772          0          0        542   font_12x24.o
         0          0      14356          0          0        542   font_16x32.o
         0          0       3604          0          0        536   font_8x16.o
      2374        256         47         44          0      13731   glcd.o
       320         66          0          0          0        863   main.o
      1838         76          0          8          0       5712   sdram.o
        64         26        228          0       1024       1144   startup_lpc407x_8x_177x_8x.o
      1592        104          0         16          0       8783   system_lpc407x_8x_177x_8x.o
       352         58          0          0          0        853   termistor_ntc.o
       476        202        183          0          0       5621   timer_lpc40xx.o

    ----------------------------------------------------------------------
      7822       1136      29374         68       1024      76460   Object Totals
         0          0         32          0          0          0   (incl. Generated)
         6          0          3          0          0          0   (incl. Padding)

    ----------------------------------------------------------------------

      Code (inc. data)   RO Data    RW Data    ZI Data      Debug   Library Member Name

        56          6          0          0          0         88   __2snprintf.o
         8          0          0          0          0         68   __main.o
       392          4         17          0          0         92   __printf_flags_ss_wp.o
        14          0          0          0          0         68   __printf_wp.o
         0          0          0          0          0          0   __rtentry.o
        12          0          0          0          0          0   __rtentry2.o
         6          0          0          0          0          0   __rtentry4.o
        52          8          0          0          0          0   __scatter.o
        26          0          0          0          0          0   __scatter_copy.o
        28          0          0          0          0          0   __scatter_zi.o
         6          0          0          0          0          0   _printf_a.o
         6          0          0          0          0          0   _printf_c.o
        44          0          0          0          0        108   _printf_char.o
        48          6          0          0          0         96   _printf_char_common.o
        36          4          0          0          0         80   _printf_char_file.o
        40          0          0          0          0         68   _printf_charcount.o
         6          0          0          0          0          0   _printf_d.o
       120         16          0          0          0         92   _printf_dec.o
         6          0          0          0          0          0   _printf_e.o
         6          0          0          0          0          0   _printf_f.o
      1054          0          0          0          0        216   _printf_fp_dec.o
       764          8         38          0          0        100   _printf_fp_hex.o
       128         16          0          0          0         84   _printf_fp_infnan.o
         6          0          0          0          0          0   _printf_g.o
       148          4         40          0          0        160   _printf_hex_int_ll_ptr.o
         6          0          0          0          0          0   _printf_i.o
       178          0          0          0          0         88   _printf_intcommon.o
        10          0          0          0          0          0   _printf_l.o
         6          0          0          0          0          0   _printf_lc.o
        10          0          0          0          0          0   _printf_ll.o
         6          0          0          0          0          0   _printf_lld.o
         6          0          0          0          0          0   _printf_lli.o
         6          0          0          0          0          0   _printf_llo.o
         6          0          0          0          0          0   _printf_llu.o
         6          0          0          0          0          0   _printf_llx.o
       124         16          0          0          0         92   _printf_longlong_dec.o
         6          0          0          0          0          0   _printf_ls.o
         6          0          0          0          0          0   _printf_n.o
         6          0          0          0          0          0   _printf_o.o
       112         10          0          0          0        124   _printf_oct_int_ll.o
         6          0          0          0          0          0   _printf_p.o
        78          0          0          0          0        108   _printf_pad.o
         0          0          0          0          0          0   _printf_percent.o
         4          0          0          0          0          0   _printf_percent_end.o
         6          0          0          0          0          0   _printf_s.o
        82          0          0          0          0         80   _printf_str.o
        36          0          0          0          0         84   _printf_truncate.o
         6          0          0          0          0          0   _printf_u.o
        44          0          0          0          0        108   _printf_wchar.o
       188          6          8          0          0         92   _printf_wctomb.o
         6          0          0          0          0          0   _printf_x.o
        22          0          0          0          0        100   _rserrno.o
        16          0          0          0          0         68   _snputc.o
        10          0          0          0          0         68   _sputc.o
        64          0          0          0          0         92   _wcrtomb.o
       228          4        148          0          0         96   bigflt0.o
      1936        128          0          0          0        672   btod.o
        18          0          0          0          0         80   exit.o
         6          0          0          0          0        152   heapauxi.o
        44         10        272          0          0         76   lc_ctype_c.o
        44         10         28          0          0         76   lc_numeric_c.o
         2          0          0          0          0          0   libinit.o
        34          0          0          0          0          0   libinit2.o
         2          0          0          0          0          0   libshutdown.o
         2          0          0          0          0          0   libshutdown2.o
         8          4          0          0         96         68   libspace.o
       138          0          0          0          0         80   lludiv10.o
        16          4          0          0          0         76   rt_ctype_table.o
         8          4          0          0          0         68   rt_errno_addr_intlibspace.o
         8          4          0          0          0         68   rt_locale_intlibspace.o
       138          0          0          0          0         68   rt_memcpy_v6.o
       100          0          0          0          0         80   rt_memcpy_w.o
       132          0          0          0          0         68   rt_memmove_v6.o
       122          0          0          0          0         80   rt_memmove_w.o
         2          0          0          0          0          0   rtexit.o
        10          0          0          0          0          0   rtexit2.o
       128          0          0          0          0         68   strcmpv7m.o
        74          0          0          0          0         80   sys_stackheap_outer.o
         2          0          0          0          0         68   use_no_semi.o
        12          4          0          0          0         68   vprintf.o
        24          0          0          0          0        164   basic.o
        98          4          0          0          0        140   d2f.o
       826         16          0          0          0        492   daddsub_clz.o
        16          4          0          0          0        116   dcheck1.o
        24          0          0          0          0        116   dcmpi.o
       688        140          0          0          0        256   ddiv.o
       120          4          0          0          0        140   deqf.o
        46          0          0          0          0        116   dflt_clz.o
       120          4          0          0          0        140   dleqf.o
       340         12          0          0          0        152   dmul.o
       156          4          0          0          0        140   dnaninf.o
        12          0          0          0          0        116   dretinf.o
       108          0          0          0          0        128   drleqf.o
       408         56          0          0          0        168   dsqrt_umaal.o
        86          4          0          0          0        132   f2d.o
       140          4          0          0          0        132   fnaninf.o
        10          0          0          0          0        116   fpinit.o
        10          0          0          0          0        116   fretinf.o
         4          0          0          0          0        116   printf1.o
         4          0          0          0          0        116   printf2.o
       100          0          0          0          0        116   retnan.o
        92          0          0          0          0        116   scalbn.o
        48          0          0          0          0        116   trapv.o
         0          0          0          0          0          0   usenofp.o
       184         44          0          0          0        744   dunder.o
        24          0          0          0          0        124   fabs.o
        48          0          0          0          0        124   fpclassify.o
       964         92         56          0          0        316   log.o
       248          0          0          0          0        152   poly.o
      3152        296        136          0          0        352   pow.o
         0          0          8          0          0          0   qnan.o
       110          0          0          0          0        148   sqrt.o

    ----------------------------------------------------------------------
     15526        964        758          0        100       9936   Library Totals
        28          4          7          0          4          0   (incl. Padding)

    ----------------------------------------------------------------------

      Code (inc. data)   RO Data    RW Data    ZI Data      Debug   Library Name

      7288        276        551          0         96       4516   c_w.l
      3480        252          0          0          0       3460   fz_wm.l
      4730        432        200          0          0       1960   m_wm.l

    ----------------------------------------------------------------------
     15526        964        758          0        100       9936   Library Totals

    ----------------------------------------------------------------------

==============================================================================


      Code (inc. data)   RO Data    RW Data    ZI Data      Debug   

     23348       2100      30132         68       1124      77000   Grand Totals
     23348       2100      30132         68       1124      77000   ELF Image Totals
     23348       2100      30132         68          0          0   ROM Totals

==============================================================================

    Total RO  Size (Code + RO Data)                53480 (  52.23kB)
    Total RW  Size (RW Data + ZI Data)              1192 (   1.16kB)
    Total ROM Size (Code + RO Data + RW Data)      53548 (  52.29kB)

==============================================================================

