V3 6
FL C:/Users/Jesus/Xilinx/Proyecto13/FFD.vhd 2017/11/08.11:06:06 P.28xd
EN work/FFD 1510135569 FL C:/Users/Jesus/Xilinx/Proyecto13/FFD.vhd \
      PB ieee/std_logic_1164 1341906176
AR work/FFD/Behavioral 1510135570 \
      FL C:/Users/Jesus/Xilinx/Proyecto13/FFD.vhd EN work/FFD 1510135569
FL C:/Users/Jesus/Xilinx/Proyecto13/FFD_Basic.vhd 2017/11/08.10:35:27 P.28xd
EN work/FFD_Basic 1510135245 FL C:/Users/Jesus/Xilinx/Proyecto13/FFD_Basic.vhd \
      PB ieee/std_logic_1164 1341906176
AR work/FFD_Basic/Behavioral 1510135246 \
      FL C:/Users/Jesus/Xilinx/Proyecto13/FFD_Basic.vhd EN work/FFD_Basic 1510135245
