V3 87
FL C:/Users/Jesus/Xilinx/Proyecto33/ALU_4bits.vhd 2017/10/27.08:34:53 P.28xd
EN work/ALU_4bits 1516188839 FL C:/Users/Jesus/Xilinx/Proyecto33/ALU_4bits.vhd \
      PB ieee/std_logic_1164 1341906176 PB ieee/NUMERIC_STD 1341906182
AR work/ALU_4bits/Behavioral 1516188840 \
      FL C:/Users/Jesus/Xilinx/Proyecto33/ALU_4bits.vhd EN work/ALU_4bits 1516188839
FL C:/Users/Jesus/Xilinx/Proyecto33/CLK_1KHz.vhd 2017/11/15.12:36:40 P.28xd
EN work/CLK_1KHz 1516188863 FL C:/Users/Jesus/Xilinx/Proyecto33/CLK_1KHz.vhd \
      PB ieee/std_logic_1164 1341906176
AR work/CLK_1KHz/Behavioral 1516188864 \
      FL C:/Users/Jesus/Xilinx/Proyecto33/CLK_1KHz.vhd EN work/CLK_1KHz 1516188863
FL C:/Users/Jesus/Xilinx/Proyecto33/ControlUnit_DidaComp.vhd 2018/01/12.09:45:38 P.28xd
EN work/ControlUnit_DidaComp 1516188869 \
      FL C:/Users/Jesus/Xilinx/Proyecto33/ControlUnit_DidaComp.vhd \
      PB ieee/std_logic_1164 1341906176
AR work/ControlUnit_DidaComp/Behavioral 1516188870 \
      FL C:/Users/Jesus/Xilinx/Proyecto33/ControlUnit_DidaComp.vhd \
      EN work/ControlUnit_DidaComp 1516188869
FL C:/Users/Jesus/Xilinx/Proyecto33/Counter_2bits.vhd 2017/11/15.10:32:35 P.28xd
EN work/Counter_2bits 1516188865 \
      FL C:/Users/Jesus/Xilinx/Proyecto33/Counter_2bits.vhd \
      PB ieee/std_logic_1164 1341906176 PB ieee/NUMERIC_STD 1341906182
AR work/Counter_2bits/Behavioral 1516188866 \
      FL C:/Users/Jesus/Xilinx/Proyecto33/Counter_2bits.vhd EN work/Counter_2bits 1516188865
FL C:/Users/Jesus/Xilinx/Proyecto33/DataPath_01.vhd 2017/11/22.11:50:26 P.28xd
EN work/DataPath_01 1516188845 \
      FL C:/Users/Jesus/Xilinx/Proyecto33/DataPath_01.vhd PB ieee/std_logic_1164 1341906176
AR work/DataPath_01/Behavioral 1516188846 \
      FL C:/Users/Jesus/Xilinx/Proyecto33/DataPath_01.vhd EN work/DataPath_01 1516188845 \
      CP Reg_4bits CP ALU_4bits CP FFD
FL C:/Users/Jesus/Xilinx/Proyecto33/DidaComp.vhd 2018/01/17.12:10:54 P.28xd
EN work/DidaComp 1516188875 FL C:/Users/Jesus/Xilinx/Proyecto33/DidaComp.vhd \
      PB ieee/std_logic_1164 1341906176
AR work/DidaComp/Behavioral 1516188876 \
      FL C:/Users/Jesus/Xilinx/Proyecto33/DidaComp.vhd EN work/DidaComp 1516188875 \
      CP ControlUnit_DidaComp CP MicroArq_DidaComp
FL C:/Users/Jesus/Xilinx/Proyecto33/Disp7Seg.vhd 2017/10/18.10:11:35 P.28xd
EN work/Disp7Seg 1516188867 FL C:/Users/Jesus/Xilinx/Proyecto33/Disp7Seg.vhd \
      PB ieee/std_logic_1164 1341906176
AR work/Disp7Seg/Behavioral 1516188868 \
      FL C:/Users/Jesus/Xilinx/Proyecto33/Disp7Seg.vhd EN work/Disp7Seg 1516188867
FL C:/Users/Jesus/Xilinx/Proyecto33/Display7Seg_4ON.vhd 2017/11/22.10:55:11 P.28xd
EN work/Display7Seg_4ON 1516188877 \
      FL C:/Users/Jesus/Xilinx/Proyecto33/Display7Seg_4ON.vhd \
      PB ieee/std_logic_1164 1341906176
AR work/Display7Seg_4ON/Behavioral 1516188878 \
      FL C:/Users/Jesus/Xilinx/Proyecto33/Display7Seg_4ON.vhd \
      EN work/Display7Seg_4ON 1516188877 CP CLK_1KHz CP Counter_2bits CP Disp7Seg
FL C:/Users/Jesus/Xilinx/Proyecto33/FFD.vhd 2017/11/08.11:06:06 P.28xd
EN work/FFD 1516188841 FL C:/Users/Jesus/Xilinx/Proyecto33/FFD.vhd \
      PB ieee/std_logic_1164 1341906176
AR work/FFD/Behavioral 1516188842 \
      FL C:/Users/Jesus/Xilinx/Proyecto33/FFD.vhd EN work/FFD 1516188841
FL C:/Users/Jesus/Xilinx/Proyecto33/Inc_3bits.vhd 2018/01/17.11:42:30 P.28xd
EN work/Inc_3bits 1516188859 FL C:/Users/Jesus/Xilinx/Proyecto33/Inc_3bits.vhd \
      PB ieee/std_logic_1164 1341906176 PB ieee/NUMERIC_STD 1341906182
AR work/Inc_3bits/Behavioral 1516188860 \
      FL C:/Users/Jesus/Xilinx/Proyecto33/Inc_3bits.vhd EN work/Inc_3bits 1516188859
FL C:/Users/Jesus/Xilinx/Proyecto33/MicroArq_DidaComp.vhd 2017/12/20.13:19:03 P.28xd
EN work/MicroArq_DidaComp 1516188871 \
      FL C:/Users/Jesus/Xilinx/Proyecto33/MicroArq_DidaComp.vhd \
      PB ieee/std_logic_1164 1341906176
AR work/MicroArq_DidaComp/Behavioral 1516188872 \
      FL C:/Users/Jesus/Xilinx/Proyecto33/MicroArq_DidaComp.vhd \
      EN work/MicroArq_DidaComp 1516188871 CP ROM_RAM_DataPath_01 CP Reg_3bits \
      CP Inc_3bits CP Mux2_3bits
FL C:/Users/Jesus/Xilinx/Proyecto33/Mux2_3bits.vhd 2017/12/20.12:15:47 P.28xd
EN work/Mux2_3bits 1516188861 FL C:/Users/Jesus/Xilinx/Proyecto33/Mux2_3bits.vhd \
      PB ieee/std_logic_1164 1341906176
AR work/Mux2_3bits/Behavioral 1516188862 \
      FL C:/Users/Jesus/Xilinx/Proyecto33/Mux2_3bits.vhd EN work/Mux2_3bits 1516188861
FL C:/Users/Jesus/Xilinx/Proyecto33/Mux2_4bits.vhd 2017/12/20.12:15:47 P.28xd
EN work/Mux2_4bits 1516188853 FL C:/Users/Jesus/Xilinx/Proyecto33/Mux2_4bits.vhd \
      PB ieee/std_logic_1164 1341906176
AR work/Mux2_4bits/Behavioral 1516188854 \
      FL C:/Users/Jesus/Xilinx/Proyecto33/Mux2_4bits.vhd EN work/Mux2_4bits 1516188853
FL C:/Users/Jesus/Xilinx/Proyecto33/RAM_16x4.vhd 2017/12/13.10:17:19 P.28xd
EN work/RAM_16x4 1516188843 FL C:/Users/Jesus/Xilinx/Proyecto33/RAM_16x4.vhd \
      PB ieee/std_logic_1164 1341906176 PB ieee/NUMERIC_STD 1341906182
AR work/RAM_16x4/Behavioral 1516188844 \
      FL C:/Users/Jesus/Xilinx/Proyecto33/RAM_16x4.vhd EN work/RAM_16x4 1516188843
FL C:/Users/Jesus/Xilinx/Proyecto33/RAM_DataPath_01.vhd 2017/12/01.09:38:22 P.28xd
EN work/RAM_DataPath_01 1516188847 \
      FL C:/Users/Jesus/Xilinx/Proyecto33/RAM_DataPath_01.vhd \
      PB ieee/std_logic_1164 1341906176
AR work/RAM_DataPath_01/Behavioral 1516188848 \
      FL C:/Users/Jesus/Xilinx/Proyecto33/RAM_DataPath_01.vhd \
      EN work/RAM_DataPath_01 1516188847 CP RAM_16x4 CP DataPath_01
FL C:/Users/Jesus/Xilinx/Proyecto33/Reg_10bits.vhd 2017/12/13.10:44:29 P.28xd
EN work/Reg_10bits 1516188851 FL C:/Users/Jesus/Xilinx/Proyecto33/Reg_10bits.vhd \
      PB ieee/std_logic_1164 1341906176
AR work/Reg_10bits/Behavioral 1516188852 \
      FL C:/Users/Jesus/Xilinx/Proyecto33/Reg_10bits.vhd EN work/Reg_10bits 1516188851
FL C:/Users/Jesus/Xilinx/Proyecto33/Reg_3bits.vhd 2017/12/15.09:33:13 P.28xd
EN work/Reg_3bits 1516188857 FL C:/Users/Jesus/Xilinx/Proyecto33/Reg_3bits.vhd \
      PB ieee/std_logic_1164 1341906176
AR work/Reg_3bits/Behavioral 1516188858 \
      FL C:/Users/Jesus/Xilinx/Proyecto33/Reg_3bits.vhd EN work/Reg_3bits 1516188857
FL C:/Users/Jesus/Xilinx/Proyecto33/Reg_4bits.vhd 2017/11/10.09:45:01 P.28xd
EN work/Reg_4bits 1516188837 FL C:/Users/Jesus/Xilinx/Proyecto33/Reg_4bits.vhd \
      PB ieee/std_logic_1164 1341906176
AR work/Reg_4bits/Behavioral 1516188838 \
      FL C:/Users/Jesus/Xilinx/Proyecto33/Reg_4bits.vhd EN work/Reg_4bits 1516188837
FL C:/Users/Jesus/Xilinx/Proyecto33/RisingEdge.vhd 2017/11/08.11:52:10 P.28xd
EN work/RisingEdge 1516188873 FL C:/Users/Jesus/Xilinx/Proyecto33/RisingEdge.vhd \
      PB ieee/std_logic_1164 1341906176
AR work/RisingEdge/Behavioral 1516188874 \
      FL C:/Users/Jesus/Xilinx/Proyecto33/RisingEdge.vhd EN work/RisingEdge 1516188873
FL C:/Users/Jesus/Xilinx/Proyecto33/ROM_8x10.vhd 2017/12/20.12:10:48 P.28xd
EN work/ROM_8x10 1516188849 FL C:/Users/Jesus/Xilinx/Proyecto33/ROM_8x10.vhd \
      PB ieee/std_logic_1164 1341906176 PB ieee/NUMERIC_STD 1341906182
AR work/ROM_8x10/Behavioral 1516188850 \
      FL C:/Users/Jesus/Xilinx/Proyecto33/ROM_8x10.vhd EN work/ROM_8x10 1516188849
FL C:/Users/Jesus/Xilinx/Proyecto33/ROM_RAM_DataPath_01.vhd 2017/12/13.11:08:17 P.28xd
EN work/ROM_RAM_DataPath_01 1516188855 \
      FL C:/Users/Jesus/Xilinx/Proyecto33/ROM_RAM_DataPath_01.vhd \
      PB ieee/std_logic_1164 1341906176
AR work/ROM_RAM_DataPath_01/Behavioral 1516188856 \
      FL C:/Users/Jesus/Xilinx/Proyecto33/ROM_RAM_DataPath_01.vhd \
      EN work/ROM_RAM_DataPath_01 1516188855 CP RAM_DataPath_01 CP ROM_8x10 \
      CP Reg_10bits CP Mux2_4bits
FL C:/Users/Jesus/Xilinx/Proyecto33/TOP05.vhd 2018/01/17.12:33:52 P.28xd
EN work/TOP05 1516188879 FL C:/Users/Jesus/Xilinx/Proyecto33/TOP05.vhd \
      PB ieee/std_logic_1164 1341906176
AR work/TOP05/Behavioral 1516188880 \
      FL C:/Users/Jesus/Xilinx/Proyecto33/TOP05.vhd EN work/TOP05 1516188879 \
      CP RisingEdge CP DidaComp CP Display7Seg_4ON
