AR clk_1khz behavioral C:/Users/Jesus/Xilinx/Proyecto20/CLK_1KHz.vhd sub00/vhpl03 1510745803
EN clk_1khz NULL C:/Users/Jesus/Xilinx/Proyecto20/CLK_1KHz.vhd sub00/vhpl02 1510745802
AR clk_1hz behavioral C:/Users/Jesus/Xilinx/Proyecto20/CLK_1Hz.vhd sub00/vhpl01 1510745209
EN clk_1hz NULL C:/Users/Jesus/Xilinx/Proyecto20/CLK_1Hz.vhd sub00/vhpl00 1510745208
