V3 3
FL C:/Users/Jesus/Xilinx/Proyecto06/Cod2to4_Prior.vhd 2017/10/13.09:47:04 P.28xd
EN work/Cod2to4_Prior 1507880828 \
      FL C:/Users/Jesus/Xilinx/Proyecto06/Cod2to4_Prior.vhd \
      PB ieee/std_logic_1164 1341906176
AR work/Cod2to4_Prior/Behavioral 1507880829 \
      FL C:/Users/Jesus/Xilinx/Proyecto06/Cod2to4_Prior.vhd EN work/Cod2to4_Prior 1507880828
