EN display7seg_4on NULL C:/Users/Jesus/Xilinx/TDComp/Display7Seg_4ON.vhd sub00/vhpl46 1516986829
AR clk_1khz behavioral C:/Users/Jesus/Xilinx/TDComp/CLK_1KHz.vhd sub00/vhpl41 1516986816
EN mux8_4bits NULL C:/Users/Jesus/Xilinx/TDComp/Mux8_4bits.vhd sub00/vhpl05 1516986787
EN deco2to4 NULL C:/Users/Jesus/Xilinx/TDComp/Deco2to4.vhd sub00/vhpl23 1516986805
EN clk_1khz NULL C:/Users/Jesus/Xilinx/TDComp/CLK_1KHz.vhd sub00/vhpl40 1516986815
AR risingedge behavioral C:/Users/Jesus/Xilinx/TDComp/RisingEdge.vhd sub00/vhpl39 1516986826
AR ffd behavioral C:/Users/Jesus/Xilinx/TDComp/FFD.vhd sub00/vhpl10 1516986792
EN ram_16x10 NULL C:/Users/Jesus/Xilinx/TDComp/RAM_16x10.vhd sub00/vhpl15 1516986797
AR banco_registros behavioral C:/Users/Jesus/Xilinx/TDComp/Banco_Registros.vhd sub00/vhpl26 1516986808
AR tdcomp behavioral C:/Users/Jesus/Xilinx/TDComp/TDComp.vhd sub00/vhpl37 1516986828
EN datapath NULL C:/Users/Jesus/Xilinx/TDComp/DataPath.vhd sub00/vhpl21 1516986803
AR reg_10bits behavioral C:/Users/Jesus/Xilinx/TDComp/Reg_10bits.vhd sub00/vhpl12 1516986794
AR ram_banco_datapath behavioral C:/Users/Jesus/Xilinx/TDComp/RAM_Banco_DataPath.vhd sub00/vhpl32 1516986814
EN demux_ram NULL C:/Users/Jesus/Xilinx/TDComp/Demux_RAM.vhd sub00/vhpl13 1516986795
EN mux2_4bits NULL C:/Users/Jesus/Xilinx/TDComp/Mux2_4bits.vhd sub00/vhpl19 1516986801
EN disp7seg NULL C:/Users/Jesus/Xilinx/TDComp/Disp7Seg.vhd sub00/vhpl44 1516986819
AR deco1to2 behavioral C:/Users/Jesus/Xilinx/TDComp/Deco1to2.vhd sub00/vhpl18 1516986800
EN ffd NULL C:/Users/Jesus/Xilinx/TDComp/FFD.vhd sub00/vhpl09 1516986791
EN deco1to2 NULL C:/Users/Jesus/Xilinx/TDComp/Deco1to2.vhd sub00/vhpl17 1516986799
AR disp7seg behavioral C:/Users/Jesus/Xilinx/TDComp/Disp7Seg.vhd sub00/vhpl45 1516986820
AR reg_4bits behavioral C:/Users/Jesus/Xilinx/TDComp/Reg_4bits.vhd sub00/vhpl04 1516986786
EN pc_ram_bancodatapath NULL C:/Users/Jesus/Xilinx/TDComp/PC_RAM_BancoDataPath.vhd sub00/vhpl33 1516986823
EN top NULL C:/Users/Jesus/Xilinx/TDComp/TOP.vhd sub00/vhpl48 1516986831
EN counter_2bits NULL C:/Users/Jesus/Xilinx/TDComp/Counter_2bits.vhd sub00/vhpl42 1516986817
EN risingedge NULL C:/Users/Jesus/Xilinx/TDComp/RisingEdge.vhd sub00/vhpl38 1516986825
AR mux8_4bits behavioral C:/Users/Jesus/Xilinx/TDComp/Mux8_4bits.vhd sub00/vhpl06 1516986788
AR display7seg_4on behavioral C:/Users/Jesus/Xilinx/TDComp/Display7Seg_4ON.vhd sub00/vhpl47 1516986830
EN inc_4bits NULL C:/Users/Jesus/Xilinx/TDComp/Inc_4bits.vhd sub00/vhpl27 1516986809
AR deco2to4 behavioral C:/Users/Jesus/Xilinx/TDComp/Deco2to4.vhd sub00/vhpl24 1516986806
EN banco_registros NULL C:/Users/Jesus/Xilinx/TDComp/Banco_Registros.vhd sub00/vhpl25 1516986807
AR pc_ram_bancodatapath behavioral C:/Users/Jesus/Xilinx/TDComp/PC_RAM_BancoDataPath.vhd sub00/vhpl34 1516986824
EN controlunit NULL C:/Users/Jesus/Xilinx/TDComp/ControlUnit.vhd sub00/vhpl35 1516986821
AR deco3to8 behavioral C:/Users/Jesus/Xilinx/TDComp/Deco3to8.vhd sub00/vhpl02 1516986784
EN deco3to8 NULL C:/Users/Jesus/Xilinx/TDComp/Deco3to8.vhd sub00/vhpl01 1516986783
AR alu behavioral C:/Users/Jesus/Xilinx/TDComp/ALU.vhd sub00/vhpl08 1516986790
AR counter_4bits behavioral C:/Users/Jesus/Xilinx/TDComp/Counter_4bits.vhd sub00/vhpl30 1516986812
AR inc_4bits behavioral C:/Users/Jesus/Xilinx/TDComp/Inc_4bits.vhd sub00/vhpl28 1516986810
AR counter_2bits behavioral C:/Users/Jesus/Xilinx/TDComp/Counter_2bits.vhd sub00/vhpl43 1516986818
EN reg_10bits NULL C:/Users/Jesus/Xilinx/TDComp/Reg_10bits.vhd sub00/vhpl11 1516986793
AR datapath behavioral C:/Users/Jesus/Xilinx/TDComp/DataPath.vhd sub00/vhpl22 1516986804
EN ram_banco_datapath NULL C:/Users/Jesus/Xilinx/TDComp/RAM_Banco_DataPath.vhd sub00/vhpl31 1516986813
AR controlunit behavioral C:/Users/Jesus/Xilinx/TDComp/ControlUnit.vhd sub00/vhpl36 1516986822
EN reg_4bits NULL C:/Users/Jesus/Xilinx/TDComp/Reg_4bits.vhd sub00/vhpl03 1516986785
AR top behavioral C:/Users/Jesus/Xilinx/TDComp/TOP.vhd sub00/vhpl49 1516986832
AR demux_ram behavioral C:/Users/Jesus/Xilinx/TDComp/Demux_RAM.vhd sub00/vhpl14 1516986796
AR mux2_4bits behavioral C:/Users/Jesus/Xilinx/TDComp/Mux2_4bits.vhd sub00/vhpl20 1516986802
AR ram_16x10 behavioral C:/Users/Jesus/Xilinx/TDComp/RAM_16x10.vhd sub00/vhpl16 1516986798
EN alu NULL C:/Users/Jesus/Xilinx/TDComp/ALU.vhd sub00/vhpl07 1516986789
EN counter_4bits NULL C:/Users/Jesus/Xilinx/TDComp/Counter_4bits.vhd sub00/vhpl29 1516986811
EN tdcomp NULL C:/Users/Jesus/Xilinx/TDComp/TDComp.vhd sub00/vhpl00 1516986827
