EN counter_2bits NULL C:/Users/Jesus/Xilinx/Proyecto18/Counter_2bits.vhd sub00/vhpl00 1510739282
EN counter_nbits NULL C:/Users/Jesus/Xilinx/Proyecto18/Counter_Nbits.vhd sub00/vhpl02 1510739688
AR counter_2bits behavioral C:/Users/Jesus/Xilinx/Proyecto18/Counter_2bits.vhd sub00/vhpl01 1510739283
AR counter_nbits behavioral C:/Users/Jesus/Xilinx/Proyecto18/Counter_Nbits.vhd sub00/vhpl03 1510739689
