EN ram_16x4 NULL C:/Users/Jesus/Xilinx/Proyecto28/RAM_16x4.vhd sub00/vhpl07 1513163692
EN display7seg_4on NULL C:/Users/Jesus/Xilinx/Proyecto28/Display7Seg_4ON.vhd sub00/vhpl26 1513163712
AR clk_1khz behavioral C:/Users/Jesus/Xilinx/Proyecto28/CLK_1KHz.vhd sub00/vhpl21 1513163697
EN clk_1khz NULL C:/Users/Jesus/Xilinx/Proyecto28/CLK_1KHz.vhd sub00/vhpl20 1513163696
AR alu_4bits behavioral C:/Users/Jesus/Xilinx/Proyecto28/ALU_4bits.vhd sub00/vhpl04 1513163689
AR ffd behavioral C:/Users/Jesus/Xilinx/Proyecto28/FFD.vhd sub00/vhpl06 1513163691
EN datapath_01 NULL C:/Users/Jesus/Xilinx/Proyecto28/DataPath_01.vhd sub00/vhpl09 1513163694
AR ram_datapath_01 behavioral C:/Users/Jesus/Xilinx/Proyecto28/RAM_DataPath_01.vhd sub00/vhpl12 1513163703
AR rom_ram_datapath_01 behavioral C:/Users/Jesus/Xilinx/Proyecto28/ROM_RAM_DataPath_01.vhd sub00/vhpl19 1513163711
AR reg_10bits behavioral C:/Users/Jesus/Xilinx/Proyecto28/Reg_10bits.vhd sub00/vhpl16 1513163707
EN mux2_4bits NULL C:/Users/Jesus/Xilinx/Proyecto28/Mux2_4bits.vhd sub00/vhpl17 1513163708
EN disp7seg NULL C:/Users/Jesus/Xilinx/Proyecto28/Disp7Seg.vhd sub00/vhpl24 1513163700
AR datapath_01 behavioral C:/Users/Jesus/Xilinx/Proyecto28/DataPath_01.vhd sub00/vhpl10 1513163695
EN ffd NULL C:/Users/Jesus/Xilinx/Proyecto28/FFD.vhd sub00/vhpl05 1513163690
AR rom_8x10 behavioral C:/Users/Jesus/Xilinx/Proyecto28/ROM_8x10.vhd sub00/vhpl14 1513163705
AR disp7seg behavioral C:/Users/Jesus/Xilinx/Proyecto28/Disp7Seg.vhd sub00/vhpl25 1513163701
AR reg_4bits behavioral C:/Users/Jesus/Xilinx/Proyecto28/Reg_4bits.vhd sub00/vhpl02 1513163687
AR top03 behavioral C:/Users/Jesus/Xilinx/Proyecto28/TOP03.vhd sub00/vhpl29 1513163715
EN counter_2bits NULL C:/Users/Jesus/Xilinx/Proyecto28/Counter_2bits.vhd sub00/vhpl22 1513163698
EN rom_ram_datapath_01 NULL C:/Users/Jesus/Xilinx/Proyecto28/ROM_RAM_DataPath_01.vhd sub00/vhpl00 1513163710
EN alu_4bits NULL C:/Users/Jesus/Xilinx/Proyecto28/ALU_4bits.vhd sub00/vhpl03 1513163688
EN ram_datapath_01 NULL C:/Users/Jesus/Xilinx/Proyecto28/RAM_DataPath_01.vhd sub00/vhpl11 1513163702
EN top03 NULL C:/Users/Jesus/Xilinx/Proyecto28/TOP03.vhd sub00/vhpl28 1513163714
AR display7seg_4on behavioral C:/Users/Jesus/Xilinx/Proyecto28/Display7Seg_4ON.vhd sub00/vhpl27 1513163713
AR ram_16x4 behavioral C:/Users/Jesus/Xilinx/Proyecto28/RAM_16x4.vhd sub00/vhpl08 1513163693
EN rom_8x10 NULL C:/Users/Jesus/Xilinx/Proyecto28/ROM_8x10.vhd sub00/vhpl13 1513163704
AR counter_2bits behavioral C:/Users/Jesus/Xilinx/Proyecto28/Counter_2bits.vhd sub00/vhpl23 1513163699
EN reg_10bits NULL C:/Users/Jesus/Xilinx/Proyecto28/Reg_10bits.vhd sub00/vhpl15 1513163706
EN reg_4bits NULL C:/Users/Jesus/Xilinx/Proyecto28/Reg_4bits.vhd sub00/vhpl01 1513163686
AR mux2_4bits behavioral C:/Users/Jesus/Xilinx/Proyecto28/Mux2_4bits.vhd sub00/vhpl18 1513163709
