V3 59
FL C:/Users/Jesus/Xilinx/Proyecto28/ALU_4bits.vhd 2017/10/27.08:34:53 P.28xd
EN work/ALU_4bits 1513163688 FL C:/Users/Jesus/Xilinx/Proyecto28/ALU_4bits.vhd \
      PB ieee/std_logic_1164 1341906176 PB ieee/NUMERIC_STD 1341906182
AR work/ALU_4bits/Behavioral 1513163689 \
      FL C:/Users/Jesus/Xilinx/Proyecto28/ALU_4bits.vhd EN work/ALU_4bits 1513163688
FL C:/Users/Jesus/Xilinx/Proyecto28/CLK_1KHz.vhd 2017/11/15.12:36:40 P.28xd
EN work/CLK_1KHz 1513163696 FL C:/Users/Jesus/Xilinx/Proyecto28/CLK_1KHz.vhd \
      PB ieee/std_logic_1164 1341906176
AR work/CLK_1KHz/Behavioral 1513163697 \
      FL C:/Users/Jesus/Xilinx/Proyecto28/CLK_1KHz.vhd EN work/CLK_1KHz 1513163696
FL C:/Users/Jesus/Xilinx/Proyecto28/Counter_2bits.vhd 2017/11/15.10:32:35 P.28xd
EN work/Counter_2bits 1513163698 \
      FL C:/Users/Jesus/Xilinx/Proyecto28/Counter_2bits.vhd \
      PB ieee/std_logic_1164 1341906176 PB ieee/NUMERIC_STD 1341906182
AR work/Counter_2bits/Behavioral 1513163699 \
      FL C:/Users/Jesus/Xilinx/Proyecto28/Counter_2bits.vhd EN work/Counter_2bits 1513163698
FL C:/Users/Jesus/Xilinx/Proyecto28/DataPath_01.vhd 2017/11/22.11:50:26 P.28xd
EN work/DataPath_01 1513163694 \
      FL C:/Users/Jesus/Xilinx/Proyecto28/DataPath_01.vhd PB ieee/std_logic_1164 1341906176
AR work/DataPath_01/Behavioral 1513163695 \
      FL C:/Users/Jesus/Xilinx/Proyecto28/DataPath_01.vhd EN work/DataPath_01 1513163694 \
      CP Reg_4bits CP ALU_4bits CP FFD
FL C:/Users/Jesus/Xilinx/Proyecto28/Disp7Seg.vhd 2017/10/18.10:11:35 P.28xd
EN work/Disp7Seg 1513163700 FL C:/Users/Jesus/Xilinx/Proyecto28/Disp7Seg.vhd \
      PB ieee/std_logic_1164 1341906176
AR work/Disp7Seg/Behavioral 1513163701 \
      FL C:/Users/Jesus/Xilinx/Proyecto28/Disp7Seg.vhd EN work/Disp7Seg 1513163700
FL C:/Users/Jesus/Xilinx/Proyecto28/Display7Seg_4ON.vhd 2017/11/22.10:55:11 P.28xd
EN work/Display7Seg_4ON 1513163712 \
      FL C:/Users/Jesus/Xilinx/Proyecto28/Display7Seg_4ON.vhd \
      PB ieee/std_logic_1164 1341906176
AR work/Display7Seg_4ON/Behavioral 1513163713 \
      FL C:/Users/Jesus/Xilinx/Proyecto28/Display7Seg_4ON.vhd \
      EN work/Display7Seg_4ON 1513163712 CP CLK_1KHz CP Counter_2bits CP Disp7Seg
FL C:/Users/Jesus/Xilinx/Proyecto28/FFD.vhd 2017/11/08.11:06:06 P.28xd
EN work/FFD 1513163690 FL C:/Users/Jesus/Xilinx/Proyecto28/FFD.vhd \
      PB ieee/std_logic_1164 1341906176
AR work/FFD/Behavioral 1513163691 \
      FL C:/Users/Jesus/Xilinx/Proyecto28/FFD.vhd EN work/FFD 1513163690
FL C:/Users/Jesus/Xilinx/Proyecto28/Mux2_4bits.vhd 2017/10/18.10:25:33 P.28xd
EN work/Mux2_4bits 1513163708 FL C:/Users/Jesus/Xilinx/Proyecto28/Mux2_4bits.vhd \
      PB ieee/std_logic_1164 1341906176
AR work/Mux2_4bits/Behavioral 1513163709 \
      FL C:/Users/Jesus/Xilinx/Proyecto28/Mux2_4bits.vhd EN work/Mux2_4bits 1513163708
FL C:/Users/Jesus/Xilinx/Proyecto28/RAM_16x4.vhd 2017/12/13.10:17:19 P.28xd
EN work/RAM_16x4 1513163692 FL C:/Users/Jesus/Xilinx/Proyecto28/RAM_16x4.vhd \
      PB ieee/std_logic_1164 1341906176 PB ieee/NUMERIC_STD 1341906182
AR work/RAM_16x4/Behavioral 1513163693 \
      FL C:/Users/Jesus/Xilinx/Proyecto28/RAM_16x4.vhd EN work/RAM_16x4 1513163692
FL C:/Users/Jesus/Xilinx/Proyecto28/RAM_DataPath_01.vhd 2017/12/01.09:38:22 P.28xd
EN work/RAM_DataPath_01 1513163702 \
      FL C:/Users/Jesus/Xilinx/Proyecto28/RAM_DataPath_01.vhd \
      PB ieee/std_logic_1164 1341906176
AR work/RAM_DataPath_01/Behavioral 1513163703 \
      FL C:/Users/Jesus/Xilinx/Proyecto28/RAM_DataPath_01.vhd \
      EN work/RAM_DataPath_01 1513163702 CP RAM_16x4 CP DataPath_01
FL C:/Users/Jesus/Xilinx/Proyecto28/Reg_10bits.vhd 2017/12/13.10:44:29 P.28xd
EN work/Reg_10bits 1513163706 FL C:/Users/Jesus/Xilinx/Proyecto28/Reg_10bits.vhd \
      PB ieee/std_logic_1164 1341906176
AR work/Reg_10bits/Behavioral 1513163707 \
      FL C:/Users/Jesus/Xilinx/Proyecto28/Reg_10bits.vhd EN work/Reg_10bits 1513163706
FL C:/Users/Jesus/Xilinx/Proyecto28/Reg_4bits.vhd 2017/11/10.09:45:01 P.28xd
EN work/Reg_4bits 1513163686 FL C:/Users/Jesus/Xilinx/Proyecto28/Reg_4bits.vhd \
      PB ieee/std_logic_1164 1341906176
AR work/Reg_4bits/Behavioral 1513163687 \
      FL C:/Users/Jesus/Xilinx/Proyecto28/Reg_4bits.vhd EN work/Reg_4bits 1513163686
FL C:/Users/Jesus/Xilinx/Proyecto28/ROM_8x10.vhd 2017/12/05.09:53:33 P.28xd
EN work/ROM_8x10 1513163704 FL C:/Users/Jesus/Xilinx/Proyecto28/ROM_8x10.vhd \
      PB ieee/std_logic_1164 1341906176 PB ieee/NUMERIC_STD 1341906182
AR work/ROM_8x10/Behavioral 1513163705 \
      FL C:/Users/Jesus/Xilinx/Proyecto28/ROM_8x10.vhd EN work/ROM_8x10 1513163704
FL C:/Users/Jesus/Xilinx/Proyecto28/ROM_RAM_DataPath_01.vhd 2017/12/13.11:08:17 P.28xd
EN work/ROM_RAM_DataPath_01 1513163710 \
      FL C:/Users/Jesus/Xilinx/Proyecto28/ROM_RAM_DataPath_01.vhd \
      PB ieee/std_logic_1164 1341906176
AR work/ROM_RAM_DataPath_01/Behavioral 1513163711 \
      FL C:/Users/Jesus/Xilinx/Proyecto28/ROM_RAM_DataPath_01.vhd \
      EN work/ROM_RAM_DataPath_01 1513163710 CP RAM_DataPath_01 CP ROM_8x10 \
      CP Reg_10bits CP Mux2_4bits
FL C:/Users/Jesus/Xilinx/Proyecto28/TOP03.vhd 2017/12/13.12:14:41 P.28xd
EN work/TOP03 1513163714 FL C:/Users/Jesus/Xilinx/Proyecto28/TOP03.vhd \
      PB ieee/std_logic_1164 1341906176
AR work/TOP03/Behavioral 1513163715 \
      FL C:/Users/Jesus/Xilinx/Proyecto28/TOP03.vhd EN work/TOP03 1513163714 \
      CP ROM_RAM_DataPath_01 CP Display7Seg_4ON
