V3 3
FL C:/Users/Jesus/Xilinx/Proyecto05/Deco2to4.vhd 2017/10/13.09:08:59 P.28xd
EN work/Deco2to4 1507878543 FL C:/Users/Jesus/Xilinx/Proyecto05/Deco2to4.vhd \
      PB ieee/std_logic_1164 1341906176
AR work/Deco2to4/Behavioral 1507878544 \
      FL C:/Users/Jesus/Xilinx/Proyecto05/Deco2to4.vhd EN work/Deco2to4 1507878543
