AR reg_10bits behavioral C:/Users/Jesus/Xilinx/Proyecto17/Reg_10bits.vhd sub00/vhpl03 1513158272
AR reg_4bits behavioral C:/Users/Jesus/Xilinx/Proyecto17/Reg_4bits.vhd sub00/vhpl01 1510303505
EN reg_3bits NULL C:/Users/Jesus/Xilinx/Proyecto17/Reg_3bits.vhd sub00/vhpl04 1513326795
EN reg_10bits NULL C:/Users/Jesus/Xilinx/Proyecto17/Reg_10bits.vhd sub00/vhpl02 1513158271
EN reg_4bits NULL C:/Users/Jesus/Xilinx/Proyecto17/Reg_4bits.vhd sub00/vhpl00 1510303504
AR reg_3bits behavioral C:/Users/Jesus/Xilinx/Proyecto17/Reg_3bits.vhd sub00/vhpl05 1513326796
