<html>
<body>
<pre>
<h1>µVision Build Log</h1>
<h2>Tool Versions:</h2>
IDE-Version: µVision V5.24.2.0
Copyright (C) 2017 ARM Ltd and ARM Germany GmbH. All rights reserved.
License Information: Jesús Rodríguez Heras, uca, LIC=----
 
Tool Versions:
Toolchain:       MDK-ARM Professional  Version: 5.24.1
Toolchain Path:  C:\Keil_v5\ARM\ARMCC\Bin
C Compiler:      Armcc.exe V5.06 update 5 (build 528)
Assembler:       Armasm.exe V5.06 update 5 (build 528)
Linker/Locator:  ArmLink.exe V5.06 update 5 (build 528)
Library Manager: ArmAr.exe V5.06 update 5 (build 528)
Hex Converter:   FromElf.exe V5.06 update 5 (build 528)
CPU DLL:         SARMCM3.DLL V5.24.1
Dialog DLL:      DCM.DLL V1.16.0.0
Target DLL:      Segger\JL2CM3.dll V2.99.26.0
Dialog DLL:      TCM.DLL V1.32.0.0
 
<h2>Project:</h2>
C:\Users\Jesus\Documents\DBM\Practica7\Ejercicio1\tetris_ea_lpc4088_incompleto\tetris.uvprojx
Project File Date:  11/28/2017

<h2>Output:</h2>
*** Using Compiler 'V5.06 update 5 (build 528)', folder: 'C:\Keil_v5\ARM\ARMCC\Bin'
Build target 'Target 1'
compiling bloque.c...
compiling font_8x16.c...
compiling cuveta.c...
compiling font_12x24.c...
compiling font_16x32.c...
compiling juego.c...
compiling joystick.c...
compiling glcd.c...
compiling marcador.c...
compiling leds.c...
compiling menu.c...
compiling main.c...
compiling pieza.c...
compiling tablero.c...
compiling timer0.c...
compiling timer1.c...
compiling sdram.c...
assembling startup_LPC407x_8x_177x_8x.s...
compiling error.c...
compiling gpio_lpc40xx.c...
compiling system_LPC407x_8x_177x_8x.c...
linking...
Program Size: Code=16902 RO-data=30242 RW-data=504 ZI-data=2096  
".\Objects\tetris.axf" - 0 Error(s), 0 Warning(s).

<h2>Software Packages used:</h2>

Package Vendor: ARM
                http://www.keil.com/pack/ARM.CMSIS.5.0.1.pack
                ARM.CMSIS.5.0.1
                CMSIS (Cortex Microcontroller Software Interface Standard)
   * Component: CORE Version: 5.0.1

Package Vendor: Keil
                http://www.keil.com/pack/Keil.LPC4000_DFP.2.0.0.pack
                Keil.LPC4000_DFP.2.0.0
                NXP LPC4000 Series Device Support
   * Component: Startup Version: 1.0.1

<h2>Collection of Component include folders:</h2>
  .\RTE\Device\LPC4088FET208
  .\RTE\_Target_1
  C:\Keil_v5\ARM\PACK\ARM\CMSIS\5.0.1\CMSIS\Include
  C:\Keil_v5\ARM\PACK\Keil\LPC4000_DFP\2.0.0\Device\Include

<h2>Collection of Component Files used:</h2>

   * Component: Keil::Device:Startup:1.0.1
      Source file:   Device\Source\ARM\startup_LPC407x_8x_177x_8x.s
      Include file:  Device\Include\LPC407x_8x_177x_8x.h
      Source file:   Device\Source\system_LPC407x_8x_177x_8x.c
      Include file:  RTE_Driver\Config\RTE_Device.h

   * Component: ARM::CMSIS:CORE:5.0.1
Build Time Elapsed:  00:00:03
</pre>
</body>
</html>
