EN mux2_3bits NULL C:/Users/Jesus/Xilinx/Proyecto07/Mux2_3bits.vhd sub00/vhpl02 1508485422
EN mux2_4bits NULL C:/Users/Jesus/Xilinx/Proyecto07/Mux2_4bits.vhd sub00/vhpl00 1508485302
AR mux2_3bits behavioral C:/Users/Jesus/Xilinx/Proyecto07/Mux2_3bits.vhd sub00/vhpl03 1508485423
AR mux2_4bits behavioral C:/Users/Jesus/Xilinx/Proyecto07/Mux2_4bits.vhd sub00/vhpl01 1508485303
