V3 3
FL C:/Users/TDC/Xilinx/switch_on_led.vhd 2017/09/27.12:01:19 P.28xd
EN work/switch_on_led 1506506481 FL C:/Users/TDC/Xilinx/switch_on_led.vhd \
      PB ieee/std_logic_1164 1341906176
AR work/switch_on_led/Behavioral 1506506482 \
      FL C:/Users/TDC/Xilinx/switch_on_led.vhd EN work/switch_on_led 1506506481
