V3 11
FL C:/Users/Jesus/Xilinx/Proyecto16/ON_OFF.vhd 2017/11/10.09:39:33 P.28xd
EN work/ON_OFF 1510303180 FL C:/Users/Jesus/Xilinx/Proyecto16/ON_OFF.vhd \
      PB ieee/std_logic_1164 1341906176
AR work/ON_OFF/Behavioral 1510303181 \
      FL C:/Users/Jesus/Xilinx/Proyecto16/ON_OFF.vhd EN work/ON_OFF 1510303180 \
      CP RisingEdge CP Toggle
FL C:/Users/Jesus/Xilinx/Proyecto16/RisingEdge.vhd 2017/11/08.11:52:10 P.28xd
EN work/RisingEdge 1510303176 FL C:/Users/Jesus/Xilinx/Proyecto16/RisingEdge.vhd \
      PB ieee/std_logic_1164 1341906176
AR work/RisingEdge/Behavioral 1510303177 \
      FL C:/Users/Jesus/Xilinx/Proyecto16/RisingEdge.vhd EN work/RisingEdge 1510303176
FL C:/Users/Jesus/Xilinx/Proyecto16/Toggle.vhd 2017/11/08.11:20:22 P.28xd
EN work/Toggle 1510303178 FL C:/Users/Jesus/Xilinx/Proyecto16/Toggle.vhd \
      PB ieee/std_logic_1164 1341906176
AR work/Toggle/Behavioral 1510303179 \
      FL C:/Users/Jesus/Xilinx/Proyecto16/Toggle.vhd EN work/Toggle 1510303178
