V3 6
FL C:/Users/Jesus/Xilinx/Proyecto03/mux2_1bit.vhd 2017/10/11.11:36:43 P.28xd
EN work/mux2_1bit 1507714615 FL C:/Users/Jesus/Xilinx/Proyecto03/mux2_1bit.vhd \
      PB ieee/std_logic_1164 1341906176
AR work/mux2_1bit/Behavioral 1507714616 \
      FL C:/Users/Jesus/Xilinx/Proyecto03/mux2_1bit.vhd EN work/mux2_1bit 1507714615
FL C:/Users/Jesus/Xilinx/Proyecto03/mux2_df_1bit.vhd 2017/10/11.10:54:02 P.28xd
EN work/mux2_df_1bit 1507712063 \
      FL C:/Users/Jesus/Xilinx/Proyecto03/mux2_df_1bit.vhd PB ieee/std_logic_1164 1341906176
AR work/mux2_df_1bit/Dataflow 1507712064 \
      FL C:/Users/Jesus/Xilinx/Proyecto03/mux2_df_1bit.vhd EN work/mux2_df_1bit 1507712063
