AR and_gate behavioral C:/Users/Jesus/Xilinx/Proyecto01/and_gate.vhd sub00/vhpl01 1508436781
EN and_gate_3 NULL C:/Users/Jesus/Xilinx/Proyecto01/and_gate_3.vhd sub00/vhpl02 1508436679
AR and_gate_3 behavioral C:/Users/Jesus/Xilinx/Proyecto01/and_gate_3.vhd sub00/vhpl03 1508436680
EN and_gate NULL C:/Users/Jesus/Xilinx/Proyecto01/and_gate.vhd sub00/vhpl00 1508436780
