V3 6
FL C:/Users/Jesus/Xilinx/Proyecto01/and_gate.vhd 2017/10/19.20:09:08 P.28xd
EN work/and_gate 1508436780 FL C:/Users/Jesus/Xilinx/Proyecto01/and_gate.vhd \
      PB ieee/std_logic_1164 1341906176
AR work/and_gate/Behavioral 1508436781 \
      FL C:/Users/Jesus/Xilinx/Proyecto01/and_gate.vhd EN work/and_gate 1508436780
FL C:/Users/Jesus/Xilinx/Proyecto01/and_gate_3.vhd 2017/10/19.20:11:16 P.28xd
EN work/and_gate_3 1508436679 FL C:/Users/Jesus/Xilinx/Proyecto01/and_gate_3.vhd \
      PB ieee/std_logic_1164 1341906176
AR work/and_gate_3/Behavioral 1508436680 \
      FL C:/Users/Jesus/Xilinx/Proyecto01/and_gate_3.vhd EN work/and_gate_3 1508436679
