EN mux8_4bits NULL C:/Users/Jesus/Xilinx/PFP4/Mux8_4bits.vhd sub00/vhpl04 1516871896
EN deco2to4 NULL C:/Users/Jesus/Xilinx/PFP4/Deco2to4.vhd sub00/vhpl22 1516871914
AR ffd behavioral C:/Users/Jesus/Xilinx/PFP4/FFD.vhd sub00/vhpl09 1516871901
EN ram_16x10 NULL C:/Users/Jesus/Xilinx/PFP4/RAM_16x10.vhd sub00/vhpl14 1516871906
AR banco_registros behavioral C:/Users/Jesus/Xilinx/PFP4/Banco_Registros.vhd sub00/vhpl25 1516871917
EN datapath NULL C:/Users/Jesus/Xilinx/PFP4/DataPath.vhd sub00/vhpl20 1516871912
AR reg_10bits behavioral C:/Users/Jesus/Xilinx/PFP4/Reg_10bits.vhd sub00/vhpl11 1516871903
AR ram_banco_datapath behavioral C:/Users/Jesus/Xilinx/PFP4/RAM_Banco_DataPath.vhd sub00/vhpl27 1516871923
EN demux_ram NULL C:/Users/Jesus/Xilinx/PFP4/Demux_RAM.vhd sub00/vhpl12 1516871904
EN mux2_4bits NULL C:/Users/Jesus/Xilinx/PFP4/Mux2_4bits.vhd sub00/vhpl18 1516871910
AR deco1to2 behavioral C:/Users/Jesus/Xilinx/PFP4/Deco1to2.vhd sub00/vhpl17 1516871909
EN ffd NULL C:/Users/Jesus/Xilinx/PFP4/FFD.vhd sub00/vhpl08 1516871900
EN deco1to2 NULL C:/Users/Jesus/Xilinx/PFP4/Deco1to2.vhd sub00/vhpl16 1516871908
AR reg_4bits behavioral C:/Users/Jesus/Xilinx/PFP4/Reg_4bits.vhd sub00/vhpl03 1516871895
EN pc_ram_bancodatapath NULL C:/Users/Jesus/Xilinx/PFP4/PC_RAM_BancoDataPath.vhd sub00/vhpl32 1516871924
AR mux8_4bits behavioral C:/Users/Jesus/Xilinx/PFP4/Mux8_4bits.vhd sub00/vhpl05 1516871897
EN inc_4bits NULL C:/Users/Jesus/Xilinx/PFP4/Inc_4bits.vhd sub00/vhpl28 1516871918
AR deco2to4 behavioral C:/Users/Jesus/Xilinx/PFP4/Deco2to4.vhd sub00/vhpl23 1516871915
EN banco_registros NULL C:/Users/Jesus/Xilinx/PFP4/Banco_Registros.vhd sub00/vhpl24 1516871916
AR pc_ram_bancodatapath behavioral C:/Users/Jesus/Xilinx/PFP4/PC_RAM_BancoDataPath.vhd sub00/vhpl33 1516871925
AR deco3to8 behavioral C:/Users/Jesus/Xilinx/PFP4/Deco3to8.vhd sub00/vhpl01 1516871893
EN deco3to8 NULL C:/Users/Jesus/Xilinx/PFP4/Deco3to8.vhd sub00/vhpl00 1516871892
AR alu behavioral C:/Users/Jesus/Xilinx/PFP4/ALU.vhd sub00/vhpl07 1516871899
AR counter_4bits behavioral C:/Users/Jesus/Xilinx/PFP4/Counter_4bits.vhd sub00/vhpl31 1516871921
AR inc_4bits behavioral C:/Users/Jesus/Xilinx/PFP4/Inc_4bits.vhd sub00/vhpl29 1516871919
EN reg_10bits NULL C:/Users/Jesus/Xilinx/PFP4/Reg_10bits.vhd sub00/vhpl10 1516871902
AR datapath behavioral C:/Users/Jesus/Xilinx/PFP4/DataPath.vhd sub00/vhpl21 1516871913
EN ram_banco_datapath NULL C:/Users/Jesus/Xilinx/PFP4/RAM_Banco_DataPath.vhd sub00/vhpl26 1516871922
EN reg_4bits NULL C:/Users/Jesus/Xilinx/PFP4/Reg_4bits.vhd sub00/vhpl02 1516871894
AR demux_ram behavioral C:/Users/Jesus/Xilinx/PFP4/Demux_RAM.vhd sub00/vhpl13 1516871905
AR mux2_4bits behavioral C:/Users/Jesus/Xilinx/PFP4/Mux2_4bits.vhd sub00/vhpl19 1516871911
AR ram_16x10 behavioral C:/Users/Jesus/Xilinx/PFP4/RAM_16x10.vhd sub00/vhpl15 1516871907
EN alu NULL C:/Users/Jesus/Xilinx/PFP4/ALU.vhd sub00/vhpl06 1516871898
EN counter_4bits NULL C:/Users/Jesus/Xilinx/PFP4/Counter_4bits.vhd sub00/vhpl30 1516871920
